Component: ARM Compiler 5.06 update 1 (build 61) Tool: armlink [4d35a8]

==============================================================================

Section Cross References

    spirit_aes.o(i.SpiritAesDeriveDecKeyExecuteDec) refers to radio_spi.o(i.RadioSpiCommandStrobes) for RadioSpiCommandStrobes
    spirit_aes.o(i.SpiritAesDeriveDecKeyExecuteDec) refers to spirit_types.o(.data) for g_xStatus
    spirit_aes.o(i.SpiritAesDeriveDecKeyFromEnc) refers to radio_spi.o(i.RadioSpiCommandStrobes) for RadioSpiCommandStrobes
    spirit_aes.o(i.SpiritAesDeriveDecKeyFromEnc) refers to spirit_types.o(.data) for g_xStatus
    spirit_aes.o(i.SpiritAesExecuteDecryption) refers to radio_spi.o(i.RadioSpiCommandStrobes) for RadioSpiCommandStrobes
    spirit_aes.o(i.SpiritAesExecuteDecryption) refers to spirit_types.o(.data) for g_xStatus
    spirit_aes.o(i.SpiritAesExecuteEncryption) refers to radio_spi.o(i.RadioSpiCommandStrobes) for RadioSpiCommandStrobes
    spirit_aes.o(i.SpiritAesExecuteEncryption) refers to spirit_types.o(.data) for g_xStatus
    spirit_aes.o(i.SpiritAesMode) refers to radio_spi.o(i.RadioSpiReadRegisters) for RadioSpiReadRegisters
    spirit_aes.o(i.SpiritAesMode) refers to radio_spi.o(i.RadioSpiWriteRegisters) for RadioSpiWriteRegisters
    spirit_aes.o(i.SpiritAesMode) refers to spirit_types.o(.data) for g_xStatus
    spirit_aes.o(i.SpiritAesReadDataOut) refers to radio_spi.o(i.RadioSpiReadRegisters) for RadioSpiReadRegisters
    spirit_aes.o(i.SpiritAesReadDataOut) refers to spirit_types.o(.data) for g_xStatus
    spirit_aes.o(i.SpiritAesReadKey) refers to radio_spi.o(i.RadioSpiReadRegisters) for RadioSpiReadRegisters
    spirit_aes.o(i.SpiritAesReadKey) refers to spirit_types.o(.data) for g_xStatus
    spirit_aes.o(i.SpiritAesWriteDataIn) refers to radio_spi.o(i.RadioSpiWriteRegisters) for RadioSpiWriteRegisters
    spirit_aes.o(i.SpiritAesWriteDataIn) refers to spirit_types.o(.data) for g_xStatus
    spirit_aes.o(i.SpiritAesWriteKey) refers to radio_spi.o(i.RadioSpiWriteRegisters) for RadioSpiWriteRegisters
    spirit_aes.o(i.SpiritAesWriteKey) refers to spirit_types.o(.data) for g_xStatus
    spirit_calibration.o(i.SpiritCalibrationGetRcoCalWords) refers to radio_spi.o(i.RadioSpiReadRegisters) for RadioSpiReadRegisters
    spirit_calibration.o(i.SpiritCalibrationGetRcoCalWords) refers to spirit_types.o(.data) for g_xStatus
    spirit_calibration.o(i.SpiritCalibrationGetVcoCalData) refers to radio_spi.o(i.RadioSpiReadRegisters) for RadioSpiReadRegisters
    spirit_calibration.o(i.SpiritCalibrationGetVcoCalData) refers to spirit_types.o(.data) for g_xStatus
    spirit_calibration.o(i.SpiritCalibrationGetVcoCalDataRx) refers to radio_spi.o(i.RadioSpiReadRegisters) for RadioSpiReadRegisters
    spirit_calibration.o(i.SpiritCalibrationGetVcoCalDataRx) refers to spirit_types.o(.data) for g_xStatus
    spirit_calibration.o(i.SpiritCalibrationGetVcoCalDataTx) refers to radio_spi.o(i.RadioSpiReadRegisters) for RadioSpiReadRegisters
    spirit_calibration.o(i.SpiritCalibrationGetVcoCalDataTx) refers to spirit_types.o(.data) for g_xStatus
    spirit_calibration.o(i.SpiritCalibrationGetVcoSelecttion) refers to radio_spi.o(i.RadioSpiReadRegisters) for RadioSpiReadRegisters
    spirit_calibration.o(i.SpiritCalibrationRco) refers to radio_spi.o(i.RadioSpiReadRegisters) for RadioSpiReadRegisters
    spirit_calibration.o(i.SpiritCalibrationRco) refers to radio_spi.o(i.RadioSpiWriteRegisters) for RadioSpiWriteRegisters
    spirit_calibration.o(i.SpiritCalibrationRco) refers to spirit_types.o(.data) for g_xStatus
    spirit_calibration.o(i.SpiritCalibrationSelectVco) refers to radio_spi.o(i.RadioSpiReadRegisters) for RadioSpiReadRegisters
    spirit_calibration.o(i.SpiritCalibrationSelectVco) refers to radio_spi.o(i.RadioSpiWriteRegisters) for RadioSpiWriteRegisters
    spirit_calibration.o(i.SpiritCalibrationSetRcoCalWords) refers to radio_spi.o(i.RadioSpiReadRegisters) for RadioSpiReadRegisters
    spirit_calibration.o(i.SpiritCalibrationSetRcoCalWords) refers to radio_spi.o(i.RadioSpiWriteRegisters) for RadioSpiWriteRegisters
    spirit_calibration.o(i.SpiritCalibrationSetRcoCalWords) refers to spirit_types.o(.data) for g_xStatus
    spirit_calibration.o(i.SpiritCalibrationSetVcoCalDataRx) refers to radio_spi.o(i.RadioSpiReadRegisters) for RadioSpiReadRegisters
    spirit_calibration.o(i.SpiritCalibrationSetVcoCalDataRx) refers to radio_spi.o(i.RadioSpiWriteRegisters) for RadioSpiWriteRegisters
    spirit_calibration.o(i.SpiritCalibrationSetVcoCalDataRx) refers to spirit_types.o(.data) for g_xStatus
    spirit_calibration.o(i.SpiritCalibrationSetVcoCalDataTx) refers to radio_spi.o(i.RadioSpiReadRegisters) for RadioSpiReadRegisters
    spirit_calibration.o(i.SpiritCalibrationSetVcoCalDataTx) refers to radio_spi.o(i.RadioSpiWriteRegisters) for RadioSpiWriteRegisters
    spirit_calibration.o(i.SpiritCalibrationSetVcoCalDataTx) refers to spirit_types.o(.data) for g_xStatus
[...]
    uip_ext_opt_offset                       0x2000014a   Data           1  uip6.o(.data)
    uip_flags                                0x2000014b   Data           1  uip6.o(.data)
    uip_len                                  0x2000014c   Data           2  uip6.o(.data)
    uip_slen                                 0x2000014e   Data           2  uip6.o(.data)
    uip_next_hdr                             0x20000154   Data           4  uip6.o(.data)
    uip_appdata                              0x20000158   Data           4  uip6.o(.data)
    uip_sappdata                             0x2000015c   Data           4  uip6.o(.data)
    uip_conn                                 0x20000160   Data           4  uip6.o(.data)
    uip_acc32                                0x20000168   Data           4  uip6.o(.data)
    uip_udp_conn                             0x2000016c   Data           4  uip6.o(.data)
    uip_lladdr                               0x20000170   Data           8  uip6.o(.data)
    uip_ds6_addr_size                        0x20000178   Data           1  uip-ds6.o(.data)
    uip_ds6_netif_addr_list_offset           0x20000179   Data           1  uip-ds6.o(.data)
    ds6_neighbors                            0x2000019c   Data           4  uip-ds6-nbr.o(.data)
    nbr_routes                               0x200001b0   Data           4  uip-ds6-route.o(.data)
    rpl_parents                              0x20000284   Data           4  rpl-dag.o(.data)
    default_instance                         0x20000288   Data           4  rpl-dag.o(.data)
    rpl_mrhof                                0x200002c0   Data          36  rpl-mrhof.o(.data)
    ctimer_process                           0x2000030c   Data          16  ctimer.o(.data)
    etimer_process                           0x20000324   Data          16  etimer.o(.data)
    process_maxevents                        0x20000337   Data           1  process.o(.data)
    process_list                             0x2000033c   Data           4  process.o(.data)
    process_current                          0x20000340   Data           4  process.o(.data)
    seconds                                  0x2000034c   Data           4  clock.o(.data)
    ticks                                    0x20000350   Data           4  clock.o(.data)
    sensors                                  0x20000354   Data          12  contiki-spirit1-main.o(.data)
    sensors_flags                            0x20000360   Data           3  contiki-spirit1-main.o(.data)
    node_id                                  0x20000364   Data           2  node-id.o(.data)
    node_mac                                 0x20000366   Data           8  node-id.o(.data)
    rtimer_clock                             0x20000370   Data           4  rtimer-arch.o(.data)
    rx_timeout                               0x20000375   Data           1  spirit1.o(.data)
    spirit_radio_process                     0x2000038c   Data          16  spirit1.o(.data)
    databyte                                 0x2000039c   Data           1  uart-msg.o(.data)
    slip_active                              0x200003a1   Data           1  slip.o(.data)
    slip_process                             0x200003ac   Data          16  slip.o(.data)
    __stdout                                 0x200003c0   Data           4  stdout.o(.data)
    pSpiHandle                               0x200003c4   Data          88  radio_spi.o(.bss)
    huart1                                   0x2000041c   Data          64  main.o(.bss)
    hdma_usart1_rx                           0x2000045c   Data          68  main.o(.bss)
    RtcHandle                                0x200004a0   Data          32  cube_hal_l1.o(.bss)
    UART_RxBuffer                            0x200004c0   Data         512  stm32l1xx_hal_msp.o(.bss)
    UartHandle                               0x200006c0   Data          64  stm32l1xx_hal_msp.o(.bss)
    packetbuf_attrs                          0x20000a6c   Data          30  packetbuf.o(.bss)
    packetbuf_addrs                          0x20000a8a   Data          16  packetbuf.o(.bss)
    periodic_timer                           0x2000176c   Data          32  link-stats.o(.bss)
    uip_aligned_buf                          0x20001eb0   Data        1300  uip6.o(.bss)
    uip_conns                                0x200023c4   Data         192  uip6.o(.bss)
    uip_listenports                          0x20002484   Data          16  uip6.o(.bss)
    uip_udp_conns                            0x20002494   Data         384  uip6.o(.bss)
    uip_ds6_timer_periodic                   0x20002614   Data          16  uip-ds6.o(.bss)
    uip_ds6_if                               0x20002624   Data         248  uip-ds6.o(.bss)
    uip_ds6_prefix_list                      0x2000271c   Data          96  uip-ds6.o(.bss)
    instance_table                           0x20003274   Data         340  rpl-dag.o(.bss)
    device_id                                0x20003468   Data          12  node-id.o(.bss)
    htim2                                    0x20003474   Data          56  rtimer-arch.o(.bss)
    __initial_sp                             0x20003e38   Data           0  startup_stm32l152xe.o(STACK)



==============================================================================

Memory Map of the image

  Image Entry point : 0x08000125

  Load Region LR_IROM1 (Base: 0x08000000, Size: 0x0000f88c, Max: 0x00080000, ABSOLUTE, COMPRESSED[0x0000f644])

    Execution Region ER_IROM1 (Base: 0x08000000, Size: 0x0000f4c8, Max: 0x00080000, ABSOLUTE)

    Base Addr    Size         Type   Attr      Idx    E Section Name        Object

    0x08000000   0x00000124   Data   RO         5939    RESET               startup_stm32l152xe.o
    0x08000124   0x00000000   Code   RO        12269  * .ARM.Collect$$$$00000000  mc_w.l(entry.o)
    0x08000124   0x00000004   Code   RO        12647    .ARM.Collect$$$$00000001  mc_w.l(entry2.o)
    0x08000128   0x00000004   Code   RO        12650    .ARM.Collect$$$$00000004  mc_w.l(entry5.o)
    0x0800012c   0x00000000   Code   RO        12652    .ARM.Collect$$$$00000008  mc_w.l(entry7b.o)
    0x0800012c   0x00000000   Code   RO        12654    .ARM.Collect$$$$0000000A  mc_w.l(entry8b.o)
    0x0800012c   0x00000008   Code   RO        12655    .ARM.Collect$$$$0000000B  mc_w.l(entry9a.o)
    0x08000134   0x00000000   Code   RO        12657    .ARM.Collect$$$$0000000D  mc_w.l(entry10a.o)
    0x08000134   0x00000000   Code   RO        12659    .ARM.Collect$$$$0000000F  mc_w.l(entry11a.o)
    0x08000134   0x00000004   Code   RO        12648    .ARM.Collect$$$$00002712  mc_w.l(entry2.o)
    0x08000138   0x00000024   Code   RO         5940    .text               startup_stm32l152xe.o
    0x0800015c   0x00000062   Code   RO        12272    .text               mc_w.l(uldiv.o)
    0x080001be   0x00000002   PAD
    0x080001c0   0x00000024   Code   RO        12276    .text               mc_w.l(rand.o)
    0x080001e4   0x00000040   Code   RO        12281    .text               mc_w.l(memmovea.o)
    0x08000224   0x00000024   Code   RO        12283    .text               mc_w.l(memseta.o)
    0x08000248   0x00000018   Code   RO        12285    .text               mc_w.l(strncpy.o)
    0x08000260   0x0000000e   Code   RO        12287    .text               mc_w.l(strlen.o)
    0x0800026e   0x0000001a   Code   RO        12291    .text               mc_w.l(memcmp.o)
    0x08000288   0x0000001e   Code   RO        12295    .text               mc_w.l(strncmp.o)
    0x080002a6   0x000000b0   Code   RO        12566    .text               mf_w.l(fadd.o)
    0x08000356   0x00000064   Code   RO        12568    .text               mf_w.l(fmul.o)
    0x080003ba   0x0000007c   Code   RO        12570    .text               mf_w.l(fdiv.o)
    0x08000436   0x00000018   Code   RO        12572    .text               mf_w.l(fscalb.o)
    0x0800044e   0x0000014e   Code   RO        12574    .text               mf_w.l(dadd.o)
    0x0800059c   0x000000e4   Code   RO        12576    .text               mf_w.l(dmul.o)
    0x08000680   0x000000de   Code   RO        12578    .text               mf_w.l(ddiv.o)
    0x0800075e   0x0000002e   Code   RO        12580    .text               mf_w.l(dscalb.o)
    0x0800078c   0x00000012   Code   RO        12582    .text               mf_w.l(fflti.o)
    0x0800079e   0x0000000a   Code   RO        12584    .text               mf_w.l(ffltui.o)
    0x080007a8   0x00000022   Code   RO        12586    .text               mf_w.l(dflti.o)
    0x080007ca   0x0000001a   Code   RO        12588    .text               mf_w.l(dfltui.o)
    0x080007e4   0x00000032   Code   RO        12590    .text               mf_w.l(ffixi.o)
    0x08000816   0x00000028   Code   RO        12592    .text               mf_w.l(ffixui.o)
    0x0800083e   0x00000032   Code   RO        12596    .text               mf_w.l(dfixui.o)
    0x08000870   0x00000014   Code   RO        12602    .text               mf_w.l(cfcmple.o)
    0x08000884   0x00000014   Code   RO        12604    .text               mf_w.l(cfrcmple.o)
    0x08000898   0x0000001e   Code   RO        12664    .text               mc_w.l(llshl.o)
    0x080008b6   0x00000020   Code   RO        12666    .text               mc_w.l(llushr.o)
    0x080008d6   0x00000024   Code   RO        12668    .text               mc_w.l(llsshr.o)
    0x080008fa   0x00000000   Code   RO        12677    .text               mc_w.l(iusefp.o)
    0x080008fa   0x0000006e   Code   RO        12678    .text               mf_w.l(fepilogue.o)
    0x08000968   0x000000ba   Code   RO        12682    .text               mf_w.l(depilogue.o)
    0x08000a22   0x00000002   PAD
    0x08000a24   0x00000088   Code   RO        12684    .text               mf_w.l(drnd.o)
    0x08000aac   0x00000030   Code   RO        12690    .text               mf_w.l(cdcmple.o)
    0x08000adc   0x00000030   Code   RO        12692    .text               mf_w.l(cdrcmple.o)
    0x08000b0c   0x00000024   Code   RO        12694    .text               mc_w.l(init.o)
    0x08000b30   0x00000056   Code   RO        12706    .text               mc_w.l(__dczerorl2.o)
    0x08000b86   0x00000002   PAD
    0x08000b88   0x00000058   Code   RO         2186    i.BSP_LED_Init      stm32l1xx_nucleo.o
    0x08000be0   0x00000018   Code   RO         2189    i.BSP_LED_Toggle    stm32l1xx_nucleo.o
    0x08000bf8   0x00000018   Code   RO         2191    i.BSP_PB_GetState   stm32l1xx_nucleo.o
    0x08000c10   0x00000078   Code   RO         2192    i.BSP_PB_Init       stm32l1xx_nucleo.o
    0x08000c88   0x00000002   Code   RO         6147    i.BusFault_Handler  stm32l1xx_it.o
    0x08000c8a   0x00000002   PAD
    0x08000c8c   0x00000040   Code   RO         6148    i.Contiki_SysTick_Handler  stm32l1xx_it.o
    0x08000ccc   0x0000000c   Code   RO         6149    i.DMA1_Channel5_IRQHandler  stm32l1xx_it.o
    0x08000cd8   0x0000002a   Code   RO         3405    i.DMA_SetConfig     stm32l1xx_hal_dma.o
    0x08000d02   0x00000002   Code   RO         6150    i.DebugMon_Handler  stm32l1xx_it.o
    0x08000d04   0x00000014   Code   RO         6151    i.EXTI0_IRQHandler  stm32l1xx_it.o
    0x08000d18   0x00000008   Code   RO         6152    i.EXTI15_10_IRQHandler  stm32l1xx_it.o
    0x08000d20   0x00000014   Code   RO         6153    i.EXTI1_IRQHandler  stm32l1xx_it.o
    0x08000d34   0x00000014   Code   RO         6154    i.EXTI2_IRQHandler  stm32l1xx_it.o
    0x08000d48   0x00000014   Code   RO         6155    i.EXTI3_IRQHandler  stm32l1xx_it.o
    0x08000d5c   0x00000034   Code   RO         6156    i.EXTI9_5_IRQHandler  stm32l1xx_it.o
    0x08000d90   0x0000000e   Code   RO         6000    i.Error_Handler     cube_hal_l1.o
    0x08000d9e   0x00000002   PAD
    0x08000da0   0x00000010   Code   RO         2881    i.HAL_DBGMCU_EnableDBGStopMode  stm32l1xx_hal.o
    0x08000db0   0x000000a8   Code   RO         3411    i.HAL_DMA_IRQHandler  stm32l1xx_hal_dma.o
    0x08000e58   0x00000084   Code   RO         3412    i.HAL_DMA_Init      stm32l1xx_hal_dma.o
    0x08000edc   0x00000070   Code   RO         3416    i.HAL_DMA_Start_IT  stm32l1xx_hal_dma.o
    0x08000f4c   0x00000016   Code   RO         2883    i.HAL_Delay         stm32l1xx_hal.o
    0x08000f62   0x00000002   PAD
    0x08000f64   0x00000014   Code   RO         6157    i.HAL_GPIO_EXTI_Callback  stm32l1xx_it.o
    0x08000f78   0x00000018   Code   RO         3713    i.HAL_GPIO_EXTI_IRQHandler  stm32l1xx_hal_gpio.o
    0x08000f90   0x000001b0   Code   RO         3714    i.HAL_GPIO_Init     stm32l1xx_hal_gpio.o
    0x08001140   0x0000000a   Code   RO         3716    i.HAL_GPIO_ReadPin  stm32l1xx_hal_gpio.o
    0x0800114a   0x00000008   Code   RO         3717    i.HAL_GPIO_TogglePin  stm32l1xx_hal_gpio.o
    0x08001152   0x0000000a   Code   RO         3718    i.HAL_GPIO_WritePin  stm32l1xx_hal_gpio.o
    0x0800115c   0x00000008   Code   RO         2885    i.HAL_GetHalVersion  stm32l1xx_hal.o
    0x08001164   0x0000000c   Code   RO         2887    i.HAL_GetTick       stm32l1xx_hal.o
    0x08001170   0x00000010   Code   RO         2888    i.HAL_IncTick       stm32l1xx_hal.o
    0x08001180   0x0000002c   Code   RO         2889    i.HAL_Init          stm32l1xx_hal.o
    0x080011ac   0x00000028   Code   RO         2890    i.HAL_InitTick      stm32l1xx_hal.o
    0x080011d4   0x0000003c   Code   RO         6063    i.HAL_MspInit       stm32l1xx_hal_msp.o
    0x08001210   0x00000016   Code   RO         3270    i.HAL_NVIC_DisableIRQ  stm32l1xx_hal_cortex.o
    0x08001226   0x00000016   Code   RO         3271    i.HAL_NVIC_EnableIRQ  stm32l1xx_hal_cortex.o
    0x0800123c   0x00000040   Code   RO         3277    i.HAL_NVIC_SetPriority  stm32l1xx_hal_cortex.o
    0x0800127c   0x00000024   Code   RO         3278    i.HAL_NVIC_SetPriorityGrouping  stm32l1xx_hal_cortex.o
    0x080012a0   0x00000188   Code   RO         4087    i.HAL_RCCEx_PeriphCLKConfig  stm32l1xx_hal_rcc_ex.o
    0x08001428   0x000001d4   Code   RO         3970    i.HAL_RCC_ClockConfig  stm32l1xx_hal_rcc.o
    0x080015fc   0x0000000c   Code   RO         3975    i.HAL_RCC_GetHCLKFreq  stm32l1xx_hal_rcc.o
    0x08001608   0x00000030   Code   RO         3977    i.HAL_RCC_GetPCLK1Freq  stm32l1xx_hal_rcc.o
    0x08001638   0x00000030   Code   RO         3978    i.HAL_RCC_GetPCLK2Freq  stm32l1xx_hal_rcc.o
    0x08001668   0x0000008c   Code   RO         3979    i.HAL_RCC_GetSysClockFreq  stm32l1xx_hal_rcc.o
    0x080016f4   0x00000758   Code   RO         3982    i.HAL_RCC_OscConfig  stm32l1xx_hal_rcc.o
    0x08001e4c   0x0000009c   Code   RO         5555    i.HAL_RTC_Init      stm32l1xx_hal_rtc.o
    0x08001ee8   0x00000060   Code   RO         6064    i.HAL_RTC_MspInit   stm32l1xx_hal_msp.o
    0x08001f48   0x000000c8   Code   RO         5559    i.HAL_RTC_SetDate   stm32l1xx_hal_rtc.o
    0x08002010   0x000000e8   Code   RO         5560    i.HAL_RTC_SetTime   stm32l1xx_hal_rtc.o
    0x080020f8   0x0000003a   Code   RO         5702    i.HAL_RTC_WaitForSynchro  stm32l1xx_hal_rtc_ex.o
    0x08002132   0x00000028   Code   RO         4153    i.HAL_SPI_DeInit    stm32l1xx_hal_spi.o
    0x0800215a   0x00000006   Code   RO         4156    i.HAL_SPI_GetState  stm32l1xx_hal_spi.o
    0x08002160   0x00000084   Code   RO         4393    i.HAL_SPI_Init      stm32l1xx_hal_spi_ex.o
    0x080021e4   0x00000002   Code   RO         4159    i.HAL_SPI_MspDeInit  stm32l1xx_hal_spi.o
    0x080021e6   0x00000002   PAD
    0x080021e8   0x000000cc   Code   RO         2751    i.HAL_SPI_MspInit   radio_spi.o
    0x080022b4   0x00000142   Code   RO         4166    i.HAL_SPI_Transmit  stm32l1xx_hal_spi.o
    0x080023f6   0x000002b2   Code   RO         4167    i.HAL_SPI_TransmitReceive  stm32l1xx_hal_spi.o
    0x080026a8   0x00000018   Code   RO         3280    i.HAL_SYSTICK_CLKSourceConfig  stm32l1xx_hal_cortex.o
    0x080026c0   0x00000028   Code   RO         3282    i.HAL_SYSTICK_Config  stm32l1xx_hal_cortex.o
    0x080026e8   0x00000036   Code   RO         4423    i.HAL_TIM_Base_Init  stm32l1xx_hal_tim.o
    0x0800271e   0x00000002   PAD
    0x08002720   0x00000038   Code   RO         6066    i.HAL_TIM_Base_MspInit  stm32l1xx_hal_msp.o
    0x08002758   0x00000018   Code   RO         4428    i.HAL_TIM_Base_Start_IT  stm32l1xx_hal_tim.o
    0x08002770   0x000000f2   Code   RO         4432    i.HAL_TIM_ConfigClockSource  stm32l1xx_hal_tim.o
    0x08002862   0x00000056   Code   RO         4466    i.HAL_TIM_OC_ConfigChannel  stm32l1xx_hal_tim.o
    0x080028b8   0x00000036   Code   RO         4470    i.HAL_TIM_OC_Init   stm32l1xx_hal_tim.o
    0x080028ee   0x00000002   Code   RO         4472    i.HAL_TIM_OC_MspInit  stm32l1xx_hal_tim.o
    0x080028f0   0x00000002   Code   RO         5098    i.HAL_UART_ErrorCallback  stm32l1xx_hal_uart.o
    0x080028f2   0x0000005e   Code   RO         5102    i.HAL_UART_Init     stm32l1xx_hal_uart.o
    0x08002950   0x000000f0   Code   RO         6068    i.HAL_UART_MspInit  stm32l1xx_hal_msp.o
    0x08002a40   0x00000088   Code   RO         5106    i.HAL_UART_Receive_DMA  stm32l1xx_hal_uart.o
    0x08002ac8   0x0000006a   Code   RO         5107    i.HAL_UART_Receive_IT  stm32l1xx_hal_uart.o
    0x08002b32   0x00000002   PAD
    0x08002b34   0x00000020   Code   RO        12089    i.HAL_UART_RxCpltCallback  uart-msg.o
    0x08002b54   0x00000002   Code   RO         5109    i.HAL_UART_RxHalfCpltCallback  stm32l1xx_hal_uart.o
    0x08002b56   0x00000002   PAD
    0x08002b58   0x000000cc   Code   RO         5110    i.HAL_UART_Transmit  stm32l1xx_hal_uart.o
    0x08002c24   0x00000002   Code   RO         6159    i.HardFault_Handler  stm32l1xx_it.o
    0x08002c26   0x00000002   PAD
    0x08002c28   0x0000003c   Code   RO         6001    i.MX_GPIO_Init      cube_hal_l1.o
    0x08002c64   0x00000002   Code   RO         6160    i.MemManage_Handler  stm32l1xx_it.o
    0x08002c66   0x00000002   Code   RO         6161    i.NMI_Handler       stm32l1xx_it.o
    0x08002c68   0x00000020   Code   RO         3284    i.NVIC_SetPriority  stm32l1xx_hal_cortex.o
    0x08002c88   0x00000002   Code   RO         6162    i.PendSV_Handler    stm32l1xx_it.o
    0x08002c8a   0x00000002   PAD
    0x08002c8c   0x00000080   Code   RO         3983    i.RCC_SetFlashLatencyFromMSIRange  stm32l1xx_hal_rcc.o
    0x08002d0c   0x00000012   Code   RO         5561    i.RTC_Bcd2ToByte    stm32l1xx_hal_rtc.o
    0x08002d1e   0x00000016   Code   RO         5562    i.RTC_ByteToBcd2    stm32l1xx_hal_rtc.o
    0x08002d34   0x00000034   Code   RO         6002    i.RTC_Config        cube_hal_l1.o
    0x08002d68   0x0000003a   Code   RO         5563    i.RTC_EnterInitMode  stm32l1xx_hal_rtc.o
    0x08002da2   0x00000002   PAD
    0x08002da4   0x0000005c   Code   RO         6003    i.RTC_TimeStampConfig  cube_hal_l1.o
    0x08002e00   0x000000b0   Code   RO         2525    i.RadioGpioInit     radio_gpio.o
    0x08002eb0   0x00000028   Code   RO         2526    i.RadioGpioInterruptCmd  radio_gpio.o
    0x08002ed8   0x00000044   Code   RO         2694    i.RadioShieldLedInit  radio_shield_config.o
    0x08002f1c   0x000000ac   Code   RO         2752    i.RadioSpiCommandStrobes  radio_spi.o
    0x08002fc8   0x00000048   Code   RO         2753    i.RadioSpiInit      radio_spi.o
    0x08003010   0x000000d8   Code   RO         2754    i.RadioSpiReadFifo  radio_spi.o
    0x080030e8   0x000000dc   Code   RO         2755    i.RadioSpiReadRegisters  radio_spi.o
    0x080031c4   0x000000c4   Code   RO         2756    i.RadioSpiWriteFifo  radio_spi.o
    0x08003288   0x000000c4   Code   RO         2757    i.RadioSpiWriteRegisters  radio_spi.o
    0x0800334c   0x0000009e   Code   RO         4188    i.SPI_WaitOnFlagUntilTimeout  stm32l1xx_hal_spi.o
    0x080033ea   0x00000002   PAD
    0x080033ec   0x00000034   Code   RO         2758    i.SPI_Write         radio_spi.o
    0x08003420   0x00000002   Code   RO         6163    i.SVC_Handler       stm32l1xx_it.o
    0x08003422   0x00000002   PAD
    0x08003424   0x00000058   Code   RO           84    i.SpiritCalibrationGetVcoCalData  spirit_calibration.o
    0x0800347c   0x0000003a   Code   RO           89    i.SpiritCalibrationSelectVco  spirit_calibration.o
    0x080034b6   0x00000002   PAD
    0x080034b8   0x000000a4   Code   RO           91    i.SpiritCalibrationSetVcoCalDataRx  spirit_calibration.o
    0x0800355c   0x000000a4   Code   RO           92    i.SpiritCalibrationSetVcoCalDataTx  spirit_calibration.o
    0x08003600   0x000000ac   Code   RO           93    i.SpiritCalibrationVco  spirit_calibration.o
    0x080036ac   0x00000048   Code   RO          162    i.SpiritCmdStrobeCommand  spirit_commands.o
    0x080036f4   0x00000058   Code   RO          430    i.SpiritGpioInit    spirit_gpio.o
    0x0800374c   0x000000d0   Code   RO          509    i.SpiritIrq         spirit_irq.o
    0x0800381c   0x00000050   Code   RO          511    i.SpiritIrqClearStatus  spirit_irq.o
    0x0800386c   0x00000058   Code   RO          512    i.SpiritIrqDeInit   spirit_irq.o
    0x080038c4   0x00000068   Code   RO          514    i.SpiritIrqGetStatus  spirit_irq.o
    0x0800392c   0x00000058   Code   RO          568    i.SpiritLinearFifoReadNumElementsRxFifo  spirit_linearfifo.o
    0x08003984   0x00000160   Code   RO          637    i.SpiritManagementSetFrequencyBase  spirit_management.o
    0x08003ae4   0x00000010   Code   RO          641    i.SpiritManagementWaTRxFcMem  spirit_management.o
    0x08003af4   0x00000144   Code   RO          642    i.SpiritManagementWaVcoCalibration  spirit_management.o
    0x08003c38   0x0000005c   Code   RO          715    i.SpiritPktBasicGetAddressField  spirit_pktbasic.o
    0x08003c94   0x00000070   Code   RO          719    i.SpiritPktBasicGetReceivedPktLength  spirit_pktbasic.o
    0x08003d04   0x0000021c   Code   RO          720    i.SpiritPktBasicInit  spirit_pktbasic.o
    0x08003f20   0x0000006c   Code   RO          722    i.SpiritPktBasicSetPayloadLength  spirit_pktbasic.o
    0x08003f8c   0x000000ac   Code   RO          793    i.SpiritPktCommonFilterOnCrc  spirit_pktcommon.o
    0x08004038   0x00000058   Code   RO          797    i.SpiritPktCommonGetControlLength  spirit_pktcommon.o
    0x08004090   0x00000054   Code   RO         1303    i.SpiritQiGetLqi    spirit_qi.o
    0x080040e4   0x00000054   Code   RO         1306    i.SpiritQiGetRssi   spirit_qi.o
    0x08004138   0x00000058   Code   RO         1317    i.SpiritQiSetRssiThresholddBm  spirit_qi.o
    0x08004190   0x000000a4   Code   RO         1318    i.SpiritQiSetSqiThreshold  spirit_qi.o
    0x08004234   0x000000ac   Code   RO         1319    i.SpiritQiSqiCheck  spirit_qi.o
    0x080042e0   0x00000078   Code   RO         1442    i.SpiritRadioAFCFreezeOnSync  spirit_radio.o
    0x08004358   0x00000070   Code   RO         1457    i.SpiritRadioGetBand  spirit_radio.o
    0x080043c8   0x00000054   Code   RO         1459    i.SpiritRadioGetChannel  spirit_radio.o
    0x0800441c   0x00000060   Code   RO         1461    i.SpiritRadioGetChannelSpace  spirit_radio.o
    0x0800447c   0x00000060   Code   RO         1467    i.SpiritRadioGetDigDiv  spirit_radio.o
    0x080044dc   0x0000005c   Code   RO         1468    i.SpiritRadioGetFrequencyBase  spirit_radio.o
    0x08004538   0x00000080   Code   RO         1470    i.SpiritRadioGetFrequencyOffset  spirit_radio.o
    0x080045b8   0x00000058   Code   RO         1482    i.SpiritRadioGetRefDiv  spirit_radio.o
    0x08004610   0x00000070   Code   RO         1484    i.SpiritRadioGetSynthWord  spirit_radio.o
    0x08004680   0x0000000c   Code   RO         1486    i.SpiritRadioGetXtalFrequency  spirit_radio.o
    0x0800468c   0x00000104   Code   RO         1487    i.SpiritRadioGetdBm2Reg  spirit_radio.o
    0x08004790   0x0000034c   Code   RO         1488    i.SpiritRadioInit   spirit_radio.o
    0x08004adc   0x00000074   Code   RO         1490    i.SpiritRadioPersistenRx  spirit_radio.o
    0x08004b50   0x000000c0   Code   RO         1491    i.SpiritRadioSearchChannelBwME  spirit_radio.o
    0x08004c10   0x000000c4   Code   RO         1492    i.SpiritRadioSearchDatarateME  spirit_radio.o
    0x08004cd4   0x000000d4   Code   RO         1493    i.SpiritRadioSearchFreqDevME  spirit_radio.o
    0x08004da8   0x000000ac   Code   RO         1494    i.SpiritRadioSearchWCP  spirit_radio.o
    0x08004e54   0x00000074   Code   RO         1513    i.SpiritRadioSetDigDiv  spirit_radio.o
    0x08004ec8   0x00000188   Code   RO         1514    i.SpiritRadioSetFrequencyBase  spirit_radio.o
    0x08005050   0x00000068   Code   RO         1522    i.SpiritRadioSetPALevelMaxIndex  spirit_radio.o
    0x080050b8   0x00000064   Code   RO         1523    i.SpiritRadioSetPALeveldBm  spirit_radio.o
    0x0800511c   0x00000074   Code   RO         1527    i.SpiritRadioSetRefDiv  spirit_radio.o
    0x08005190   0x000000b0   Code   RO         1529    i.SpiritRadioSetXtalFlag  spirit_radio.o
    0x08005240   0x0000000c   Code   RO         1530    i.SpiritRadioSetXtalFrequency  spirit_radio.o
    0x0800524c   0x00000068   Code   RO         2152    i.SpiritRefreshStatus  spirit_types.o
    0x080052b4   0x00000050   Code   RO         2015    i.SpiritTimerSetRxTimeoutCounter  spirit_timer.o
    0x08005304   0x000000b8   Code   RO         2018    i.SpiritTimerSetRxTimeoutStopCondition  spirit_timer.o
    0x080053bc   0x000000d4   Code   RO        11754    i.Stack_6LoWPAN_Init  contiki-spirit1-main.o
    0x08005490   0x0000000e   Code   RO         6164    i.SysTick_Handler   stm32l1xx_it.o
    0x0800549e   0x00000002   PAD
    0x080054a0   0x0000008c   Code   RO         6004    i.SystemClock_Config  cube_hal_l1.o
    0x0800552c   0x00000050   Code   RO         2835    i.SystemInit        system_stm32l1xx.o
    0x0800557c   0x0000001c   Code   RO         6165    i.TIM2_IRQHandler   stm32l1xx_it.o
    0x08005598   0x0000007c   Code   RO         4507    i.TIM_Base_SetConfig  stm32l1xx_hal_tim.o
    0x08005614   0x00000014   Code   RO         4514    i.TIM_ETR_SetConfig  stm32l1xx_hal_tim.o
    0x08005628   0x00000010   Code   RO         4515    i.TIM_ITRx_SetConfig  stm32l1xx_hal_tim.o
    0x08005638   0x0000002c   Code   RO         4516    i.TIM_OC1_SetConfig  stm32l1xx_hal_tim.o
    0x08005664   0x00000030   Code   RO         4517    i.TIM_OC2_SetConfig  stm32l1xx_hal_tim.o
    0x08005694   0x0000002e   Code   RO         4518    i.TIM_OC3_SetConfig  stm32l1xx_hal_tim.o
    0x080056c2   0x00000030   Code   RO         4519    i.TIM_OC4_SetConfig  stm32l1xx_hal_tim.o
    0x080056f2   0x00000022   Code   RO         4521    i.TIM_TI1_ConfigInputStage  stm32l1xx_hal_tim.o
    0x08005714   0x00000024   Code   RO         4523    i.TIM_TI2_ConfigInputStage  stm32l1xx_hal_tim.o
    0x08005738   0x0000001e   Code   RO         5115    i.UART_DMAError     stm32l1xx_hal_uart.o
    0x08005756   0x00000002   PAD
    0x08005758   0x00000036   Code   RO         5116    i.UART_DMAReceiveCplt  stm32l1xx_hal_uart.o
    0x0800578e   0x0000000a   Code   RO         5117    i.UART_DMARxHalfCplt  stm32l1xx_hal_uart.o
    0x08005798   0x000002a0   Code   RO         5121    i.UART_SetConfig    stm32l1xx_hal_uart.o
    0x08005a38   0x00000092   Code   RO         5123    i.UART_WaitOnFlagUntilTimeout  stm32l1xx_hal_uart.o
    0x08005aca   0x00000002   PAD
    0x08005acc   0x00000050   Code   RO         6166    i.USART2_IRQHandler  stm32l1xx_it.o
    0x08005b1c   0x000000c8   Code   RO         6069    i.USARTConfig       stm32l1xx_hal_msp.o
    0x08005be4   0x00000002   Code   RO         6167    i.UsageFault_Handler  stm32l1xx_it.o
    0x08005be6   0x00000002   Code   RO         6168    i.WWDG_IRQHandler   stm32l1xx_it.o
    0x08005be8   0x00000020   Code   RO        12512    i.__0printf$8       mc_w.l(printf8.o)
    0x08005c08   0x00000028   Code   RO        12513    i.__0snprintf$8     mc_w.l(printf8.o)
    0x08005c30   0x0000000e   Code   RO        12700    i.__scatterload_copy  mc_w.l(handlers.o)
    0x08005c3e   0x00000002   Code   RO        12701    i.__scatterload_null  mc_w.l(handlers.o)
    0x08005c40   0x0000000e   Code   RO        12702    i.__scatterload_zeroinit  mc_w.l(handlers.o)
    0x08005c4e   0x00000002   PAD
    0x08005c50   0x00000410   Code   RO        12519    i._printf_core      mc_w.l(printf8.o)
    0x08006060   0x00000024   Code   RO        12520    i._printf_post_padding  mc_w.l(printf8.o)
    0x08006084   0x0000002e   Code   RO        12521    i._printf_pre_padding  mc_w.l(printf8.o)
    0x080060b2   0x00000016   Code   RO        12522    i._snputc           mc_w.l(printf8.o)
    0x080060c8   0x0000002c   Code   RO        10071    i.acceptable_rank   rpl-dag.o
    0x080060f4   0x00000138   Code   RO         8307    i.add_fragment      sicslowpan.o
    0x0800622c   0x00000012   Code   RO        10072    i.add_nbr_from_dio  rpl-dag.o
    0x0800623e   0x00000002   PAD
    0x08006240   0x00000044   Code   RO        11135    i.add_timer         etimer.o
    0x08006284   0x00000038   Code   RO         8308    i.addr_context_lookup_by_number  sicslowpan.o
    0x080062bc   0x0000003c   Code   RO         8309    i.addr_context_lookup_by_prefix  sicslowpan.o
    0x080062f8   0x00000010   Code   RO         9471    i.addr_len          frame802154.o
    0x08006308   0x0000001a   Code   RO        10988    i.autostart_start   autostart.o
    0x08006322   0x00000026   Code   RO        10636    i.best_dag          rpl-mrhof.o
    0x08006348   0x00000074   Code   RO        10073    i.best_parent       rpl-dag.o
    0x080063bc   0x00000068   Code   RO        10637    i.best_parent       rpl-mrhof.o
    0x08006424   0x00000044   Code   RO        11235    i.call_process      process.o
    0x08006468   0x00000044   Code   RO         9077    i.call_route_callback  uip-ds6-route.o
    0x080064ac   0x00000010   Code   RO         9376    i.channel_check_interval  csma.o
    0x080064bc   0x00000004   Code   RO         9838    i.channel_check_interval  nullrdc.o
    0x080064c0   0x0000005c   Code   RO        10074    i.check_prefix      rpl-dag.o
    0x0800651c   0x0000003a   Code   RO         8593    i.chksum            uip6.o
    0x08006556   0x00000002   PAD
    0x08006558   0x00000044   Code   RO         8310    i.clear_fragments   sicslowpan.o
    0x0800659c   0x00000028   Code   RO        11628    i.clock_init        clock.o
    0x080065c4   0x0000000c   Code   RO        11629    i.clock_seconds     clock.o
    0x080065d0   0x0000000c   Code   RO        11631    i.clock_time        clock.o
    0x080065dc   0x00000014   Code   RO        11632    i.clock_wait        clock.o
    0x080065f0   0x00000090   Code   RO         8311    i.compress_addr_64  sicslowpan.o
    0x08006680   0x00000348   Code   RO         8312    i.compress_hdr_iphc  sicslowpan.o
    0x080069c8   0x00000028   Code   RO        11452    i.configure         button-sensor.o
    0x080069f0   0x0000001c   Code   RO        11545    i.configure         radio-sensor.o
    0x08006a0c   0x00000060   Code   RO         8313    i.copy_frags2uip    sicslowpan.o
    0x08006a6c   0x00000008   Code   RO         9655    i.create            framer-802154.o
    0x08006a74   0x0000011c   Code   RO         9656    i.create_frame      framer-802154.o
    0x08006b90   0x00000020   Code   RO        11048    i.ctimer_init       ctimer.o
    0x08006bb0   0x00000034   Code   RO        11049    i.ctimer_reset      ctimer.o
    0x08006be4   0x00000034   Code   RO        11050    i.ctimer_restart    ctimer.o
    0x08006c18   0x00000014   Code   RO        11051    i.ctimer_set        ctimer.o
    0x08006c2c   0x00000040   Code   RO        11052    i.ctimer_set_with_process  ctimer.o
    0x08006c6c   0x00000028   Code   RO        11053    i.ctimer_stop       ctimer.o
    0x08006c94   0x00000014   Code   RO        10526    i.dao_ack_input     rpl-icmp6.o
    0x08006ca8   0x00000038   Code   RO        10528    i.dao_input         rpl-icmp6.o
    0x08006ce0   0x00000248   Code   RO        10529    i.dao_input_storing  rpl-icmp6.o
    0x08006f28   0x0000008c   Code   RO        10530    i.dao_output        rpl-icmp6.o
    0x08006fb4   0x0000000c   Code   RO        10531    i.dao_output_target  rpl-icmp6.o
    0x08006fc0   0x000000e4   Code   RO        10532    i.dao_output_target_seq  rpl-icmp6.o
    0x080070a4   0x00000068   Code   RO         7557    i.data_is_sent_and_acked  psock.o
    0x0800710c   0x00000238   Code   RO        10533    i.dio_input         rpl-icmp6.o
    0x08007344   0x000001f8   Code   RO        10534    i.dio_output        rpl-icmp6.o
    0x0800753c   0x00000064   Code   RO        10535    i.dis_input         rpl-icmp6.o
    0x080075a0   0x00000054   Code   RO        10536    i.dis_output        rpl-icmp6.o
    0x080075f4   0x0000006c   Code   RO        11236    i.do_event          process.o
    0x08007660   0x0000002c   Code   RO        11237    i.do_poll           process.o
    0x0800768c   0x00000098   Code   RO         9225    i.echo_reply_input  uip-icmp6.o
    0x08007724   0x000000b0   Code   RO         9226    i.echo_request_input  uip-icmp6.o
    0x080077d4   0x00000002   Code   RO        11105    i.energest_flush    energest.o
    0x080077d6   0x00000002   Code   RO        11106    i.energest_init     energest.o
    0x080077d8   0x00000008   Code   RO        11137    i.etimer_expiration_time  etimer.o
    0x080077e0   0x0000000c   Code   RO        11138    i.etimer_expired    etimer.o
    0x080077ec   0x00000010   Code   RO        11140    i.etimer_pending    etimer.o
    0x080077fc   0x0000000c   Code   RO        11141    i.etimer_request_poll  etimer.o
    0x08007808   0x00000012   Code   RO        11142    i.etimer_reset      etimer.o
    0x0800781a   0x00000012   Code   RO        11144    i.etimer_restart    etimer.o
    0x0800782c   0x00000012   Code   RO        11145    i.etimer_set        etimer.o
    0x0800783e   0x00000002   PAD
    0x08007840   0x00000030   Code   RO        11147    i.etimer_stop       etimer.o
    0x08007870   0x00000140   Code   RO         7775    i.eventhandler      tcpip.o
    0x080079b0   0x0000007c   Code   RO        11238    i.exit_process      process.o
    0x08007a2c   0x00000098   Code   RO         8594    i.ext_hdr_options_process  uip6.o
    0x08007ac4   0x0000006c   Code   RO         9472    i.field_len         frame802154.o
    0x08007b30   0x0000001c   Code   RO        10075    i.find_parent_any_dag_any_instance  rpl-dag.o
    0x08007b4c   0x00000010   Code   RO        10076    i.find_parent_dag   rpl-dag.o
    0x08007b5c   0x00000030   Code   RO        10903    i.find_removable_dao  rpl-nbr-policy.o
    0x08007b8c   0x00000034   Code   RO        10904    i.find_removable_dio  rpl-nbr-policy.o
    0x08007bc0   0x0000001c   Code   RO        10905    i.find_removable_dis  rpl-nbr-policy.o
    0x08007bdc   0x00000004   Code   RO        11697    i.fputc             console.o
    0x08007be0   0x00000086   Code   RO         9474    i.frame802154_create  frame802154.o
    0x08007c66   0x00000056   Code   RO         9475    i.frame802154_create_fcf  frame802154.o
    0x08007cbc   0x0000000c   Code   RO         9477    i.frame802154_get_pan_id  frame802154.o
    0x08007cc8   0x000000a0   Code   RO         9478    i.frame802154_has_panid  frame802154.o
    0x08007d68   0x0000002e   Code   RO         9479    i.frame802154_hdrlen  frame802154.o
    0x08007d96   0x00000020   Code   RO         9480    i.frame802154_is_broadcast_addr  frame802154.o
    0x08007db6   0x00000002   PAD
    0x08007db8   0x00000124   Code   RO         9481    i.frame802154_parse  frame802154.o
    0x08007edc   0x00000064   Code   RO         9482    i.frame802154_parse_fcf  frame802154.o
    0x08007f40   0x0000006c   Code   RO         9377    i.free_packet       csma.o
    0x08007fac   0x00000204   Code   RO         6319    i.generate_routes   border-router.o
    0x080081b0   0x00000008   Code   RO        10537    i.get16             rpl-icmp6.o
    0x080081b8   0x00000010   Code   RO        10538    i.get32             rpl-icmp6.o
    0x080081c8   0x0000003c   Code   RO         8754    i.get_match_length  uip-ds6.o
    0x08008204   0x00000038   Code   RO        10789    i.get_probing_delay  rpl-timers.o
    0x0800823c   0x000000b4   Code   RO        10790    i.get_probing_target  rpl-timers.o
    0x080082f0   0x00000028   Code   RO         6881    i.get_sensor_index  sensors.o
    0x08008318   0x0000008c   Code   RO        10077    i.global_repair     rpl-dag.o
    0x080083a4   0x0000001c   Code   RO         6622    i.handle_connection  httpd-simple.o
    0x080083c0   0x0000005c   Code   RO        10791    i.handle_dao_timer  rpl-timers.o
    0x0800841c   0x00000084   Code   RO        10792    i.handle_dio_timer  rpl-timers.o
    0x080084a0   0x000000b4   Code   RO         6623    i.handle_input      httpd-simple.o
    0x08008554   0x000000e8   Code   RO         6624    i.handle_output     httpd-simple.o
    0x0800863c   0x00000050   Code   RO        10793    i.handle_periodic_timer  rpl-timers.o
    0x0800868c   0x00000014   Code   RO        10906    i.handle_periodic_timer  rpl-nbr-policy.o
    0x080086a0   0x00000032   Code   RO        10794    i.handle_probing_timer  rpl-timers.o
    0x080086d2   0x0000001c   Code   RO        10795    i.handle_unicast_dio_timer  rpl-timers.o
    0x080086ee   0x00000008   Code   RO         9657    i.hdr_length        framer-802154.o
    0x080086f6   0x00000002   PAD
    0x080086f8   0x000000b4   Code   RO         6625    i.httpd_appcall     httpd-simple.o
    0x080087ac   0x00000018   Code   RO         6626    i.httpd_init        httpd-simple.o
    0x080087c4   0x00000008   Code   RO         6320    i.httpd_simple_get_script  border-router.o
    0x080087cc   0x00000016   Code   RO         6960    i.index_from_item   nbr-table.o
    0x080087e2   0x00000002   PAD
    0x080087e4   0x0000001c   Code   RO         6961    i.index_from_key    nbr-table.o
    0x08008800   0x00000040   Code   RO         6962    i.index_from_lladdr  nbr-table.o
    0x08008840   0x00000024   Code   RO         6686    i.init              slip-bridge.o
    0x08008864   0x00000002   Code   RO         9344    i.init              nullsec.o
    0x08008866   0x00000002   PAD
    0x08008868   0x00000020   Code   RO         9378    i.init              csma.o
    0x08008888   0x0000000c   Code   RO         9839    i.init              nullrdc.o
    0x08008894   0x000001e0   Code   RO         8314    i.input             sicslowpan.o
    0x08008a74   0x0000000c   Code   RO         9345    i.input             nullsec.o
    0x08008a80   0x0000000c   Code   RO         9379    i.input_packet      csma.o
    0x08008a8c   0x000000b0   Code   RO        10488    i.insert_hbh_header  rpl-ext-header.o
    0x08008b3c   0x000000ac   Code   RO         6321    i.ipaddr_add        border-router.o
    0x08008be8   0x00000014   Code   RO         6963    i.item_from_index   nbr-table.o
    0x08008bfc   0x00000016   Code   RO         6964    i.item_from_key     nbr-table.o
    0x08008c12   0x00000002   PAD
    0x08008c14   0x0000001c   Code   RO         6965    i.key_from_index    nbr-table.o
    0x08008c30   0x0000000e   Code   RO         6966    i.key_from_item     nbr-table.o
    0x08008c3e   0x00000002   PAD
    0x08008c40   0x00000010   Code   RO         7366    i.link_stats_from_lladdr  link-stats.o
    0x08008c50   0x0000002c   Code   RO         7367    i.link_stats_init   link-stats.o
    0x08008c7c   0x00000054   Code   RO         7368    i.link_stats_input_callback  link-stats.o
    0x08008cd0   0x00000028   Code   RO         7369    i.link_stats_is_fresh  link-stats.o
    0x08008cf8   0x00000080   Code   RO         7370    i.link_stats_packet_sent  link-stats.o
    0x08008d78   0x00000012   Code   RO         6929    i.linkaddr_cmp      linkaddr.o
    0x08008d8a   0x0000000a   Code   RO         6930    i.linkaddr_copy     linkaddr.o
    0x08008d94   0x00000010   Code   RO         6931    i.linkaddr_set_node_addr  linkaddr.o
    0x08008da4   0x0000001e   Code   RO         6750    i.list_add          list.o
    0x08008dc2   0x00000004   Code   RO         6753    i.list_head         list.o
    0x08008dc6   0x00000006   Code   RO         6754    i.list_init         list.o
    0x08008dcc   0x00000008   Code   RO         6756    i.list_item_next    list.o
    0x08008dd4   0x00000012   Code   RO         6757    i.list_length       list.o
    0x08008de6   0x00000012   Code   RO         6759    i.list_push         list.o
    0x08008df8   0x00000028   Code   RO         6760    i.list_remove       list.o
    0x08008e20   0x00000012   Code   RO         6761    i.list_tail         list.o
    0x08008e32   0x0000002e   Code   RO        10078    i.lollipop_greater_than  rpl-dag.o
    0x08008e60   0x0000001a   Code   RO         9715    i.mac_call_sent_callback  mac.o
    0x08008e7a   0x00000002   PAD
    0x08008e7c   0x00000118   Code   RO         5947    i.main              main.o
    0x08008f94   0x00000026   Code   RO         6827    i.memb_alloc        memb.o
    0x08008fba   0x0000002c   Code   RO         6828    i.memb_free         memb.o
    0x08008fe6   0x0000001c   Code   RO         6829    i.memb_init         memb.o
    0x08009002   0x0000001a   Code   RO         6830    i.memb_inmemb       memb.o
    0x0800901c   0x0000001c   Code   RO         6831    i.memb_numfree      memb.o
    0x08009038   0x00000004   Code   RO        10079    i.nbr_callback      rpl-dag.o
    0x0800903c   0x00000028   Code   RO         6967    i.nbr_get_bit       nbr-table.o
    0x08009064   0x00000032   Code   RO         6968    i.nbr_set_bit       nbr-table.o
    0x08009096   0x00000002   PAD
    0x08009098   0x00000074   Code   RO         6969    i.nbr_table_add_lladdr  nbr-table.o
    0x0800910c   0x000000a0   Code   RO         6970    i.nbr_table_allocate  nbr-table.o
    0x080091ac   0x0000002c   Code   RO         6971    i.nbr_table_get_from_lladdr  nbr-table.o
    0x080091d8   0x0000000e   Code   RO         6972    i.nbr_table_get_lladdr  nbr-table.o
    0x080091e6   0x00000002   PAD
    0x080091e8   0x0000003c   Code   RO         6973    i.nbr_table_head    nbr-table.o
    0x08009224   0x00000010   Code   RO         6974    i.nbr_table_lock    nbr-table.o
    0x08009234   0x00000034   Code   RO         6975    i.nbr_table_next    nbr-table.o
    0x08009268   0x00000028   Code   RO         6976    i.nbr_table_register  nbr-table.o
    0x08009290   0x0000002c   Code   RO         6977    i.nbr_table_remove  nbr-table.o
    0x080092bc   0x00000010   Code   RO         6978    i.nbr_table_unlock  nbr-table.o
    0x080092cc   0x00000042   Code   RO         6979    i.nbr_table_update_lladdr  nbr-table.o
    0x0800930e   0x00000002   PAD
    0x08009310   0x00000038   Code   RO         7087    i.netstack_init     netstack.o
    0x08009348   0x00000058   Code   RO        10796    i.new_dio_interval  rpl-timers.o
    0x080093a0   0x00000034   Code   RO        11822    i.node_id_restore   node-id.o
    0x080093d4   0x00000218   Code   RO         9299    i.ns_input          uip-nd6.o
    0x080095ec   0x0000000c   Code   RO         9380    i.off               csma.o
    0x080095f8   0x00000010   Code   RO         9840    i.off               nullrdc.o
    0x08009608   0x0000000c   Code   RO         9381    i.on                csma.o
    0x08009614   0x0000000c   Code   RO         9841    i.on                nullrdc.o
    0x08009620   0x00000084   Code   RO         6687    i.output            slip-bridge.o
    0x080096a4   0x000001cc   Code   RO         8315    i.output            sicslowpan.o
    0x08009870   0x0000003c   Code   RO         9842    i.packet_input      nullrdc.o
    0x080098ac   0x00000020   Code   RO         8316    i.packet_sent       sicslowpan.o
    0x080098cc   0x000000d8   Code   RO         9382    i.packet_sent       csma.o
    0x080099a4   0x00000010   Code   RO         7103    i.packetbuf_addr    packetbuf.o
    0x080099b4   0x0000000c   Code   RO         7104    i.packetbuf_attr    packetbuf.o
    0x080099c0   0x0000002c   Code   RO         7105    i.packetbuf_attr_clear  packetbuf.o
    0x080099ec   0x00000024   Code   RO         7106    i.packetbuf_attr_copyfrom  packetbuf.o
    0x08009a10   0x00000020   Code   RO         7107    i.packetbuf_attr_copyto  packetbuf.o
    0x08009a30   0x00000014   Code   RO         7108    i.packetbuf_clear   packetbuf.o
    0x08009a44   0x00000028   Code   RO         7110    i.packetbuf_copyfrom  packetbuf.o
    0x08009a6c   0x00000038   Code   RO         7111    i.packetbuf_copyto  packetbuf.o
    0x08009aa4   0x0000000c   Code   RO         7112    i.packetbuf_datalen  packetbuf.o
    0x08009ab0   0x00000014   Code   RO         7113    i.packetbuf_dataptr  packetbuf.o
    0x08009ac4   0x0000003c   Code   RO         7114    i.packetbuf_hdralloc  packetbuf.o
    0x08009b00   0x00000010   Code   RO         7115    i.packetbuf_hdrlen  packetbuf.o
    0x08009b10   0x0000000c   Code   RO         7116    i.packetbuf_hdrptr  packetbuf.o
    0x08009b1c   0x00000020   Code   RO         7117    i.packetbuf_hdrreduce  packetbuf.o
    0x08009b3c   0x00000010   Code   RO         7118    i.packetbuf_holds_broadcast  packetbuf.o
    0x08009b4c   0x00000018   Code   RO         7120    i.packetbuf_set_addr  packetbuf.o
    0x08009b64   0x00000010   Code   RO         7121    i.packetbuf_set_attr  packetbuf.o
    0x08009b74   0x0000000c   Code   RO         7122    i.packetbuf_set_datalen  packetbuf.o
    0x08009b80   0x00000014   Code   RO         7123    i.packetbuf_totlen  packetbuf.o
    0x08009b94   0x00000014   Code   RO        10638    i.parent_has_usable_link  rpl-mrhof.o
    0x08009ba8   0x00000024   Code   RO        10639    i.parent_is_acceptable  rpl-mrhof.o
    0x08009bcc   0x00000012   Code   RO        10640    i.parent_link_metric  rpl-mrhof.o
    0x08009bde   0x00000030   Code   RO        10641    i.parent_path_cost  rpl-mrhof.o
    0x08009c0e   0x0000008e   Code   RO         9658    i.parse             framer-802154.o
    0x08009c9c   0x0000002c   Code   RO         7371    i.periodic          link-stats.o
    0x08009cc8   0x0000002c   Code   RO        10539    i.prepare_for_dao_fwd  rpl-icmp6.o
    0x08009cf4   0x0000045c   Code   RO        11755    i.print_parameters  contiki-spirit1-main.o
    0x0800a150   0x00000010   Code   RO        11239    i.process_alloc_event  process.o
    0x0800a160   0x00000018   Code   RO        11241    i.process_init      process.o
    0x0800a178   0x0000001c   Code   RO        11244    i.process_poll      process.o
    0x0800a194   0x00000044   Code   RO        11245    i.process_post      process.o
    0x0800a1d8   0x00000014   Code   RO        11246    i.process_post_synch  process.o
    0x0800a1ec   0x0000001c   Code   RO        11247    i.process_run       process.o
    0x0800a208   0x00000038   Code   RO        11248    i.process_start     process.o
    0x0800a240   0x00000114   Code   RO         6322    i.process_thread_border_router_process  border-router.o
    0x0800a354   0x00000080   Code   RO        11054    i.process_thread_ctimer_process  ctimer.o
    0x0800a3d4   0x000000a0   Code   RO        11148    i.process_thread_etimer_process  etimer.o
    0x0800a474   0x000000b4   Code   RO         6882    i.process_thread_sensors_process  sensors.o
    0x0800a528   0x0000005c   Code   RO        12196    i.process_thread_slip_process  slip.o
    0x0800a584   0x000000a0   Code   RO        11888    i.process_thread_spirit_radio_process  spirit1.o
    0x0800a624   0x00000078   Code   RO         7776    i.process_thread_tcpip_process  tcpip.o
    0x0800a69c   0x00000038   Code   RO         6323    i.process_thread_webserver_nogui_process  border-router.o
    0x0800a6d4   0x0000000a   Code   RO         7558    i.psock_datalen     psock.o
    0x0800a6de   0x00000018   Code   RO         7560    i.psock_init        psock.o
    0x0800a6f6   0x00000002   PAD
    0x0800a6f8   0x00000028   Code   RO         7561    i.psock_newdata     psock.o
    0x0800a720   0x000000c0   Code   RO         7563    i.psock_readto      psock.o
    0x0800a7e0   0x0000003e   Code   RO         7564    i.psock_send        psock.o
    0x0800a81e   0x0000000c   Code   RO         7235    i.queuebuf_attr     queuebuf.o
    0x0800a82a   0x00000002   PAD
    0x0800a82c   0x0000002c   Code   RO         7239    i.queuebuf_free     queuebuf.o
    0x0800a858   0x00000018   Code   RO         7240    i.queuebuf_init     queuebuf.o
    0x0800a870   0x00000044   Code   RO         7241    i.queuebuf_new_from_packetbuf  queuebuf.o
    0x0800a8b4   0x0000000c   Code   RO         7242    i.queuebuf_numfree  queuebuf.o
    0x0800a8c0   0x00000034   Code   RO         7243    i.queuebuf_to_packetbuf  queuebuf.o
    0x0800a8f4   0x0000000c   Code   RO         7244    i.queuebuf_update_attr_from_packetbuf  queuebuf.o
    0x0800a900   0x00000004   Code   RO         6863    i.random_init       random.o
    0x0800a904   0x0000000a   Code   RO         6864    i.random_rand       random.o
    0x0800a90e   0x00000042   Code   RO        10642    i.rank_via_parent   rpl-mrhof.o
    0x0800a950   0x00000048   Code   RO         8595    i.remove_ext_hdr    uip6.o
    0x0800a998   0x00000064   Code   RO         6980    i.remove_key        nbr-table.o
    0x0800a9fc   0x00000038   Code   RO        10080    i.remove_parents    rpl-dag.o
    0x0800aa34   0x0000002c   Code   RO         6324    i.request_prefix    border-router.o
    0x0800aa60   0x00000002   Code   RO        10643    i.reset             rpl-mrhof.o
    0x0800aa62   0x00000014   Code   RO         9383    i.rexmit            csma.o
    0x0800aa76   0x00000002   PAD
    0x0800aa78   0x00000030   Code   RO         9078    i.rm_routelist      uip-ds6-route.o
    0x0800aaa8   0x00000004   Code   RO         9079    i.rm_routelist_callback  uip-ds6-route.o
    0x0800aaac   0x00000094   Code   RO        12263    i.round             m_ws.l(round.o)
    0x0800ab40   0x00000102   Code   RO        10081    i.rpl_add_dag       rpl-dag.o
    0x0800ac42   0x00000002   PAD
    0x0800ac44   0x00000034   Code   RO        10082    i.rpl_add_parent    rpl-dag.o
    0x0800ac78   0x0000003c   Code   RO         9981    i.rpl_add_route     rpl.o
    0x0800acb4   0x00000048   Code   RO        10083    i.rpl_alloc_dag     rpl-dag.o
    0x0800acfc   0x00000048   Code   RO        10084    i.rpl_alloc_instance  rpl-dag.o
    0x0800ad44   0x00000014   Code   RO        10085    i.rpl_dag_init      rpl-dag.o
    0x0800ad58   0x00000018   Code   RO        10086    i.rpl_find_of       rpl-dag.o
    0x0800ad70   0x00000016   Code   RO        10087    i.rpl_find_parent   rpl-dag.o
    0x0800ad86   0x0000001a   Code   RO        10088    i.rpl_find_parent_any_dag  rpl-dag.o
    0x0800ada0   0x0000003c   Code   RO        10089    i.rpl_free_dag      rpl-dag.o
    0x0800addc   0x00000018   Code   RO        10091    i.rpl_get_any_dag   rpl-dag.o
    0x0800adf4   0x0000004c   Code   RO        10092    i.rpl_get_dag       rpl-dag.o
    0x0800ae40   0x0000001c   Code   RO        10094    i.rpl_get_instance  rpl-dag.o
    0x0800ae5c   0x0000000c   Code   RO         9982    i.rpl_get_mode      rpl.o
    0x0800ae68   0x00000010   Code   RO        10096    i.rpl_get_parent    rpl-dag.o
    0x0800ae78   0x0000000e   Code   RO        10097    i.rpl_get_parent_ipaddr  rpl-dag.o
    0x0800ae86   0x0000000e   Code   RO        10099    i.rpl_get_parent_link_stats  rpl-dag.o
    0x0800ae94   0x00000010   Code   RO        10100    i.rpl_get_parent_lladdr  rpl-dag.o
    0x0800aea4   0x00000028   Code   RO        10540    i.rpl_icmp6_register_handlers  rpl-icmp6.o
    0x0800aecc   0x00000028   Code   RO        10541    i.rpl_icmp6_update_nbr_table  rpl-icmp6.o
    0x0800aef4   0x00000048   Code   RO         9983    i.rpl_init          rpl.o
    0x0800af3c   0x00000040   Code   RO         9984    i.rpl_ipv6_neighbor_callback  rpl.o
    0x0800af7c   0x00000120   Code   RO        10103    i.rpl_join_instance  rpl-dag.o
    0x0800b09c   0x00000060   Code   RO         9985    i.rpl_link_neighbor_callback  rpl.o
    0x0800b0fc   0x0000008c   Code   RO        10104    i.rpl_local_repair  rpl-dag.o
    0x0800b188   0x00000056   Code   RO        10105    i.rpl_move_parent   rpl-dag.o
    0x0800b1de   0x00000002   PAD
    0x0800b1e0   0x00000028   Code   RO        10907    i.rpl_nbr_policy_find_removable  rpl-nbr-policy.o
    0x0800b208   0x00000058   Code   RO        10106    i.rpl_nullify_parent  rpl-dag.o
    0x0800b260   0x0000000e   Code   RO        10107    i.rpl_parent_is_fresh  rpl-dag.o
    0x0800b26e   0x00000032   Code   RO        10108    i.rpl_parent_is_reachable  rpl-dag.o
    0x0800b2a0   0x0000022e   Code   RO        10110    i.rpl_process_dio   rpl-dag.o
    0x0800b4ce   0x0000007a   Code   RO        10111    i.rpl_process_parent_event  rpl-dag.o
    0x0800b548   0x0000004c   Code   RO         9986    i.rpl_purge_dags    rpl.o
    0x0800b594   0x00000064   Code   RO         9987    i.rpl_purge_routes  rpl.o
    0x0800b5f8   0x0000001a   Code   RO        10112    i.rpl_rank_via_parent  rpl-dag.o
    0x0800b612   0x00000002   PAD
    0x0800b614   0x0000003c   Code   RO        10113    i.rpl_recalculate_ranks  rpl-dag.o
    0x0800b650   0x0000008c   Code   RO        10489    i.rpl_remove_header  rpl-ext-header.o
    0x0800b6dc   0x0000001c   Code   RO        10114    i.rpl_remove_parent  rpl-dag.o
    0x0800b6f8   0x00000020   Code   RO         9988    i.rpl_remove_routes  rpl.o
    0x0800b718   0x0000003a   Code   RO         9989    i.rpl_remove_routes_by_nexthop  rpl.o
    0x0800b752   0x00000044   Code   RO        10115    i.rpl_repair_root   rpl-dag.o
    0x0800b796   0x0000001c   Code   RO        10798    i.rpl_reset_dio_timer  rpl-timers.o
    0x0800b7b2   0x00000002   PAD
    0x0800b7b4   0x00000038   Code   RO        10799    i.rpl_reset_periodic_timer  rpl-timers.o
    0x0800b7ec   0x00000008   Code   RO        10800    i.rpl_schedule_dao  rpl-timers.o
    0x0800b7f4   0x00000020   Code   RO        10802    i.rpl_schedule_probing  rpl-timers.o
    0x0800b814   0x00000014   Code   RO        10803    i.rpl_schedule_unicast_dio_immediately  rpl-timers.o
    0x0800b828   0x00000140   Code   RO        10116    i.rpl_select_dag    rpl-dag.o
    0x0800b968   0x0000004e   Code   RO        10117    i.rpl_select_parent  rpl-dag.o
    0x0800b9b6   0x0000002c   Code   RO        10119    i.rpl_set_default_route  rpl-dag.o
    0x0800b9e2   0x00000002   PAD
    0x0800b9e4   0x00000028   Code   RO        10120    i.rpl_set_preferred_parent  rpl-dag.o
    0x0800ba0c   0x0000005c   Code   RO        10121    i.rpl_set_prefix    rpl-dag.o
    0x0800ba68   0x00000110   Code   RO        10122    i.rpl_set_root      rpl-dag.o
    0x0800bb78   0x00000070   Code   RO        10490    i.rpl_update_header  rpl-ext-header.o
    0x0800bbe8   0x000000f4   Code   RO        10491    i.rpl_verify_hbh_header  rpl-ext-header.o
    0x0800bcdc   0x00000094   Code   RO        11844    i.rtimer_arch_init  rtimer-arch.o
    0x0800bd70   0x0000000c   Code   RO        11845    i.rtimer_arch_now   rtimer-arch.o
    0x0800bd7c   0x00000004   Code   RO        11345    i.rtimer_init       rtimer.o
    0x0800bd80   0x00000054   Code   RO        10804    i.schedule_dao      rpl-timers.o
    0x0800bdd4   0x0000004c   Code   RO         9384    i.schedule_transmission  csma.o
    0x0800be20   0x00000020   Code   RO         9346    i.send              nullsec.o
    0x0800be40   0x00000058   Code   RO         6627    i.send_headers      httpd-simple.o
    0x0800be98   0x00000024   Code   RO         9843    i.send_list         nullrdc.o
    0x0800bebc   0x00000068   Code   RO         9844    i.send_one_packet   nullrdc.o
    0x0800bf24   0x00000024   Code   RO         8319    i.send_packet       sicslowpan.o
    0x0800bf48   0x00000130   Code   RO         9385    i.send_packet       csma.o
    0x0800c078   0x00000004   Code   RO         9845    i.send_packet       nullrdc.o
    0x0800c07c   0x00000024   Code   RO         6883    i.sensors_changed   sensors.o
    0x0800c0a0   0x0000000a   Code   RO        10542    i.set16             rpl-icmp6.o
    0x0800c0aa   0x00000016   Code   RO        10543    i.set32             rpl-icmp6.o
    0x0800c0c0   0x00000048   Code   RO        10805    i.set_dao_lifetime_timer  rpl-timers.o
    0x0800c108   0x0000002c   Code   RO        10123    i.set_ip_from_prefix  rpl-dag.o
    0x0800c134   0x00000040   Code   RO         8320    i.set_packet_attrs  sicslowpan.o
    0x0800c174   0x00000054   Code   RO         6325    i.set_prefix_64     border-router.o
    0x0800c1c8   0x00000024   Code   RO         8322    i.sicslowpan_init   sicslowpan.o
    0x0800c1ec   0x00000014   Code   RO        12090    i.slip_arch_init    uart-msg.o
    0x0800c200   0x0000000a   Code   RO        12091    i.slip_arch_writeb  uart-msg.o
    0x0800c20a   0x00000002   PAD
    0x0800c20c   0x00000080   Code   RO        12197    i.slip_input_byte   slip.o
    0x0800c28c   0x0000012c   Code   RO         6688    i.slip_input_callback  slip-bridge.o
    0x0800c3b8   0x00000160   Code   RO        12198    i.slip_poll_handler  slip.o
    0x0800c518   0x00000050   Code   RO        12199    i.slip_send         slip.o
    0x0800c568   0x0000000c   Code   RO        12200    i.slip_set_input_callback  slip.o
    0x0800c574   0x000000a8   Code   RO        12010    i.spirit1_arch_refresh_status  spirit1-arch.o
    0x0800c61c   0x000000c4   Code   RO        11889    i.spirit1_interrupt_callback  spirit1.o
    0x0800c6e0   0x000000d4   Code   RO        11891    i.spirit_radio_channel_clear  spirit1.o
    0x0800c7b4   0x00000130   Code   RO        11892    i.spirit_radio_init  spirit1.o
    0x0800c8e4   0x000000a0   Code   RO        11893    i.spirit_radio_off  spirit1.o
    0x0800c984   0x000000b4   Code   RO        11894    i.spirit_radio_on   spirit1.o
    0x0800ca38   0x00000010   Code   RO        11895    i.spirit_radio_pending_packet  spirit1.o
    0x0800ca48   0x0000004c   Code   RO        11896    i.spirit_radio_prepare  spirit1.o
    0x0800ca94   0x000000c0   Code   RO        11897    i.spirit_radio_read  spirit1.o
    0x0800cb54   0x0000000c   Code   RO        11898    i.spirit_radio_receiving_packet  spirit1.o
    0x0800cb60   0x00000018   Code   RO        11899    i.spirit_radio_send  spirit1.o
    0x0800cb78   0x0000011c   Code   RO        11900    i.spirit_radio_transmit  spirit1.o
    0x0800cc94   0x0000004e   Code   RO        11901    i.spirit_set_ready_state  spirit1.o
    0x0800cce2   0x00000002   PAD
    0x0800cce4   0x0000001c   Code   RO         7777    i.start_periodic_tcp_timer  tcpip.o
    0x0800cd00   0x00000014   Code   RO        11453    i.status            button-sensor.o
    0x0800cd14   0x00000014   Code   RO        11546    i.status            radio-sensor.o
    0x0800cd28   0x00000020   Code   RO        11372    i.stimer_expired    stimer.o
    0x0800cd48   0x0000000e   Code   RO        11376    i.stimer_set        stimer.o
    0x0800cd56   0x00000002   PAD
    0x0800cd58   0x00000064   Code   RO         8323    i.store_fragment    sicslowpan.o
    0x0800cdbc   0x00000010   Code   RO         7778    i.tcp_attach        tcpip.o
    0x0800cdcc   0x00000028   Code   RO         7780    i.tcp_listen        tcpip.o
    0x0800cdf4   0x00000024   Code   RO         7782    i.tcpip_input       tcpip.o
    0x0800ce18   0x000000f0   Code   RO         7783    i.tcpip_ipv6_output  tcpip.o
    0x0800cf08   0x00000018   Code   RO         7784    i.tcpip_output      tcpip.o
    0x0800cf20   0x0000000c   Code   RO         7787    i.tcpip_set_outputfunc  tcpip.o
    0x0800cf2c   0x0000006c   Code   RO         7788    i.tcpip_uipcall     tcpip.o
    0x0800cf98   0x0000001c   Code   RO        11413    i.timer_expired     timer.o
    0x0800cfb4   0x0000000a   Code   RO        11415    i.timer_reset       timer.o
    0x0800cfbe   0x0000000c   Code   RO        11416    i.timer_restart     timer.o
    0x0800cfca   0x0000000e   Code   RO        11417    i.timer_set         timer.o
    0x0800cfd8   0x00000028   Code   RO         9386    i.transmit_packet_list  csma.o
    0x0800d000   0x0000002a   Code   RO         9387    i.tx_done           csma.o
    0x0800d02a   0x00000002   PAD
    0x0800d02c   0x00000018   Code   RO        11699    i.uart_send_char    console.o
    0x0800d044   0x00000014   Code   RO        12093    i.uart_send_msg     uart-msg.o
    0x0800d058   0x0000005c   Code   RO         8596    i.uip_add32         uip6.o
    0x0800d0b4   0x0000002c   Code   RO         8597    i.uip_add_rcv_nxt   uip6.o
    0x0800d0e0   0x000000c0   Code   RO         8132    i.uip_debug_ipaddr_print  uip-debug.o
    0x0800d1a0   0x00000090   Code   RO         8758    i.uip_ds6_addr_add  uip-ds6.o
    0x0800d230   0x0000002c   Code   RO         8759    i.uip_ds6_addr_lookup  uip-ds6.o
    0x0800d25c   0x00000048   Code   RO         8760    i.uip_ds6_addr_rm   uip-ds6.o
    0x0800d2a4   0x00000034   Code   RO         8761    i.uip_ds6_compute_reachable_time  uip-ds6.o
    0x0800d2d8   0x00000058   Code   RO         9080    i.uip_ds6_defrt_add  uip-ds6-route.o
    0x0800d330   0x00000034   Code   RO         9081    i.uip_ds6_defrt_choose  uip-ds6-route.o
    0x0800d364   0x0000002c   Code   RO         9083    i.uip_ds6_defrt_lookup  uip-ds6-route.o
    0x0800d390   0x00000034   Code   RO         9084    i.uip_ds6_defrt_periodic  uip-ds6-route.o
    0x0800d3c4   0x00000040   Code   RO         9085    i.uip_ds6_defrt_rm  uip-ds6-route.o
    0x0800d404   0x00000040   Code   RO         8763    i.uip_ds6_get_link_local  uip-ds6.o
    0x0800d444   0x000000d0   Code   RO         8764    i.uip_ds6_init      uip-ds6.o
    0x0800d514   0x0000003c   Code   RO         8765    i.uip_ds6_is_addr_onlink  uip-ds6.o
    0x0800d550   0x00000038   Code   RO         8908    i.uip_ds6_link_neighbor_callback  uip-ds6-nbr.o
    0x0800d588   0x00000048   Code   RO         8766    i.uip_ds6_list_loop  uip-ds6.o
    0x0800d5d0   0x00000040   Code   RO         8767    i.uip_ds6_maddr_add  uip-ds6.o
    0x0800d610   0x0000002c   Code   RO         8768    i.uip_ds6_maddr_lookup  uip-ds6.o
    0x0800d63c   0x0000000a   Code   RO         8769    i.uip_ds6_maddr_rm  uip-ds6.o
    0x0800d646   0x00000002   PAD
    0x0800d648   0x00000034   Code   RO         8909    i.uip_ds6_nbr_add   uip-ds6-nbr.o
    0x0800d67c   0x00000010   Code   RO         8911    i.uip_ds6_nbr_get_ll  uip-ds6-nbr.o
    0x0800d68c   0x00000004   Code   RO         8912    i.uip_ds6_nbr_ipaddr_from_lladdr  uip-ds6-nbr.o
    0x0800d690   0x00000010   Code   RO         8913    i.uip_ds6_nbr_ll_lookup  uip-ds6-nbr.o
    0x0800d6a0   0x00000014   Code   RO         8914    i.uip_ds6_nbr_lladdr_from_ipaddr  uip-ds6-nbr.o
    0x0800d6b4   0x00000038   Code   RO         8915    i.uip_ds6_nbr_lookup  uip-ds6-nbr.o
    0x0800d6ec   0x00000020   Code   RO         8917    i.uip_ds6_nbr_rm    uip-ds6-nbr.o
    0x0800d70c   0x0000001c   Code   RO         8918    i.uip_ds6_neighbors_init  uip-ds6-nbr.o
    0x0800d728   0x00000048   Code   RO         8770    i.uip_ds6_periodic  uip-ds6.o
    0x0800d770   0x00000058   Code   RO         8771    i.uip_ds6_prefix_add  uip-ds6.o
    0x0800d7c8   0x000000e0   Code   RO         9088    i.uip_ds6_route_add  uip-ds6-route.o
    0x0800d8a8   0x0000000c   Code   RO         9089    i.uip_ds6_route_head  uip-ds6-route.o
    0x0800d8b4   0x0000003c   Code   RO         9090    i.uip_ds6_route_init  uip-ds6-route.o
    0x0800d8f0   0x00000024   Code   RO         9091    i.uip_ds6_route_is_nexthop  uip-ds6-route.o
    0x0800d914   0x00000064   Code   RO         9092    i.uip_ds6_route_lookup  uip-ds6-route.o
    0x0800d978   0x0000000a   Code   RO         9093    i.uip_ds6_route_next  uip-ds6-route.o
    0x0800d982   0x00000002   PAD
    0x0800d984   0x00000020   Code   RO         9094    i.uip_ds6_route_nexthop  uip-ds6-route.o
    0x0800d9a4   0x00000094   Code   RO         9096    i.uip_ds6_route_rm  uip-ds6-route.o
    0x0800da38   0x0000009c   Code   RO         8774    i.uip_ds6_select_src  uip-ds6.o
    0x0800dad4   0x00000012   Code   RO         8775    i.uip_ds6_set_addr_iid  uip-ds6.o
    0x0800dae6   0x00000004   Code   RO         8600    i.uip_htonl         uip6.o
    0x0800daea   0x00000002   PAD
    0x0800daec   0x0000011c   Code   RO         9229    i.uip_icmp6_error_output  uip-icmp6.o
    0x0800dc08   0x00000018   Code   RO         9230    i.uip_icmp6_init    uip-icmp6.o
    0x0800dc20   0x00000040   Code   RO         9231    i.uip_icmp6_input   uip-icmp6.o
    0x0800dc60   0x00000010   Code   RO         9232    i.uip_icmp6_register_input_handler  uip-icmp6.o
    0x0800dc70   0x00000080   Code   RO         9233    i.uip_icmp6_send    uip-icmp6.o
    0x0800dcf0   0x00000006   Code   RO         8602    i.uip_icmp6chksum   uip6.o
    0x0800dcf6   0x00000002   PAD
    0x0800dcf8   0x0000005c   Code   RO         8603    i.uip_init          uip6.o
    0x0800dd54   0x0000001c   Code   RO         8604    i.uip_listen        uip6.o
    0x0800dd70   0x0000000c   Code   RO         9300    i.uip_nd6_init      uip-nd6.o
    0x0800dd7c   0x00000bbc   Code   RO         8605    i.uip_process       uip6.o
    0x0800e938   0x00000050   Code   RO         8606    i.uip_send          uip6.o
    0x0800e988   0x00000006   Code   RO         8607    i.uip_tcpchksum     uip6.o
    0x0800e98e   0x00000006   Code   RO         8609    i.uip_udpchksum     uip6.o
    0x0800e994   0x00000020   Code   RO         8610    i.uip_unlisten      uip6.o
    0x0800e9b4   0x00000074   Code   RO         8324    i.uncompress_addr   sicslowpan.o
    0x0800ea28   0x000002dc   Code   RO         8325    i.uncompress_hdr_iphc  sicslowpan.o
    0x0800ed04   0x000000d4   Code   RO        10492    i.update_hbh_header  rpl-ext-header.o
    0x0800edd8   0x00000006   Code   RO        10644    i.update_metric_container  rpl-mrhof.o
    0x0800edde   0x00000002   PAD
    0x0800ede0   0x000000d4   Code   RO        10908    i.update_nbr        rpl-nbr-policy.o
    0x0800eeb4   0x00000038   Code   RO        11149    i.update_time       etimer.o
    0x0800eeec   0x00000050   Code   RO         8611    i.upper_layer_chksum  uip6.o
    0x0800ef3c   0x00000006   Code   RO        11454    i.value             button-sensor.o
    0x0800ef42   0x00000002   PAD
    0x0800ef44   0x00000040   Code   RO        11547    i.value             radio-sensor.o
    0x0800ef84   0x00000002   Code   RO        12046    i.watchdog_init     watchdog.o
    0x0800ef86   0x00000002   Code   RO        12047    i.watchdog_periodic  watchdog.o
    0x0800ef88   0x00000002   Code   RO        12049    i.watchdog_start    watchdog.o
    0x0800ef8a   0x00000008   Data   RO          643    .constdata          spirit_management.o
    0x0800ef92   0x00000002   PAD
    0x0800ef94   0x00000154   Data   RO         1532    .constdata          spirit_radio.o
    0x0800f0e8   0x00000006   Data   RO         2209    .constdata          stm32l1xx_nucleo.o
    0x0800f0ee   0x00000002   PAD
    0x0800f0f0   0x00000048   Data   RO         2528    .constdata          radio_gpio.o
    0x0800f138   0x00000002   Data   RO         2698    .constdata          radio_shield_config.o
    0x0800f13a   0x00000019   Data   RO         2836    .constdata          system_stm32l1xx.o
    0x0800f153   0x00000008   Data   RO         2837    .constdata          system_stm32l1xx.o
    0x0800f15b   0x00000001   PAD
    0x0800f15c   0x0000000c   Data   RO         6327    .constdata          border-router.o
    0x0800f168   0x000000e0   Data   RO         6629    .constdata          httpd-simple.o
    0x0800f248   0x00000008   Data   RO         6690    .constdata          slip-bridge.o
    0x0800f250   0x00000008   Data   RO         6932    .constdata          linkaddr.o
    0x0800f258   0x00000012   Data   RO         8327    .constdata          sicslowpan.o
    0x0800f26a   0x00000002   PAD
    0x0800f26c   0x0000000c   Data   RO         8328    .constdata          sicslowpan.o
    0x0800f278   0x00000010   Data   RO         9347    .constdata          nullsec.o
    0x0800f288   0x0000001c   Data   RO         9393    .constdata          csma.o
    0x0800f2a4   0x0000000c   Data   RO         9659    .constdata          framer-802154.o
    0x0800f2b0   0x00000020   Data   RO         9846    .constdata          nullrdc.o
    0x0800f2d0   0x00000004   Data   RO        10126    .constdata          rpl-dag.o
    0x0800f2d4   0x00000010   Data   RO        11455    .constdata          button-sensor.o
    0x0800f2e4   0x00000010   Data   RO        11548    .constdata          radio-sensor.o
    0x0800f2f4   0x00000038   Data   RO        11903    .constdata          spirit1.o
    0x0800f32c   0x00000030   Data   RO        11904    .constdata          spirit1.o
    0x0800f35c   0x00000016   Data   RO         6328    .conststring        border-router.o
    0x0800f372   0x00000002   PAD
    0x0800f374   0x0000000b   Data   RO         6329    .conststring        border-router.o
    0x0800f37f   0x00000001   PAD
    0x0800f380   0x00000044   Data   RO         6330    .conststring        border-router.o
    0x0800f3c4   0x00000059   Data   RO         6630    .conststring        httpd-simple.o
    0x0800f41d   0x00000003   PAD
    0x0800f420   0x00000008   Data   RO         6887    .conststring        sensors.o
    0x0800f428   0x0000000d   Data   RO         7793    .conststring        tcpip.o
    0x0800f435   0x00000003   PAD
    0x0800f438   0x0000000b   Data   RO         8329    .conststring        sicslowpan.o
    0x0800f443   0x00000001   PAD
    0x0800f444   0x00000008   Data   RO         9348    .conststring        nullsec.o
    0x0800f44c   0x00000005   Data   RO         9394    .conststring        csma.o
    0x0800f451   0x00000003   PAD
    0x0800f454   0x00000008   Data   RO         9847    .conststring        nullrdc.o
    0x0800f45c   0x0000000f   Data   RO        11055    .conststring        ctimer.o
    0x0800f46b   0x00000001   PAD
    0x0800f46c   0x0000000c   Data   RO        11150    .conststring        etimer.o
    0x0800f478   0x00000007   Data   RO        11456    .conststring        button-sensor.o
    0x0800f47f   0x00000001   PAD
    0x0800f480   0x00000006   Data   RO        11549    .conststring        radio-sensor.o
    0x0800f486   0x00000002   PAD
    0x0800f488   0x00000014   Data   RO        11905    .conststring        spirit1.o
    0x0800f49c   0x0000000c   Data   RO        12203    .conststring        slip.o
    0x0800f4a8   0x00000020   Data   RO        12698    Region$$Table       anon$$obj.o


    Execution Region RW_IRAM1 (Base: 0x20000000, Size: 0x00003e38, Max: 0x00014000, ABSOLUTE, COMPRESSED[0x0000017c])

    Base Addr    Size         Type   Attr      Idx    E Section Name        Object

    0x20000000   0x00000008   Data   RW          644    .data               spirit_management.o
    0x20000008   0x00000008   Data   RW         1533    .data               spirit_radio.o
    0x20000010   0x00000002   Data   RW         2153    .data               spirit_types.o
    0x20000012   0x00000002   PAD
    0x20000014   0x0000000c   Data   RW         2210    .data               stm32l1xx_nucleo.o
    0x20000020   0x00000014   Data   RW         2529    .data               radio_gpio.o
    0x20000034   0x00000004   Data   RW         2699    .data               radio_shield_config.o
    0x20000038   0x00000004   Data   RW         2760    .data               radio_spi.o
    0x2000003c   0x00000004   Data   RW         2838    .data               system_stm32l1xx.o
    0x20000040   0x00000004   Data   RW         2895    .data               stm32l1xx_hal.o
    0x20000044   0x00000005   Data   RW         5951    .data               main.o
    0x20000049   0x00000003   PAD
    0x2000004c   0x00000004   Data   RW         6071    .data               stm32l1xx_hal_msp.o
    0x20000050   0x00000010   Data   RW         6331    .data               border-router.o
    0x20000060   0x00000010   Data   RW         6332    .data               border-router.o
    0x20000070   0x00000018   Data   RW         6333    .data               border-router.o
    0x20000088   0x00000010   Data   RW         6631    .data               httpd-simple.o
    0x20000098   0x00000002   Data   RW         6632    .data               httpd-simple.o
    0x2000009a   0x00000002   PAD
    0x2000009c   0x0000001c   Data   RW         6888    .data               sensors.o
    0x200000b8   0x00000008   Data   RW         6933    .data               linkaddr.o
    0x200000c0   0x00000014   Data   RW         6984    .data               nbr-table.o
    0x200000d4   0x00000004   Data   RW         6985    .data               nbr-table.o
    0x200000d8   0x0000000c   Data   RW         7126    .data               packetbuf.o
    0x200000e4   0x00000018   Data   RW         7250    .data               queuebuf.o
    0x200000fc   0x00000010   Data   RW         7374    .data               link-stats.o
    0x2000010c   0x00000004   Data   RW         7375    .data               link-stats.o
    0x20000110   0x00000018   Data   RW         7794    .data               tcpip.o
    0x20000128   0x00000020   Data   RW         8330    .data               sicslowpan.o
    0x20000148   0x00000028   Data   RW         8613    .data               uip6.o
    0x20000170   0x00000008   Data   RW         8614    .data               uip6.o
    0x20000178   0x00000014   Data   RW         8778    .data               uip-ds6.o
    0x2000018c   0x00000010   Data   RW         8920    .data               uip-ds6-nbr.o
    0x2000019c   0x00000004   Data   RW         8921    .data               uip-ds6-nbr.o
    0x200001a0   0x00000010   Data   RW         9104    .data               uip-ds6-route.o
    0x200001b0   0x00000038   Data   RW         9105    .data               uip-ds6-route.o
    0x200001e8   0x00000004   Data   RW         9106    .data               uip-ds6-route.o
    0x200001ec   0x00000004   Data   RW         9107    .data               uip-ds6-route.o
    0x200001f0   0x00000004   Data   RW         9108    .data               uip-ds6-route.o
    0x200001f4   0x00000002   Data   RW         9109    .data               uip-ds6-route.o
    0x200001f6   0x00000002   PAD
    0x200001f8   0x00000004   Data   RW         9235    .data               uip-icmp6.o
    0x200001fc   0x00000020   Data   RW         9236    .data               uip-icmp6.o
    0x2000021c   0x00000004   Data   RW         9237    .data               uip-icmp6.o
    0x20000220   0x0000001c   Data   RW         9301    .data               uip-nd6.o
    0x2000023c   0x0000002c   Data   RW         9395    .data               csma.o
    0x20000268   0x00000004   Data   RW         9396    .data               csma.o
    0x2000026c   0x00000002   Data   RW         9397    .data               csma.o
    0x2000026e   0x00000002   Data   RW         9484    .data               frame802154.o
    0x20000270   0x00000002   Data   RW         9660    .data               framer-802154.o
    0x20000272   0x00000001   Data   RW         9991    .data               rpl.o
    0x20000273   0x00000001   PAD
    0x20000274   0x00000010   Data   RW        10127    .data               rpl-dag.o
    0x20000284   0x00000008   Data   RW        10128    .data               rpl-dag.o
    0x2000028c   0x00000034   Data   RW        10544    .data               rpl-icmp6.o
    0x200002c0   0x00000024   Data   RW        10645    .data               rpl-mrhof.o
    0x200002e4   0x00000004   Data   RW        10807    .data               rpl-timers.o
    0x200002e8   0x00000018   Data   RW        10910    .data               rpl-nbr-policy.o
    0x20000300   0x00000004   Data   RW        11056    .data               ctimer.o
    0x20000304   0x00000018   Data   RW        11057    .data               ctimer.o
    0x2000031c   0x00000018   Data   RW        11151    .data               etimer.o
    0x20000334   0x00000010   Data   RW        11250    .data               process.o
    0x20000344   0x00000004   Data   RW        11457    .data               button-sensor.o
    0x20000348   0x00000004   Data   RW        11550    .data               radio-sensor.o
    0x2000034c   0x00000008   Data   RW        11633    .data               clock.o
    0x20000354   0x0000000c   Data   RW        11756    .data               contiki-spirit1-main.o
    0x20000360   0x00000003   Data   RW        11758    .data               contiki-spirit1-main.o
    0x20000363   0x00000001   PAD
    0x20000364   0x0000000a   Data   RW        11824    .data               node-id.o
    0x2000036e   0x00000002   PAD
    0x20000370   0x00000004   Data   RW        11848    .data               rtimer-arch.o
    0x20000374   0x00000028   Data   RW        11906    .data               spirit1.o
    0x2000039c   0x00000001   Data   RW        12094    .data               uart-msg.o
    0x2000039d   0x00000003   PAD
    0x200003a0   0x0000001c   Data   RW        12204    .data               slip.o
    0x200003bc   0x00000004   Data   RW        12277    .data               mc_w.l(rand.o)
    0x200003c0   0x00000004   Data   RW        12661    .data               mc_w.l(stdout.o)
    0x200003c4   0x00000058   Zero   RW         2759    .bss                radio_spi.o
    0x2000041c   0x00000040   Zero   RW         5948    .bss                main.o
    0x2000045c   0x00000044   Zero   RW         5949    .bss                main.o
    0x200004a0   0x00000020   Zero   RW         6005    .bss                cube_hal_l1.o
    0x200004c0   0x00000240   Zero   RW         6070    .bss                stm32l1xx_hal_msp.o
    0x20000700   0x00000120   Zero   RW         6326    .bss                border-router.o
    0x20000820   0x000000f0   Zero   RW         6628    .bss                httpd-simple.o
    0x20000910   0x00000010   Zero   RW         6689    .bss                slip-bridge.o
    0x20000920   0x00000048   Zero   RW         6981    .bss                nbr-table.o
    0x20000968   0x00000014   Zero   RW         6982    .bss                nbr-table.o
    0x2000097c   0x000000f0   Zero   RW         6983    .bss                nbr-table.o
    0x20000a6c   0x0000002e   Zero   RW         7124    .bss                packetbuf.o
    0x20000a9a   0x00000002   PAD
    0x20000a9c   0x00000080   Zero   RW         7125    .bss                packetbuf.o
    0x20000b1c   0x00000010   Zero   RW         7246    .bss                queuebuf.o
    0x20000b2c   0x00000040   Zero   RW         7247    .bss                queuebuf.o
    0x20000b6c   0x00000010   Zero   RW         7248    .bss                queuebuf.o
    0x20000b7c   0x00000b00   Zero   RW         7249    .bss                queuebuf.o
    0x2000167c   0x000000f0   Zero   RW         7372    .bss                link-stats.o
    0x2000176c   0x00000020   Zero   RW         7373    .bss                link-stats.o
    0x2000178c   0x00000054   Zero   RW         7792    .bss                tcpip.o
    0x200017e0   0x000006d0   Zero   RW         8326    .bss                sicslowpan.o
    0x20001eb0   0x00000764   Zero   RW         8612    .bss                uip6.o
    0x20002614   0x00000178   Zero   RW         8776    .bss                uip-ds6.o
    0x2000278c   0x00000168   Zero   RW         8919    .bss                uip-ds6-nbr.o
    0x200028f4   0x000000a0   Zero   RW         9098    .bss                uip-ds6-route.o
    0x20002994   0x0000001e   Zero   RW         9099    .bss                uip-ds6-route.o
    0x200029b2   0x00000002   PAD
    0x200029b4   0x000000f0   Zero   RW         9100    .bss                uip-ds6-route.o
    0x20002aa4   0x0000001e   Zero   RW         9101    .bss                uip-ds6-route.o
    0x20002ac2   0x00000002   PAD
    0x20002ac4   0x000004b0   Zero   RW         9102    .bss                uip-ds6-route.o
    0x20002f74   0x00000040   Zero   RW         9103    .bss                uip-ds6-route.o
    0x20002fb4   0x00000010   Zero   RW         9234    .bss                uip-icmp6.o
    0x20002fc4   0x00000070   Zero   RW         9388    .bss                csma.o
    0x20003034   0x00000010   Zero   RW         9389    .bss                csma.o
    0x20003044   0x000000c0   Zero   RW         9390    .bss                csma.o
    0x20003104   0x00000010   Zero   RW         9391    .bss                csma.o
    0x20003114   0x000000c0   Zero   RW         9392    .bss                csma.o
    0x200031d4   0x000000a0   Zero   RW        10124    .bss                rpl-dag.o
    0x20003274   0x00000154   Zero   RW        10125    .bss                rpl-dag.o
    0x200033c8   0x00000020   Zero   RW        10806    .bss                rpl-timers.o
    0x200033e8   0x00000020   Zero   RW        10909    .bss                rpl-nbr-policy.o
    0x20003408   0x00000060   Zero   RW        11249    .bss                process.o
    0x20003468   0x0000000c   Zero   RW        11823    .bss                node-id.o
    0x20003474   0x00000038   Zero   RW        11847    .bss                rtimer-arch.o
    0x200034ac   0x00000061   Zero   RW        11902    .bss                spirit1.o
    0x2000350d   0x00000524   Zero   RW        12202    .bss                slip.o
    0x20003a31   0x00000007   PAD
    0x20003a38   0x00000400   Zero   RW         5937    STACK               startup_stm32l152xe.o


==============================================================================

Image component sizes


      Code (inc. data)   RO Data    RW Data    ZI Data      Debug   Object Name

        26          0          0          0          0       1318   autostart.o
      1156        200        113         56        288      44331   border-router.o
        66         10         23          4          0       3120   button-sensor.o
        84         22          0          8          0       3711   clock.o
        28          4          0          0          0       3236   console.o
      1328        880          0         15          0       3645   contiki-spirit1-main.o
       890         56         33         50        528      12918   csma.o
       388         50         15         28          0       6336   ctimer.o
       358         30          0          0         32       3583   cube_hal_l1.o
         4          0          0          0          0       1105   energest.o
       434         34         12         24          0       9177   etimer.o
       986         12          0          2          0       9204   frame802154.o
       442          4         12          2          0       4160   framer-802154.o
       732         56        313         18        240       5587   httpd-simple.o
       356         48          0         20        272      30256   link-stats.o
        44          4          8          8          0       3687   linkaddr.o
       142          0          0          0          0       5866   list.o
        26          0          0          0          0        841   mac.o
       280         94          0          5        132       1865   main.o
       164          0          0          0          0       4234   memb.o
      1016         94          0         24        332      17886   nbr-table.o
        56         20          0          0          0        612   netstack.o
        52         14          0         10         12       1919   node-id.o
       248         42         40          0          0       6437   nullrdc.o
        46         10         24          0          0       2705   nullsec.o
       496        106          0         12        174      13685   packetbuf.o
       584         62          0         16         96      11575   process.o
       432         22          0          0          0       7935   psock.o
       224         26          0         24       2912       6183   queuebuf.o
       112         18         22          4          0       3375   radio-sensor.o
       216         20         72         20          0      14801   radio_gpio.o
        68         12          2          4          0       1740   radio_shield_config.o
      1328        100          0          4         88       8070   radio_spi.o
        14          0          0          0          0       1200   random.o
      3772        100          4         24        500      48541   rpl-dag.o
       884         62          0          0          0       6376   rpl-ext-header.o
      2476        114          0         52          0      16675   rpl-icmp6.o
       338          0          0         36          0      13779   rpl-mrhof.o
       400         42          0         24         32       5957   rpl-nbr-policy.o
      1006         70          0          4         32      12403   rpl-timers.o
       570         30          0          1          0      18188   rpl.o
       160         14          0          4         56       2474   rtimer-arch.o
         4          0          0          0          0        542   rtimer.o
       256         30          8         28          0       4654   sensors.o
      3632        142         41         32       1744      52902   sicslowpan.o
       468        210          8          0         16      21710   slip-bridge.o
       664         46         12         28       1316       6127   slip.o
       168         10          0          0          0       1619   spirit1-arch.o
      1894        114        124         40         97      16176   spirit1.o
         0          0          0          0          0       6980   spirit_aes.o
       646         22          0          0          0       4295   spirit_calibration.o
        72          4          0          0          0       2993   spirit_commands.o
        88          4          0          0          0       7125   spirit_gpio.o
       480         20          0          0          0       6742   spirit_irq.o
        88          6          0          0          0        712   spirit_linearfifo.o
       692         62          8          8          0      23751   spirit_management.o
       852         20          0          0          0       3839   spirit_pktbasic.o
       260         10          0          0          0       1459   spirit_pktcommon.o
       592         26          0          0          0       3442   spirit_qi.o
      3948        312        340          8          0      21985   spirit_radio.o
       264         10          0          0          0       1432   spirit_timer.o
       104          6          0          2          0       2958   spirit_types.o
        36          8        292          0       1024        960   startup_stm32l152xe.o
        46          0          0          0          0       2142   stimer.o
       158         30          0          4          0       5378   stm32l1xx_hal.o
       240         14          0          0          0      29275   stm32l1xx_hal_cortex.o
       454         12          0          0          0       4071   stm32l1xx_hal_dma.o
       484         46          0          0          0       4675   stm32l1xx_hal_gpio.o
       652         66          0          4        576       4619   stm32l1xx_hal_msp.o
      2724        110          0          0          0       7868   stm32l1xx_hal_rcc.o
       392         14          0          0          0       1732   stm32l1xx_hal_rcc_ex.o
       686         14          0          0          0       5607   stm32l1xx_hal_rtc.o
        58          0          0          0          0       1421   stm32l1xx_hal_rtc_ex.o
      1218          0          0          0          0       6445   stm32l1xx_hal_spi.o
       132          0          0          0          0       1347   stm32l1xx_hal_spi_ex.o
       878         24          0          0          0      12054   stm32l1xx_hal_tim.o
      1456         20          0          0          0       9516   stm32l1xx_hal_uart.o
       376         62          0          0          0      13049   stm32l1xx_it.o
       256         46          6         12          0     471084   stm32l1xx_nucleo.o
        80         18         33          4          0       1767   system_stm32l1xx.o
       944        134         13         24         84      32258   tcpip.o
        64          0          0          0          0       3234   timer.o
        82         20          0          1          0       3764   uart-msg.o
       192         48          0          0          0       1625   uip-debug.o
       280         42          0         20        360      29924   uip-ds6-nbr.o
      1042         72          0         86       1724      17135   uip-ds6-route.o
      1228        116          0         20        376      16776   uip-ds6.o
       844         90          0         40         16       9092   uip-icmp6.o
       548         26          0         28          0       3871   uip-nd6.o
      3756        108          0         48       1892      29990   uip6.o
         6          0          0          0          0       1653   watchdog.o

    ----------------------------------------------------------------------
     57010       4676       1634        956      14964    1304471   Object Totals
         0          0         32          0          0          0   (incl. Generated)
        94          0         24         16         13          0   (incl. Padding)

    ----------------------------------------------------------------------

      Code (inc. data)   RO Data    RW Data    ZI Data      Debug   Library Member Name

       148         12          0          0          0         88   round.o
        86          0          0          0          0          0   __dczerorl2.o
         0          0          0          0          0          0   entry.o
         0          0          0          0          0          0   entry10a.o
         0          0          0          0          0          0   entry11a.o
         8          4          0          0          0          0   entry2.o
         4          0          0          0          0          0   entry5.o
         0          0          0          0          0          0   entry7b.o
         0          0          0          0          0          0   entry8b.o
         8          4          0          0          0          0   entry9a.o
        30          0          0          0          0          0   handlers.o
        36          8          0          0          0         68   init.o
         0          0          0          0          0          0   iusefp.o
        30          0          0          0          0         68   llshl.o
        36          0          0          0          0         68   llsshr.o
        32          0          0          0          0         68   llushr.o
        26          0          0          0          0         80   memcmp.o
        64          0          0          0          0         76   memmovea.o
        36          0          0          0          0        108   memseta.o
      1216         58          0          0          0        504   printf8.o
        36         10          0          4          0        136   rand.o
         0          0          0          4          0          0   stdout.o
        14          0          0          0          0         68   strlen.o
        30          0          0          0          0         80   strncmp.o
        24          0          0          0          0         76   strncpy.o
        98          0          0          0          0         92   uldiv.o
        48          0          0          0          0         68   cdcmple.o
        48          0          0          0          0         68   cdrcmple.o
        20          0          0          0          0         68   cfcmple.o
        20          0          0          0          0         68   cfrcmple.o
       334          0          0          0          0        148   dadd.o
       222          0          0          0          0        100   ddiv.o
       186          0          0          0          0        176   depilogue.o
        50          0          0          0          0         76   dfixui.o
        34          0          0          0          0         76   dflti.o
        26          0          0          0          0         76   dfltui.o
       228          0          0          0          0         96   dmul.o
       136          4          0          0          0         92   drnd.o
        46          0          0          0          0         80   dscalb.o
       176          0          0          0          0        140   fadd.o
       124          0          0          0          0         88   fdiv.o
       110          0          0          0          0        168   fepilogue.o
        50          0          0          0          0         68   ffixi.o
        40          0          0          0          0         68   ffixui.o
        18          0          0          0          0         68   fflti.o
        10          0          0          0          0         68   ffltui.o
       100          0          0          0          0         76   fmul.o
        24          0          0          0          0         68   fscalb.o

    ----------------------------------------------------------------------
      4020        100          0          8          0       3584   Library Totals
         8          0          0          0          0          0   (incl. Padding)

    ----------------------------------------------------------------------

      Code (inc. data)   RO Data    RW Data    ZI Data      Debug   Library Name

       148         12          0          0          0         88   m_ws.l
      1814         84          0          8          0       1492   mc_w.l
      2050          4          0          0          0       2004   mf_w.l

    ----------------------------------------------------------------------
      4020        100          0          8          0       3584   Library Totals

    ----------------------------------------------------------------------

==============================================================================


      Code (inc. data)   RO Data    RW Data    ZI Data      Debug   

     61030       4776       1634        964      14964    1275943   Grand Totals
     61030       4776       1634        380      14964    1275943   ELF Image Totals (compressed)
     61030       4776       1634        380          0          0   ROM Totals

==============================================================================

    Total RO  Size (Code + RO Data)                62664 (  61.20kB)
    Total RW  Size (RW Data + ZI Data)             15928 (  15.55kB)
    Total ROM Size (Code + RO Data + RW Data)      63044 (  61.57kB)

==============================================================================

