Product: MDK-ARM Standard 5.10
Component: ARM Compiler 5.04 update 1 (build 49)
Tool: armlink [5040049]

==============================================================================

Section Cross References

    spirit_aes.o(i.SpiritAesDeriveDecKeyExecuteDec) refers to radio_spi.o(i.RadioSpiCommandStrobes) for RadioSpiCommandStrobes
    spirit_aes.o(i.SpiritAesDeriveDecKeyExecuteDec) refers to spirit_types.o(.data) for g_xStatus
    spirit_aes.o(i.SpiritAesDeriveDecKeyFromEnc) refers to radio_spi.o(i.RadioSpiCommandStrobes) for RadioSpiCommandStrobes
    spirit_aes.o(i.SpiritAesDeriveDecKeyFromEnc) refers to spirit_types.o(.data) for g_xStatus
    spirit_aes.o(i.SpiritAesExecuteDecryption) refers to radio_spi.o(i.RadioSpiCommandStrobes) for RadioSpiCommandStrobes
    spirit_aes.o(i.SpiritAesExecuteDecryption) refers to spirit_types.o(.data) for g_xStatus
    spirit_aes.o(i.SpiritAesExecuteEncryption) refers to radio_spi.o(i.RadioSpiCommandStrobes) for RadioSpiCommandStrobes
    spirit_aes.o(i.SpiritAesExecuteEncryption) refers to spirit_types.o(.data) for g_xStatus
    spirit_aes.o(i.SpiritAesMode) refers to radio_spi.o(i.RadioSpiReadRegisters) for RadioSpiReadRegisters
    spirit_aes.o(i.SpiritAesMode) refers to radio_spi.o(i.RadioSpiWriteRegisters) for RadioSpiWriteRegisters
    spirit_aes.o(i.SpiritAesMode) refers to spirit_types.o(.data) for g_xStatus
    spirit_aes.o(i.SpiritAesReadDataOut) refers to radio_spi.o(i.RadioSpiReadRegisters) for RadioSpiReadRegisters
    spirit_aes.o(i.SpiritAesReadDataOut) refers to spirit_types.o(.data) for g_xStatus
    spirit_aes.o(i.SpiritAesReadKey) refers to radio_spi.o(i.RadioSpiReadRegisters) for RadioSpiReadRegisters
    spirit_aes.o(i.SpiritAesReadKey) refers to spirit_types.o(.data) for g_xStatus
    spirit_aes.o(i.SpiritAesWriteDataIn) refers to radio_spi.o(i.RadioSpiWriteRegisters) for RadioSpiWriteRegisters
    spirit_aes.o(i.SpiritAesWriteDataIn) refers to spirit_types.o(.data) for g_xStatus
    spirit_aes.o(i.SpiritAesWriteKey) refers to radio_spi.o(i.RadioSpiWriteRegisters) for RadioSpiWriteRegisters
    spirit_aes.o(i.SpiritAesWriteKey) refers to spirit_types.o(.data) for g_xStatus
    spirit_calibration.o(i.SpiritCalibrationGetRcoCalWords) refers to radio_spi.o(i.RadioSpiReadRegisters) for RadioSpiReadRegisters
    spirit_calibration.o(i.SpiritCalibrationGetRcoCalWords) refers to spirit_types.o(.data) for g_xStatus
    spirit_calibration.o(i.SpiritCalibrationGetVcoCalData) refers to radio_spi.o(i.RadioSpiReadRegisters) for RadioSpiReadRegisters
    spirit_calibration.o(i.SpiritCalibrationGetVcoCalData) refers to spirit_types.o(.data) for g_xStatus
    spirit_calibration.o(i.SpiritCalibrationGetVcoCalDataRx) refers to radio_spi.o(i.RadioSpiReadRegisters) for RadioSpiReadRegisters
    spirit_calibration.o(i.SpiritCalibrationGetVcoCalDataRx) refers to spirit_types.o(.data) for g_xStatus
    spirit_calibration.o(i.SpiritCalibrationGetVcoCalDataTx) refers to radio_spi.o(i.RadioSpiReadRegisters) for RadioSpiReadRegisters
    spirit_calibration.o(i.SpiritCalibrationGetVcoCalDataTx) refers to spirit_types.o(.data) for g_xStatus
    spirit_calibration.o(i.SpiritCalibrationGetVcoSelecttion) refers to radio_spi.o(i.RadioSpiReadRegisters) for RadioSpiReadRegisters
    spirit_calibration.o(i.SpiritCalibrationRco) refers to radio_spi.o(i.RadioSpiReadRegisters) for RadioSpiReadRegisters
    spirit_calibration.o(i.SpiritCalibrationRco) refers to radio_spi.o(i.RadioSpiWriteRegisters) for RadioSpiWriteRegisters
    spirit_calibration.o(i.SpiritCalibrationRco) refers to spirit_types.o(.data) for g_xStatus
    spirit_calibration.o(i.SpiritCalibrationSelectVco) refers to radio_spi.o(i.RadioSpiReadRegisters) for RadioSpiReadRegisters
    spirit_calibration.o(i.SpiritCalibrationSelectVco) refers to radio_spi.o(i.RadioSpiWriteRegisters) for RadioSpiWriteRegisters
    spirit_calibration.o(i.SpiritCalibrationSetRcoCalWords) refers to radio_spi.o(i.RadioSpiReadRegisters) for RadioSpiReadRegisters
    spirit_calibration.o(i.SpiritCalibrationSetRcoCalWords) refers to radio_spi.o(i.RadioSpiWriteRegisters) for RadioSpiWriteRegisters
    spirit_calibration.o(i.SpiritCalibrationSetRcoCalWords) refers to spirit_types.o(.data) for g_xStatus
    spirit_calibration.o(i.SpiritCalibrationSetVcoCalDataRx) refers to radio_spi.o(i.RadioSpiReadRegisters) for RadioSpiReadRegisters
    spirit_calibration.o(i.SpiritCalibrationSetVcoCalDataRx) refers to radio_spi.o(i.RadioSpiWriteRegisters) for RadioSpiWriteRegisters
    spirit_calibration.o(i.SpiritCalibrationSetVcoCalDataRx) refers to spirit_types.o(.data) for g_xStatus
    spirit_calibration.o(i.SpiritCalibrationSetVcoCalDataTx) refers to radio_spi.o(i.RadioSpiReadRegisters) for RadioSpiReadRegisters
    spirit_calibration.o(i.SpiritCalibrationSetVcoCalDataTx) refers to radio_spi.o(i.RadioSpiWriteRegisters) for RadioSpiWriteRegisters
    spirit_calibration.o(i.SpiritCalibrationSetVcoCalDataTx) refers to spirit_types.o(.data) for g_xStatus
[...]
    Region$$Table$$Limit                     0x0800f378   Number         0  anon$$obj.o(Region$$Table)
    g_xStatus                                0x20000010   Data           2  spirit_types.o(.data)
    LED_PORT                                 0x20000014   Data           4  stm32l1xx_nucleo.o(.data)
    BUTTON_PORT                              0x20000018   Data           4  stm32l1xx_nucleo.o(.data)
    SpixTimeout                              0x2000001c   Data           4  stm32l1xx_nucleo.o(.data)
    aRADIO_GPIO_PORT                         0x20000020   Data          20  radio_gpio.o(.data)
    aLED_GPIO_PORT                           0x20000034   Data           4  radio_shield_config.o(.data)
    SpiTimeout                               0x20000038   Data           4  radio_spi.o(.data)
    SystemCoreClock                          0x2000003c   Data           4  system_stm32l1xx.o(.data)
    uwTick                                   0x20000040   Data           4  stm32l1xx_hal.o(.data)
    Usart_BaudRate                           0x20000044   Data           4  stm32l1xx_hal_msp.o(.data)
    border_router_process                    0x20000048   Data          16  border-router.o(.data)
    webserver_nogui_process                  0x20000058   Data          16  border-router.o(.data)
    sensors_event                            0x20000094   Data           1  sensors.o(.data)
    sensors_process                          0x200000a0   Data          16  sensors.o(.data)
    linkaddr_node_addr                       0x200000b0   Data           8  linkaddr.o(.data)
    tcpip_event                              0x20000108   Data           1  tcpip.o(.data)
    tcpip_process                            0x20000110   Data          16  tcpip.o(.data)
    uip_ext_bitmap                           0x20000140   Data           1  uip6.o(.data)
    uip_ext_len                              0x20000141   Data           1  uip6.o(.data)
    uip_ext_opt_offset                       0x20000142   Data           1  uip6.o(.data)
    uip_flags                                0x20000143   Data           1  uip6.o(.data)
    uip_len                                  0x20000144   Data           2  uip6.o(.data)
    uip_slen                                 0x20000146   Data           2  uip6.o(.data)
    uip_next_hdr                             0x2000014c   Data           4  uip6.o(.data)
    uip_appdata                              0x20000150   Data           4  uip6.o(.data)
    uip_sappdata                             0x20000154   Data           4  uip6.o(.data)
    uip_conn                                 0x20000158   Data           4  uip6.o(.data)
    uip_acc32                                0x20000160   Data           4  uip6.o(.data)
    uip_udp_conn                             0x20000164   Data           4  uip6.o(.data)
    uip_lladdr                               0x20000168   Data           8  uip6.o(.data)
    uip_ds6_addr_size                        0x20000170   Data           1  uip-ds6.o(.data)
    uip_ds6_netif_addr_list_offset           0x20000171   Data           1  uip-ds6.o(.data)
    ds6_neighbors                            0x20000194   Data           4  uip-ds6-nbr.o(.data)
    nbr_routes                               0x200001a8   Data           4  uip-ds6-route.o(.data)
    rpl_parents                              0x2000027c   Data           4  rpl-dag.o(.data)
    default_instance                         0x20000280   Data           4  rpl-dag.o(.data)
    rpl_mrhof                                0x200002b8   Data          36  rpl-mrhof.o(.data)
    ctimer_process                           0x20000304   Data          16  ctimer.o(.data)
    etimer_process                           0x2000031c   Data          16  etimer.o(.data)
    process_maxevents                        0x2000032f   Data           1  process.o(.data)
    process_list                             0x20000334   Data           4  process.o(.data)
    process_current                          0x20000338   Data           4  process.o(.data)
    seconds                                  0x20000344   Data           4  clock.o(.data)
    ticks                                    0x20000348   Data           4  clock.o(.data)
    sensors                                  0x2000034c   Data          12  contiki-spirit1-main.o(.data)
    sensors_flags                            0x20000358   Data           3  contiki-spirit1-main.o(.data)
    node_id                                  0x2000035c   Data           2  node-id.o(.data)
    node_mac                                 0x2000035e   Data           8  node-id.o(.data)
    rtimer_clock                             0x20000368   Data           4  rtimer-arch.o(.data)
    rx_timeout                               0x2000036d   Data           1  spirit1.o(.data)
    spirit_radio_process                     0x20000384   Data          16  spirit1.o(.data)
    slip_active                              0x20000395   Data           1  slip.o(.data)
    slip_process                             0x200003a0   Data          16  slip.o(.data)
    __stdout                                 0x200003b4   Data           4  stdout.o(.data)
    pSpiHandle                               0x200003b8   Data          88  radio_spi.o(.bss)
    RtcHandle                                0x20000410   Data          32  cube_hal_l1.o(.bss)
    UART_RxBuffer                            0x20000430   Data         512  stm32l1xx_hal_msp.o(.bss)
    UartHandle                               0x20000630   Data          64  stm32l1xx_hal_msp.o(.bss)
    packetbuf_attrs                          0x200009dc   Data          30  packetbuf.o(.bss)
    packetbuf_addrs                          0x200009fa   Data          16  packetbuf.o(.bss)
    periodic_timer                           0x200016dc   Data          32  link-stats.o(.bss)
    uip_aligned_buf                          0x20001e20   Data        1300  uip6.o(.bss)
    uip_conns                                0x20002334   Data         192  uip6.o(.bss)
    uip_listenports                          0x200023f4   Data          16  uip6.o(.bss)
    uip_udp_conns                            0x20002404   Data         384  uip6.o(.bss)
    uip_ds6_timer_periodic                   0x20002584   Data          16  uip-ds6.o(.bss)
    uip_ds6_if                               0x20002594   Data         248  uip-ds6.o(.bss)
    uip_ds6_prefix_list                      0x2000268c   Data          96  uip-ds6.o(.bss)
    instance_table                           0x200031e4   Data         340  rpl-dag.o(.bss)
    device_id                                0x200033d8   Data          12  node-id.o(.bss)
    htim2                                    0x200033e4   Data          56  rtimer-arch.o(.bss)
    __initial_sp                             0x20003da8   Data           0  startup_stm32l152xe.o(STACK)



==============================================================================

Memory Map of the image

  Image Entry point : 0x08000125

  Load Region LR_IROM1 (Base: 0x08000000, Size: 0x0000f730, Max: 0x00080000, ABSOLUTE, COMPRESSED[0x0000f4f4])

    Execution Region ER_IROM1 (Base: 0x08000000, Size: 0x0000f378, Max: 0x00080000, ABSOLUTE)

    Base Addr    Size         Type   Attr      Idx    E Section Name        Object

    0x08000000   0x00000124   Data   RO         5939    RESET               startup_stm32l152xe.o
    0x08000124   0x00000000   Code   RO        12256  * .ARM.Collect$$$$00000000  mc_w.l(entry.o)
    0x08000124   0x00000004   Code   RO        12622    .ARM.Collect$$$$00000001  mc_w.l(entry2.o)
    0x08000128   0x00000004   Code   RO        12625    .ARM.Collect$$$$00000004  mc_w.l(entry5.o)
    0x0800012c   0x00000000   Code   RO        12627    .ARM.Collect$$$$00000008  mc_w.l(entry7b.o)
    0x0800012c   0x00000000   Code   RO        12629    .ARM.Collect$$$$0000000A  mc_w.l(entry8b.o)
    0x0800012c   0x00000008   Code   RO        12630    .ARM.Collect$$$$0000000B  mc_w.l(entry9a.o)
    0x08000134   0x00000000   Code   RO        12632    .ARM.Collect$$$$0000000D  mc_w.l(entry10a.o)
    0x08000134   0x00000000   Code   RO        12634    .ARM.Collect$$$$0000000F  mc_w.l(entry11a.o)
    0x08000134   0x00000004   Code   RO        12623    .ARM.Collect$$$$00002712  mc_w.l(entry2.o)
    0x08000138   0x00000024   Code   RO         5940    .text               startup_stm32l152xe.o
    0x0800015c   0x00000062   Code   RO        12259    .text               mc_w.l(uldiv.o)
    0x080001be   0x00000002   PAD
    0x080001c0   0x00000024   Code   RO        12263    .text               mc_w.l(rand.o)
    0x080001e4   0x00000040   Code   RO        12268    .text               mc_w.l(memmovea.o)
    0x08000224   0x00000024   Code   RO        12270    .text               mc_w.l(memseta.o)
    0x08000248   0x00000018   Code   RO        12272    .text               mc_w.l(strncpy.o)
    0x08000260   0x0000000e   Code   RO        12274    .text               mc_w.l(strlen.o)
    0x0800026e   0x0000001a   Code   RO        12278    .text               mc_w.l(memcmp.o)
    0x08000288   0x0000001e   Code   RO        12282    .text               mc_w.l(strncmp.o)
    0x080002a6   0x000000b0   Code   RO        12553    .text               mf_w.l(fadd.o)
    0x08000356   0x00000064   Code   RO        12555    .text               mf_w.l(fmul.o)
    0x080003ba   0x0000007c   Code   RO        12557    .text               mf_w.l(fdiv.o)
    0x08000436   0x00000018   Code   RO        12559    .text               mf_w.l(fscalb.o)
    0x0800044e   0x0000014e   Code   RO        12561    .text               mf_w.l(dadd.o)
    0x0800059c   0x000000e4   Code   RO        12563    .text               mf_w.l(dmul.o)
    0x08000680   0x000000de   Code   RO        12565    .text               mf_w.l(ddiv.o)
    0x0800075e   0x0000002e   Code   RO        12567    .text               mf_w.l(dscalb.o)
    0x0800078c   0x00000012   Code   RO        12569    .text               mf_w.l(fflti.o)
    0x0800079e   0x0000000a   Code   RO        12571    .text               mf_w.l(ffltui.o)
    0x080007a8   0x00000022   Code   RO        12573    .text               mf_w.l(dflti.o)
    0x080007ca   0x0000001a   Code   RO        12575    .text               mf_w.l(dfltui.o)
    0x080007e4   0x00000032   Code   RO        12577    .text               mf_w.l(ffixi.o)
    0x08000816   0x00000028   Code   RO        12579    .text               mf_w.l(ffixui.o)
    0x0800083e   0x00000032   Code   RO        12583    .text               mf_w.l(dfixui.o)
    0x08000870   0x00000014   Code   RO        12589    .text               mf_w.l(cfcmple.o)
    0x08000884   0x00000014   Code   RO        12591    .text               mf_w.l(cfrcmple.o)
    0x08000898   0x0000001e   Code   RO        12639    .text               mc_w.l(llshl.o)
    0x080008b6   0x00000020   Code   RO        12641    .text               mc_w.l(llushr.o)
    0x080008d6   0x00000024   Code   RO        12643    .text               mc_w.l(llsshr.o)
    0x080008fa   0x00000000   Code   RO        12652    .text               mc_w.l(iusefp.o)
    0x080008fa   0x0000006e   Code   RO        12653    .text               mf_w.l(fepilogue.o)
    0x08000968   0x000000b6   Code   RO        12657    .text               mf_w.l(depilogue.o)
    0x08000a1e   0x00000002   PAD
    0x08000a20   0x00000088   Code   RO        12659    .text               mf_w.l(drnd.o)
    0x08000aa8   0x00000028   Code   RO        12665    .text               mf_w.l(cdcmple.o)
    0x08000ad0   0x00000028   Code   RO        12667    .text               mf_w.l(cdrcmple.o)
    0x08000af8   0x00000024   Code   RO        12669    .text               mc_w.l(init.o)
    0x08000b1c   0x00000056   Code   RO        12681    .text               mc_w.l(__dczerorl2.o)
    0x08000b72   0x00000002   PAD
    0x08000b74   0x00000058   Code   RO         2186    i.BSP_LED_Init      stm32l1xx_nucleo.o
    0x08000bcc   0x00000018   Code   RO         2189    i.BSP_LED_Toggle    stm32l1xx_nucleo.o
    0x08000be4   0x00000018   Code   RO         2191    i.BSP_PB_GetState   stm32l1xx_nucleo.o
    0x08000bfc   0x00000078   Code   RO         2192    i.BSP_PB_Init       stm32l1xx_nucleo.o
    0x08000c74   0x00000002   Code   RO         6140    i.BusFault_Handler  stm32l1xx_it.o
    0x08000c76   0x00000002   PAD
    0x08000c78   0x00000040   Code   RO         6141    i.Contiki_SysTick_Handler  stm32l1xx_it.o
    0x08000cb8   0x00000002   Code   RO         6142    i.DebugMon_Handler  stm32l1xx_it.o
    0x08000cba   0x00000002   PAD
    0x08000cbc   0x00000014   Code   RO         6143    i.EXTI0_IRQHandler  stm32l1xx_it.o
    0x08000cd0   0x00000008   Code   RO         6144    i.EXTI15_10_IRQHandler  stm32l1xx_it.o
    0x08000cd8   0x00000014   Code   RO         6145    i.EXTI1_IRQHandler  stm32l1xx_it.o
    0x08000cec   0x00000014   Code   RO         6146    i.EXTI2_IRQHandler  stm32l1xx_it.o
    0x08000d00   0x00000014   Code   RO         6147    i.EXTI3_IRQHandler  stm32l1xx_it.o
    0x08000d14   0x00000034   Code   RO         6148    i.EXTI9_5_IRQHandler  stm32l1xx_it.o
    0x08000d48   0x0000000e   Code   RO         5994    i.Error_Handler     cube_hal_l1.o
    0x08000d56   0x00000002   PAD
    0x08000d58   0x00000010   Code   RO         2881    i.HAL_DBGMCU_EnableDBGStopMode  stm32l1xx_hal.o
    0x08000d68   0x00000016   Code   RO         2883    i.HAL_Delay         stm32l1xx_hal.o
    0x08000d7e   0x00000002   PAD
    0x08000d80   0x00000014   Code   RO         6149    i.HAL_GPIO_EXTI_Callback  stm32l1xx_it.o
    0x08000d94   0x00000018   Code   RO         3713    i.HAL_GPIO_EXTI_IRQHandler  stm32l1xx_hal_gpio.o
    0x08000dac   0x000001b0   Code   RO         3714    i.HAL_GPIO_Init     stm32l1xx_hal_gpio.o
    0x08000f5c   0x0000000a   Code   RO         3716    i.HAL_GPIO_ReadPin  stm32l1xx_hal_gpio.o
    0x08000f66   0x00000008   Code   RO         3717    i.HAL_GPIO_TogglePin  stm32l1xx_hal_gpio.o
    0x08000f6e   0x0000000a   Code   RO         3718    i.HAL_GPIO_WritePin  stm32l1xx_hal_gpio.o
    0x08000f78   0x00000008   Code   RO         2885    i.HAL_GetHalVersion  stm32l1xx_hal.o
    0x08000f80   0x0000000c   Code   RO         2887    i.HAL_GetTick       stm32l1xx_hal.o
    0x08000f8c   0x00000010   Code   RO         2888    i.HAL_IncTick       stm32l1xx_hal.o
    0x08000f9c   0x0000002c   Code   RO         2889    i.HAL_Init          stm32l1xx_hal.o
    0x08000fc8   0x00000028   Code   RO         2890    i.HAL_InitTick      stm32l1xx_hal.o
    0x08000ff0   0x0000003c   Code   RO         6057    i.HAL_MspInit       stm32l1xx_hal_msp.o
    0x0800102c   0x00000016   Code   RO         3270    i.HAL_NVIC_DisableIRQ  stm32l1xx_hal_cortex.o
    0x08001042   0x00000016   Code   RO         3271    i.HAL_NVIC_EnableIRQ  stm32l1xx_hal_cortex.o
    0x08001058   0x00000040   Code   RO         3277    i.HAL_NVIC_SetPriority  stm32l1xx_hal_cortex.o
    0x08001098   0x00000024   Code   RO         3278    i.HAL_NVIC_SetPriorityGrouping  stm32l1xx_hal_cortex.o
    0x080010bc   0x00000188   Code   RO         4087    i.HAL_RCCEx_PeriphCLKConfig  stm32l1xx_hal_rcc_ex.o
    0x08001244   0x000001d4   Code   RO         3970    i.HAL_RCC_ClockConfig  stm32l1xx_hal_rcc.o
    0x08001418   0x0000000c   Code   RO         3975    i.HAL_RCC_GetHCLKFreq  stm32l1xx_hal_rcc.o
    0x08001424   0x00000030   Code   RO         3977    i.HAL_RCC_GetPCLK1Freq  stm32l1xx_hal_rcc.o
    0x08001454   0x00000030   Code   RO         3978    i.HAL_RCC_GetPCLK2Freq  stm32l1xx_hal_rcc.o
    0x08001484   0x0000008c   Code   RO         3979    i.HAL_RCC_GetSysClockFreq  stm32l1xx_hal_rcc.o
    0x08001510   0x00000758   Code   RO         3982    i.HAL_RCC_OscConfig  stm32l1xx_hal_rcc.o
    0x08001c68   0x0000009c   Code   RO         5555    i.HAL_RTC_Init      stm32l1xx_hal_rtc.o
    0x08001d04   0x00000060   Code   RO         6058    i.HAL_RTC_MspInit   stm32l1xx_hal_msp.o
    0x08001d64   0x000000c8   Code   RO         5559    i.HAL_RTC_SetDate   stm32l1xx_hal_rtc.o
    0x08001e2c   0x000000e8   Code   RO         5560    i.HAL_RTC_SetTime   stm32l1xx_hal_rtc.o
    0x08001f14   0x0000003a   Code   RO         5702    i.HAL_RTC_WaitForSynchro  stm32l1xx_hal_rtc_ex.o
    0x08001f4e   0x00000028   Code   RO         4153    i.HAL_SPI_DeInit    stm32l1xx_hal_spi.o
    0x08001f76   0x00000006   Code   RO         4156    i.HAL_SPI_GetState  stm32l1xx_hal_spi.o
    0x08001f7c   0x00000084   Code   RO         4393    i.HAL_SPI_Init      stm32l1xx_hal_spi_ex.o
    0x08002000   0x00000002   Code   RO         4159    i.HAL_SPI_MspDeInit  stm32l1xx_hal_spi.o
    0x08002002   0x00000002   PAD
    0x08002004   0x000000cc   Code   RO         2751    i.HAL_SPI_MspInit   radio_spi.o
    0x080020d0   0x00000142   Code   RO         4166    i.HAL_SPI_Transmit  stm32l1xx_hal_spi.o
    0x08002212   0x000002b2   Code   RO         4167    i.HAL_SPI_TransmitReceive  stm32l1xx_hal_spi.o
    0x080024c4   0x00000018   Code   RO         3280    i.HAL_SYSTICK_CLKSourceConfig  stm32l1xx_hal_cortex.o
    0x080024dc   0x00000028   Code   RO         3282    i.HAL_SYSTICK_Config  stm32l1xx_hal_cortex.o
    0x08002504   0x00000036   Code   RO         4423    i.HAL_TIM_Base_Init  stm32l1xx_hal_tim.o
    0x0800253a   0x00000002   PAD
    0x0800253c   0x00000038   Code   RO         6060    i.HAL_TIM_Base_MspInit  stm32l1xx_hal_msp.o
    0x08002574   0x00000018   Code   RO         4428    i.HAL_TIM_Base_Start_IT  stm32l1xx_hal_tim.o
    0x0800258c   0x000000f2   Code   RO         4432    i.HAL_TIM_ConfigClockSource  stm32l1xx_hal_tim.o
    0x0800267e   0x00000056   Code   RO         4466    i.HAL_TIM_OC_ConfigChannel  stm32l1xx_hal_tim.o
    0x080026d4   0x00000036   Code   RO         4470    i.HAL_TIM_OC_Init   stm32l1xx_hal_tim.o
    0x0800270a   0x00000002   Code   RO         4472    i.HAL_TIM_OC_MspInit  stm32l1xx_hal_tim.o
    0x0800270c   0x0000005e   Code   RO         5102    i.HAL_UART_Init     stm32l1xx_hal_uart.o
    0x0800276a   0x00000002   PAD
    0x0800276c   0x00000084   Code   RO         6062    i.HAL_UART_MspInit  stm32l1xx_hal_msp.o
    0x080027f0   0x0000006a   Code   RO         5107    i.HAL_UART_Receive_IT  stm32l1xx_hal_uart.o
    0x0800285a   0x00000002   PAD
    0x0800285c   0x000000cc   Code   RO         5110    i.HAL_UART_Transmit  stm32l1xx_hal_uart.o
    0x08002928   0x00000002   Code   RO         6151    i.HardFault_Handler  stm32l1xx_it.o
    0x0800292a   0x00000002   PAD
    0x0800292c   0x0000003c   Code   RO         5995    i.MX_GPIO_Init      cube_hal_l1.o
    0x08002968   0x00000002   Code   RO         6152    i.MemManage_Handler  stm32l1xx_it.o
    0x0800296a   0x00000002   Code   RO         6153    i.NMI_Handler       stm32l1xx_it.o
    0x0800296c   0x00000020   Code   RO         3284    i.NVIC_SetPriority  stm32l1xx_hal_cortex.o
    0x0800298c   0x00000002   Code   RO         6154    i.PendSV_Handler    stm32l1xx_it.o
    0x0800298e   0x00000002   PAD
    0x08002990   0x00000080   Code   RO         3983    i.RCC_SetFlashLatencyFromMSIRange  stm32l1xx_hal_rcc.o
    0x08002a10   0x00000012   Code   RO         5561    i.RTC_Bcd2ToByte    stm32l1xx_hal_rtc.o
    0x08002a22   0x00000016   Code   RO         5562    i.RTC_ByteToBcd2    stm32l1xx_hal_rtc.o
    0x08002a38   0x00000034   Code   RO         5996    i.RTC_Config        cube_hal_l1.o
    0x08002a6c   0x0000003a   Code   RO         5563    i.RTC_EnterInitMode  stm32l1xx_hal_rtc.o
    0x08002aa6   0x00000002   PAD
    0x08002aa8   0x0000005c   Code   RO         5997    i.RTC_TimeStampConfig  cube_hal_l1.o
    0x08002b04   0x000000b0   Code   RO         2525    i.RadioGpioInit     radio_gpio.o
    0x08002bb4   0x00000028   Code   RO         2526    i.RadioGpioInterruptCmd  radio_gpio.o
    0x08002bdc   0x00000044   Code   RO         2694    i.RadioShieldLedInit  radio_shield_config.o
    0x08002c20   0x000000ac   Code   RO         2752    i.RadioSpiCommandStrobes  radio_spi.o
    0x08002ccc   0x00000048   Code   RO         2753    i.RadioSpiInit      radio_spi.o
    0x08002d14   0x000000d8   Code   RO         2754    i.RadioSpiReadFifo  radio_spi.o
    0x08002dec   0x000000dc   Code   RO         2755    i.RadioSpiReadRegisters  radio_spi.o
    0x08002ec8   0x000000c4   Code   RO         2756    i.RadioSpiWriteFifo  radio_spi.o
    0x08002f8c   0x000000c4   Code   RO         2757    i.RadioSpiWriteRegisters  radio_spi.o
    0x08003050   0x0000009e   Code   RO         4188    i.SPI_WaitOnFlagUntilTimeout  stm32l1xx_hal_spi.o
    0x080030ee   0x00000002   PAD
    0x080030f0   0x00000034   Code   RO         2758    i.SPI_Write         radio_spi.o
    0x08003124   0x00000002   Code   RO         6155    i.SVC_Handler       stm32l1xx_it.o
    0x08003126   0x00000002   PAD
    0x08003128   0x00000060   Code   RO           84    i.SpiritCalibrationGetVcoCalData  spirit_calibration.o
    0x08003188   0x0000003a   Code   RO           89    i.SpiritCalibrationSelectVco  spirit_calibration.o
    0x080031c2   0x00000002   PAD
    0x080031c4   0x000000b8   Code   RO           91    i.SpiritCalibrationSetVcoCalDataRx  spirit_calibration.o
    0x0800327c   0x000000b8   Code   RO           92    i.SpiritCalibrationSetVcoCalDataTx  spirit_calibration.o
    0x08003334   0x000000c0   Code   RO           93    i.SpiritCalibrationVco  spirit_calibration.o
    0x080033f4   0x00000054   Code   RO          162    i.SpiritCmdStrobeCommand  spirit_commands.o
    0x08003448   0x00000064   Code   RO          430    i.SpiritGpioInit    spirit_gpio.o
    0x080034ac   0x000000e8   Code   RO          509    i.SpiritIrq         spirit_irq.o
    0x08003594   0x00000058   Code   RO          511    i.SpiritIrqClearStatus  spirit_irq.o
    0x080035ec   0x00000060   Code   RO          512    i.SpiritIrqDeInit   spirit_irq.o
    0x0800364c   0x00000070   Code   RO          514    i.SpiritIrqGetStatus  spirit_irq.o
    0x080036bc   0x00000060   Code   RO          568    i.SpiritLinearFifoReadNumElementsRxFifo  spirit_linearfifo.o
    0x0800371c   0x0000016c   Code   RO          637    i.SpiritManagementSetFrequencyBase  spirit_management.o
    0x08003888   0x00000010   Code   RO          641    i.SpiritManagementWaTRxFcMem  spirit_management.o
    0x08003898   0x00000144   Code   RO          642    i.SpiritManagementWaVcoCalibration  spirit_management.o
    0x080039dc   0x00000064   Code   RO          715    i.SpiritPktBasicGetAddressField  spirit_pktbasic.o
    0x08003a40   0x00000078   Code   RO          719    i.SpiritPktBasicGetReceivedPktLength  spirit_pktbasic.o
    0x08003ab8   0x00000250   Code   RO          720    i.SpiritPktBasicInit  spirit_pktbasic.o
    0x08003d08   0x00000078   Code   RO          722    i.SpiritPktBasicSetPayloadLength  spirit_pktbasic.o
    0x08003d80   0x000000c0   Code   RO          793    i.SpiritPktCommonFilterOnCrc  spirit_pktcommon.o
    0x08003e40   0x00000060   Code   RO          797    i.SpiritPktCommonGetControlLength  spirit_pktcommon.o
    0x08003ea0   0x00000060   Code   RO         1303    i.SpiritQiGetLqi    spirit_qi.o
    0x08003f00   0x0000005c   Code   RO         1306    i.SpiritQiGetRssi   spirit_qi.o
    0x08003f5c   0x00000060   Code   RO         1317    i.SpiritQiSetRssiThresholddBm  spirit_qi.o
    0x08003fbc   0x000000b8   Code   RO         1318    i.SpiritQiSetSqiThreshold  spirit_qi.o
    0x08004074   0x000000c0   Code   RO         1319    i.SpiritQiSqiCheck  spirit_qi.o
    0x08004134   0x00000080   Code   RO         1442    i.SpiritRadioAFCFreezeOnSync  spirit_radio.o
    0x080041b4   0x0000007c   Code   RO         1457    i.SpiritRadioGetBand  spirit_radio.o
    0x08004230   0x0000005c   Code   RO         1459    i.SpiritRadioGetChannel  spirit_radio.o
    0x0800428c   0x00000068   Code   RO         1461    i.SpiritRadioGetChannelSpace  spirit_radio.o
    0x080042f4   0x00000068   Code   RO         1467    i.SpiritRadioGetDigDiv  spirit_radio.o
    0x0800435c   0x0000005c   Code   RO         1468    i.SpiritRadioGetFrequencyBase  spirit_radio.o
    0x080043b8   0x00000088   Code   RO         1470    i.SpiritRadioGetFrequencyOffset  spirit_radio.o
    0x08004440   0x00000064   Code   RO         1482    i.SpiritRadioGetRefDiv  spirit_radio.o
    0x080044a4   0x00000078   Code   RO         1484    i.SpiritRadioGetSynthWord  spirit_radio.o
    0x0800451c   0x0000000c   Code   RO         1486    i.SpiritRadioGetXtalFrequency  spirit_radio.o
    0x08004528   0x00000104   Code   RO         1487    i.SpiritRadioGetdBm2Reg  spirit_radio.o
    0x0800462c   0x0000036c   Code   RO         1488    i.SpiritRadioInit   spirit_radio.o
    0x08004998   0x0000007c   Code   RO         1490    i.SpiritRadioPersistenRx  spirit_radio.o
    0x08004a14   0x000000bc   Code   RO         1491    i.SpiritRadioSearchChannelBwME  spirit_radio.o
    0x08004ad0   0x000000c4   Code   RO         1492    i.SpiritRadioSearchDatarateME  spirit_radio.o
    0x08004b94   0x000000d4   Code   RO         1493    i.SpiritRadioSearchFreqDevME  spirit_radio.o
    0x08004c68   0x000000ac   Code   RO         1494    i.SpiritRadioSearchWCP  spirit_radio.o
    0x08004d14   0x0000007c   Code   RO         1513    i.SpiritRadioSetDigDiv  spirit_radio.o
    0x08004d90   0x00000198   Code   RO         1514    i.SpiritRadioSetFrequencyBase  spirit_radio.o
    0x08004f28   0x00000074   Code   RO         1522    i.SpiritRadioSetPALevelMaxIndex  spirit_radio.o
    0x08004f9c   0x00000070   Code   RO         1523    i.SpiritRadioSetPALeveldBm  spirit_radio.o
    0x0800500c   0x0000007c   Code   RO         1527    i.SpiritRadioSetRefDiv  spirit_radio.o
    0x08005088   0x000000c8   Code   RO         1529    i.SpiritRadioSetXtalFlag  spirit_radio.o
    0x08005150   0x0000000c   Code   RO         1530    i.SpiritRadioSetXtalFrequency  spirit_radio.o
    0x0800515c   0x00000070   Code   RO         2152    i.SpiritRefreshStatus  spirit_types.o
    0x080051cc   0x00000058   Code   RO         2015    i.SpiritTimerSetRxTimeoutCounter  spirit_timer.o
    0x08005224   0x000000cc   Code   RO         2018    i.SpiritTimerSetRxTimeoutStopCondition  spirit_timer.o
    0x080052f0   0x000000d4   Code   RO        11741    i.Stack_6LoWPAN_Init  contiki-spirit1-main.o
    0x080053c4   0x0000000e   Code   RO         6156    i.SysTick_Handler   stm32l1xx_it.o
    0x080053d2   0x00000002   PAD
    0x080053d4   0x0000008c   Code   RO         5998    i.SystemClock_Config  cube_hal_l1.o
    0x08005460   0x00000050   Code   RO         2835    i.SystemInit        system_stm32l1xx.o
    0x080054b0   0x0000001c   Code   RO         6157    i.TIM2_IRQHandler   stm32l1xx_it.o
    0x080054cc   0x0000007c   Code   RO         4507    i.TIM_Base_SetConfig  stm32l1xx_hal_tim.o
    0x08005548   0x00000014   Code   RO         4514    i.TIM_ETR_SetConfig  stm32l1xx_hal_tim.o
    0x0800555c   0x00000010   Code   RO         4515    i.TIM_ITRx_SetConfig  stm32l1xx_hal_tim.o
    0x0800556c   0x0000002c   Code   RO         4516    i.TIM_OC1_SetConfig  stm32l1xx_hal_tim.o
    0x08005598   0x00000030   Code   RO         4517    i.TIM_OC2_SetConfig  stm32l1xx_hal_tim.o
    0x080055c8   0x0000002e   Code   RO         4518    i.TIM_OC3_SetConfig  stm32l1xx_hal_tim.o
    0x080055f6   0x00000030   Code   RO         4519    i.TIM_OC4_SetConfig  stm32l1xx_hal_tim.o
    0x08005626   0x00000022   Code   RO         4521    i.TIM_TI1_ConfigInputStage  stm32l1xx_hal_tim.o
    0x08005648   0x00000024   Code   RO         4523    i.TIM_TI2_ConfigInputStage  stm32l1xx_hal_tim.o
    0x0800566c   0x000002a0   Code   RO         5121    i.UART_SetConfig    stm32l1xx_hal_uart.o
    0x0800590c   0x00000092   Code   RO         5123    i.UART_WaitOnFlagUntilTimeout  stm32l1xx_hal_uart.o
    0x0800599e   0x00000002   PAD
    0x080059a0   0x00000050   Code   RO         6158    i.USART2_IRQHandler  stm32l1xx_it.o
    0x080059f0   0x000000c8   Code   RO         6063    i.USARTConfig       stm32l1xx_hal_msp.o
    0x08005ab8   0x00000002   Code   RO         6159    i.UsageFault_Handler  stm32l1xx_it.o
    0x08005aba   0x00000002   Code   RO         6160    i.WWDG_IRQHandler   stm32l1xx_it.o
    0x08005abc   0x00000020   Code   RO        12499    i.__0printf$8       mc_w.l(printf8.o)
    0x08005adc   0x00000028   Code   RO        12500    i.__0snprintf$8     mc_w.l(printf8.o)
    0x08005b04   0x0000000e   Code   RO        12675    i.__scatterload_copy  mc_w.l(handlers.o)
    0x08005b12   0x00000002   Code   RO        12676    i.__scatterload_null  mc_w.l(handlers.o)
    0x08005b14   0x0000000e   Code   RO        12677    i.__scatterload_zeroinit  mc_w.l(handlers.o)
    0x08005b22   0x00000002   PAD
    0x08005b24   0x00000408   Code   RO        12506    i._printf_core      mc_w.l(printf8.o)
    0x08005f2c   0x00000024   Code   RO        12507    i._printf_post_padding  mc_w.l(printf8.o)
    0x08005f50   0x0000002e   Code   RO        12508    i._printf_pre_padding  mc_w.l(printf8.o)
    0x08005f7e   0x00000016   Code   RO        12509    i._snputc           mc_w.l(printf8.o)
    0x08005f94   0x0000002c   Code   RO        10058    i.acceptable_rank   rpl-dag.o
    0x08005fc0   0x00000138   Code   RO         8294    i.add_fragment      sicslowpan.o
    0x080060f8   0x00000012   Code   RO        10059    i.add_nbr_from_dio  rpl-dag.o
    0x0800610a   0x00000002   PAD
    0x0800610c   0x00000044   Code   RO        11122    i.add_timer         etimer.o
    0x08006150   0x00000038   Code   RO         8295    i.addr_context_lookup_by_number  sicslowpan.o
    0x08006188   0x0000003c   Code   RO         8296    i.addr_context_lookup_by_prefix  sicslowpan.o
    0x080061c4   0x00000010   Code   RO         9458    i.addr_len          frame802154.o
    0x080061d4   0x0000001a   Code   RO        10975    i.autostart_start   autostart.o
    0x080061ee   0x00000026   Code   RO        10623    i.best_dag          rpl-mrhof.o
    0x08006214   0x00000074   Code   RO        10060    i.best_parent       rpl-dag.o
    0x08006288   0x00000068   Code   RO        10624    i.best_parent       rpl-mrhof.o
    0x080062f0   0x00000044   Code   RO        11222    i.call_process      process.o
    0x08006334   0x00000044   Code   RO         9064    i.call_route_callback  uip-ds6-route.o
    0x08006378   0x00000010   Code   RO         9363    i.channel_check_interval  csma.o
    0x08006388   0x00000004   Code   RO         9825    i.channel_check_interval  nullrdc.o
    0x0800638c   0x0000005c   Code   RO        10061    i.check_prefix      rpl-dag.o
    0x080063e8   0x0000003a   Code   RO         8580    i.chksum            uip6.o
    0x08006422   0x00000002   PAD
    0x08006424   0x00000044   Code   RO         8297    i.clear_fragments   sicslowpan.o
    0x08006468   0x00000028   Code   RO        11615    i.clock_init        clock.o
    0x08006490   0x0000000c   Code   RO        11616    i.clock_seconds     clock.o
    0x0800649c   0x0000000c   Code   RO        11618    i.clock_time        clock.o
    0x080064a8   0x00000014   Code   RO        11619    i.clock_wait        clock.o
    0x080064bc   0x00000090   Code   RO         8298    i.compress_addr_64  sicslowpan.o
    0x0800654c   0x00000348   Code   RO         8299    i.compress_hdr_iphc  sicslowpan.o
    0x08006894   0x00000028   Code   RO        11439    i.configure         button-sensor.o
    0x080068bc   0x0000001c   Code   RO        11532    i.configure         radio-sensor.o
    0x080068d8   0x00000060   Code   RO         8300    i.copy_frags2uip    sicslowpan.o
    0x08006938   0x00000008   Code   RO         9642    i.create            framer-802154.o
    0x08006940   0x0000011c   Code   RO         9643    i.create_frame      framer-802154.o
    0x08006a5c   0x00000020   Code   RO        11035    i.ctimer_init       ctimer.o
    0x08006a7c   0x00000034   Code   RO        11036    i.ctimer_reset      ctimer.o
    0x08006ab0   0x00000034   Code   RO        11037    i.ctimer_restart    ctimer.o
    0x08006ae4   0x00000014   Code   RO        11038    i.ctimer_set        ctimer.o
    0x08006af8   0x00000040   Code   RO        11039    i.ctimer_set_with_process  ctimer.o
    0x08006b38   0x00000028   Code   RO        11040    i.ctimer_stop       ctimer.o
    0x08006b60   0x00000014   Code   RO        10513    i.dao_ack_input     rpl-icmp6.o
    0x08006b74   0x00000038   Code   RO        10515    i.dao_input         rpl-icmp6.o
    0x08006bac   0x00000248   Code   RO        10516    i.dao_input_storing  rpl-icmp6.o
    0x08006df4   0x0000008c   Code   RO        10517    i.dao_output        rpl-icmp6.o
    0x08006e80   0x0000000c   Code   RO        10518    i.dao_output_target  rpl-icmp6.o
    0x08006e8c   0x000000e4   Code   RO        10519    i.dao_output_target_seq  rpl-icmp6.o
    0x08006f70   0x00000068   Code   RO         7544    i.data_is_sent_and_acked  psock.o
    0x08006fd8   0x00000238   Code   RO        10520    i.dio_input         rpl-icmp6.o
    0x08007210   0x000001f8   Code   RO        10521    i.dio_output        rpl-icmp6.o
    0x08007408   0x00000064   Code   RO        10522    i.dis_input         rpl-icmp6.o
    0x0800746c   0x00000054   Code   RO        10523    i.dis_output        rpl-icmp6.o
    0x080074c0   0x0000006c   Code   RO        11223    i.do_event          process.o
    0x0800752c   0x0000002c   Code   RO        11224    i.do_poll           process.o
    0x08007558   0x00000098   Code   RO         9212    i.echo_reply_input  uip-icmp6.o
    0x080075f0   0x000000b0   Code   RO         9213    i.echo_request_input  uip-icmp6.o
    0x080076a0   0x00000002   Code   RO        11092    i.energest_flush    energest.o
    0x080076a2   0x00000002   Code   RO        11093    i.energest_init     energest.o
    0x080076a4   0x00000008   Code   RO        11124    i.etimer_expiration_time  etimer.o
    0x080076ac   0x0000000c   Code   RO        11125    i.etimer_expired    etimer.o
    0x080076b8   0x00000010   Code   RO        11127    i.etimer_pending    etimer.o
    0x080076c8   0x0000000c   Code   RO        11128    i.etimer_request_poll  etimer.o
    0x080076d4   0x00000012   Code   RO        11129    i.etimer_reset      etimer.o
    0x080076e6   0x00000012   Code   RO        11131    i.etimer_restart    etimer.o
    0x080076f8   0x00000012   Code   RO        11132    i.etimer_set        etimer.o
    0x0800770a   0x00000002   PAD
    0x0800770c   0x00000030   Code   RO        11134    i.etimer_stop       etimer.o
    0x0800773c   0x00000140   Code   RO         7762    i.eventhandler      tcpip.o
    0x0800787c   0x0000007c   Code   RO        11225    i.exit_process      process.o
    0x080078f8   0x00000098   Code   RO         8581    i.ext_hdr_options_process  uip6.o
    0x08007990   0x0000006c   Code   RO         9459    i.field_len         frame802154.o
    0x080079fc   0x0000001c   Code   RO        10062    i.find_parent_any_dag_any_instance  rpl-dag.o
    0x08007a18   0x00000010   Code   RO        10063    i.find_parent_dag   rpl-dag.o
    0x08007a28   0x00000030   Code   RO        10890    i.find_removable_dao  rpl-nbr-policy.o
    0x08007a58   0x00000034   Code   RO        10891    i.find_removable_dio  rpl-nbr-policy.o
    0x08007a8c   0x0000001c   Code   RO        10892    i.find_removable_dis  rpl-nbr-policy.o
    0x08007aa8   0x00000004   Code   RO        11684    i.fputc             console.o
    0x08007aac   0x00000086   Code   RO         9461    i.frame802154_create  frame802154.o
    0x08007b32   0x00000056   Code   RO         9462    i.frame802154_create_fcf  frame802154.o
    0x08007b88   0x0000000c   Code   RO         9464    i.frame802154_get_pan_id  frame802154.o
    0x08007b94   0x000000a0   Code   RO         9465    i.frame802154_has_panid  frame802154.o
    0x08007c34   0x0000002e   Code   RO         9466    i.frame802154_hdrlen  frame802154.o
    0x08007c62   0x00000020   Code   RO         9467    i.frame802154_is_broadcast_addr  frame802154.o
    0x08007c82   0x00000002   PAD
    0x08007c84   0x00000124   Code   RO         9468    i.frame802154_parse  frame802154.o
    0x08007da8   0x00000064   Code   RO         9469    i.frame802154_parse_fcf  frame802154.o
    0x08007e0c   0x0000006c   Code   RO         9364    i.free_packet       csma.o
    0x08007e78   0x00000204   Code   RO         6306    i.generate_routes   border-router.o
    0x0800807c   0x00000008   Code   RO        10524    i.get16             rpl-icmp6.o
    0x08008084   0x00000010   Code   RO        10525    i.get32             rpl-icmp6.o
    0x08008094   0x0000003c   Code   RO         8741    i.get_match_length  uip-ds6.o
    0x080080d0   0x00000038   Code   RO        10776    i.get_probing_delay  rpl-timers.o
    0x08008108   0x000000b4   Code   RO        10777    i.get_probing_target  rpl-timers.o
    0x080081bc   0x00000028   Code   RO         6868    i.get_sensor_index  sensors.o
    0x080081e4   0x0000008c   Code   RO        10064    i.global_repair     rpl-dag.o
    0x08008270   0x0000001c   Code   RO         6609    i.handle_connection  httpd-simple.o
    0x0800828c   0x0000005c   Code   RO        10778    i.handle_dao_timer  rpl-timers.o
    0x080082e8   0x00000084   Code   RO        10779    i.handle_dio_timer  rpl-timers.o
    0x0800836c   0x000000b4   Code   RO         6610    i.handle_input      httpd-simple.o
    0x08008420   0x000000e8   Code   RO         6611    i.handle_output     httpd-simple.o
    0x08008508   0x00000050   Code   RO        10780    i.handle_periodic_timer  rpl-timers.o
    0x08008558   0x00000014   Code   RO        10893    i.handle_periodic_timer  rpl-nbr-policy.o
    0x0800856c   0x00000032   Code   RO        10781    i.handle_probing_timer  rpl-timers.o
    0x0800859e   0x0000001c   Code   RO        10782    i.handle_unicast_dio_timer  rpl-timers.o
    0x080085ba   0x00000008   Code   RO         9644    i.hdr_length        framer-802154.o
    0x080085c2   0x00000002   PAD
    0x080085c4   0x000000b4   Code   RO         6612    i.httpd_appcall     httpd-simple.o
    0x08008678   0x00000018   Code   RO         6613    i.httpd_init        httpd-simple.o
    0x08008690   0x00000008   Code   RO         6307    i.httpd_simple_get_script  border-router.o
    0x08008698   0x00000016   Code   RO         6947    i.index_from_item   nbr-table.o
    0x080086ae   0x00000002   PAD
    0x080086b0   0x0000001c   Code   RO         6948    i.index_from_key    nbr-table.o
    0x080086cc   0x00000040   Code   RO         6949    i.index_from_lladdr  nbr-table.o
    0x0800870c   0x00000024   Code   RO         6673    i.init              slip-bridge.o
    0x08008730   0x00000002   Code   RO         9331    i.init              nullsec.o
    0x08008732   0x00000002   PAD
    0x08008734   0x00000020   Code   RO         9365    i.init              csma.o
    0x08008754   0x0000000c   Code   RO         9826    i.init              nullrdc.o
    0x08008760   0x000001e0   Code   RO         8301    i.input             sicslowpan.o
    0x08008940   0x0000000c   Code   RO         9332    i.input             nullsec.o
    0x0800894c   0x0000000c   Code   RO         9366    i.input_packet      csma.o
    0x08008958   0x000000b0   Code   RO        10475    i.insert_hbh_header  rpl-ext-header.o
    0x08008a08   0x000000ac   Code   RO         6308    i.ipaddr_add        border-router.o
    0x08008ab4   0x00000014   Code   RO         6950    i.item_from_index   nbr-table.o
    0x08008ac8   0x00000016   Code   RO         6951    i.item_from_key     nbr-table.o
    0x08008ade   0x00000002   PAD
    0x08008ae0   0x0000001c   Code   RO         6952    i.key_from_index    nbr-table.o
    0x08008afc   0x0000000e   Code   RO         6953    i.key_from_item     nbr-table.o
    0x08008b0a   0x00000002   PAD
    0x08008b0c   0x00000010   Code   RO         7353    i.link_stats_from_lladdr  link-stats.o
    0x08008b1c   0x0000002c   Code   RO         7354    i.link_stats_init   link-stats.o
    0x08008b48   0x00000054   Code   RO         7355    i.link_stats_input_callback  link-stats.o
    0x08008b9c   0x00000028   Code   RO         7356    i.link_stats_is_fresh  link-stats.o
    0x08008bc4   0x00000080   Code   RO         7357    i.link_stats_packet_sent  link-stats.o
    0x08008c44   0x00000012   Code   RO         6916    i.linkaddr_cmp      linkaddr.o
    0x08008c56   0x0000000a   Code   RO         6917    i.linkaddr_copy     linkaddr.o
    0x08008c60   0x00000010   Code   RO         6918    i.linkaddr_set_node_addr  linkaddr.o
    0x08008c70   0x0000001e   Code   RO         6737    i.list_add          list.o
    0x08008c8e   0x00000004   Code   RO         6740    i.list_head         list.o
    0x08008c92   0x00000006   Code   RO         6741    i.list_init         list.o
    0x08008c98   0x00000008   Code   RO         6743    i.list_item_next    list.o
    0x08008ca0   0x00000012   Code   RO         6744    i.list_length       list.o
    0x08008cb2   0x00000012   Code   RO         6746    i.list_push         list.o
    0x08008cc4   0x00000028   Code   RO         6747    i.list_remove       list.o
    0x08008cec   0x00000012   Code   RO         6748    i.list_tail         list.o
    0x08008cfe   0x0000002e   Code   RO        10065    i.lollipop_greater_than  rpl-dag.o
    0x08008d2c   0x0000001a   Code   RO         9702    i.mac_call_sent_callback  mac.o
    0x08008d46   0x00000002   PAD
    0x08008d48   0x000000bc   Code   RO         5947    i.main              main.o
    0x08008e04   0x00000026   Code   RO         6814    i.memb_alloc        memb.o
    0x08008e2a   0x0000002c   Code   RO         6815    i.memb_free         memb.o
    0x08008e56   0x0000001c   Code   RO         6816    i.memb_init         memb.o
    0x08008e72   0x0000001a   Code   RO         6817    i.memb_inmemb       memb.o
    0x08008e8c   0x0000001c   Code   RO         6818    i.memb_numfree      memb.o
    0x08008ea8   0x00000004   Code   RO        10066    i.nbr_callback      rpl-dag.o
    0x08008eac   0x00000028   Code   RO         6954    i.nbr_get_bit       nbr-table.o
    0x08008ed4   0x00000032   Code   RO         6955    i.nbr_set_bit       nbr-table.o
    0x08008f06   0x00000002   PAD
    0x08008f08   0x00000074   Code   RO         6956    i.nbr_table_add_lladdr  nbr-table.o
    0x08008f7c   0x000000a0   Code   RO         6957    i.nbr_table_allocate  nbr-table.o
    0x0800901c   0x0000002c   Code   RO         6958    i.nbr_table_get_from_lladdr  nbr-table.o
    0x08009048   0x0000000e   Code   RO         6959    i.nbr_table_get_lladdr  nbr-table.o
    0x08009056   0x00000002   PAD
    0x08009058   0x0000003c   Code   RO         6960    i.nbr_table_head    nbr-table.o
    0x08009094   0x00000010   Code   RO         6961    i.nbr_table_lock    nbr-table.o
    0x080090a4   0x00000034   Code   RO         6962    i.nbr_table_next    nbr-table.o
    0x080090d8   0x00000028   Code   RO         6963    i.nbr_table_register  nbr-table.o
    0x08009100   0x0000002c   Code   RO         6964    i.nbr_table_remove  nbr-table.o
    0x0800912c   0x00000010   Code   RO         6965    i.nbr_table_unlock  nbr-table.o
    0x0800913c   0x00000042   Code   RO         6966    i.nbr_table_update_lladdr  nbr-table.o
    0x0800917e   0x00000002   PAD
    0x08009180   0x00000038   Code   RO         7074    i.netstack_init     netstack.o
    0x080091b8   0x00000058   Code   RO        10783    i.new_dio_interval  rpl-timers.o
    0x08009210   0x00000034   Code   RO        11809    i.node_id_restore   node-id.o
    0x08009244   0x00000218   Code   RO         9286    i.ns_input          uip-nd6.o
    0x0800945c   0x0000000c   Code   RO         9367    i.off               csma.o
    0x08009468   0x00000010   Code   RO         9827    i.off               nullrdc.o
    0x08009478   0x0000000c   Code   RO         9368    i.on                csma.o
    0x08009484   0x0000000c   Code   RO         9828    i.on                nullrdc.o
    0x08009490   0x00000084   Code   RO         6674    i.output            slip-bridge.o
    0x08009514   0x000001cc   Code   RO         8302    i.output            sicslowpan.o
    0x080096e0   0x0000003c   Code   RO         9829    i.packet_input      nullrdc.o
    0x0800971c   0x00000020   Code   RO         8303    i.packet_sent       sicslowpan.o
    0x0800973c   0x000000d8   Code   RO         9369    i.packet_sent       csma.o
    0x08009814   0x00000010   Code   RO         7090    i.packetbuf_addr    packetbuf.o
    0x08009824   0x0000000c   Code   RO         7091    i.packetbuf_attr    packetbuf.o
    0x08009830   0x0000002c   Code   RO         7092    i.packetbuf_attr_clear  packetbuf.o
    0x0800985c   0x00000024   Code   RO         7093    i.packetbuf_attr_copyfrom  packetbuf.o
    0x08009880   0x00000020   Code   RO         7094    i.packetbuf_attr_copyto  packetbuf.o
    0x080098a0   0x00000014   Code   RO         7095    i.packetbuf_clear   packetbuf.o
    0x080098b4   0x00000028   Code   RO         7097    i.packetbuf_copyfrom  packetbuf.o
    0x080098dc   0x00000038   Code   RO         7098    i.packetbuf_copyto  packetbuf.o
    0x08009914   0x0000000c   Code   RO         7099    i.packetbuf_datalen  packetbuf.o
    0x08009920   0x00000014   Code   RO         7100    i.packetbuf_dataptr  packetbuf.o
    0x08009934   0x0000003c   Code   RO         7101    i.packetbuf_hdralloc  packetbuf.o
    0x08009970   0x00000010   Code   RO         7102    i.packetbuf_hdrlen  packetbuf.o
    0x08009980   0x0000000c   Code   RO         7103    i.packetbuf_hdrptr  packetbuf.o
    0x0800998c   0x00000020   Code   RO         7104    i.packetbuf_hdrreduce  packetbuf.o
    0x080099ac   0x00000010   Code   RO         7105    i.packetbuf_holds_broadcast  packetbuf.o
    0x080099bc   0x00000018   Code   RO         7107    i.packetbuf_set_addr  packetbuf.o
    0x080099d4   0x00000010   Code   RO         7108    i.packetbuf_set_attr  packetbuf.o
    0x080099e4   0x0000000c   Code   RO         7109    i.packetbuf_set_datalen  packetbuf.o
    0x080099f0   0x00000014   Code   RO         7110    i.packetbuf_totlen  packetbuf.o
    0x08009a04   0x00000014   Code   RO        10625    i.parent_has_usable_link  rpl-mrhof.o
    0x08009a18   0x00000024   Code   RO        10626    i.parent_is_acceptable  rpl-mrhof.o
    0x08009a3c   0x00000012   Code   RO        10627    i.parent_link_metric  rpl-mrhof.o
    0x08009a4e   0x00000030   Code   RO        10628    i.parent_path_cost  rpl-mrhof.o
    0x08009a7e   0x0000008e   Code   RO         9645    i.parse             framer-802154.o
    0x08009b0c   0x0000002c   Code   RO         7358    i.periodic          link-stats.o
    0x08009b38   0x0000002c   Code   RO        10526    i.prepare_for_dao_fwd  rpl-icmp6.o
    0x08009b64   0x0000045c   Code   RO        11742    i.print_parameters  contiki-spirit1-main.o
    0x08009fc0   0x00000010   Code   RO        11226    i.process_alloc_event  process.o
    0x08009fd0   0x00000018   Code   RO        11228    i.process_init      process.o
    0x08009fe8   0x0000001c   Code   RO        11231    i.process_poll      process.o
    0x0800a004   0x00000044   Code   RO        11232    i.process_post      process.o
    0x0800a048   0x00000014   Code   RO        11233    i.process_post_synch  process.o
    0x0800a05c   0x0000001c   Code   RO        11234    i.process_run       process.o
    0x0800a078   0x00000038   Code   RO        11235    i.process_start     process.o
    0x0800a0b0   0x00000114   Code   RO         6309    i.process_thread_border_router_process  border-router.o
    0x0800a1c4   0x00000080   Code   RO        11041    i.process_thread_ctimer_process  ctimer.o
    0x0800a244   0x000000a0   Code   RO        11135    i.process_thread_etimer_process  etimer.o
    0x0800a2e4   0x000000b4   Code   RO         6869    i.process_thread_sensors_process  sensors.o
    0x0800a398   0x0000005c   Code   RO        12183    i.process_thread_slip_process  slip.o
    0x0800a3f4   0x000000a4   Code   RO        11875    i.process_thread_spirit_radio_process  spirit1.o
    0x0800a498   0x00000078   Code   RO         7763    i.process_thread_tcpip_process  tcpip.o
    0x0800a510   0x00000038   Code   RO         6310    i.process_thread_webserver_nogui_process  border-router.o
    0x0800a548   0x0000000a   Code   RO         7545    i.psock_datalen     psock.o
    0x0800a552   0x00000018   Code   RO         7547    i.psock_init        psock.o
    0x0800a56a   0x00000002   PAD
    0x0800a56c   0x00000028   Code   RO         7548    i.psock_newdata     psock.o
    0x0800a594   0x000000c0   Code   RO         7550    i.psock_readto      psock.o
    0x0800a654   0x0000003e   Code   RO         7551    i.psock_send        psock.o
    0x0800a692   0x0000000c   Code   RO         7222    i.queuebuf_attr     queuebuf.o
    0x0800a69e   0x00000002   PAD
    0x0800a6a0   0x0000002c   Code   RO         7226    i.queuebuf_free     queuebuf.o
    0x0800a6cc   0x00000018   Code   RO         7227    i.queuebuf_init     queuebuf.o
    0x0800a6e4   0x00000044   Code   RO         7228    i.queuebuf_new_from_packetbuf  queuebuf.o
    0x0800a728   0x0000000c   Code   RO         7229    i.queuebuf_numfree  queuebuf.o
    0x0800a734   0x00000034   Code   RO         7230    i.queuebuf_to_packetbuf  queuebuf.o
    0x0800a768   0x0000000c   Code   RO         7231    i.queuebuf_update_attr_from_packetbuf  queuebuf.o
    0x0800a774   0x00000004   Code   RO         6850    i.random_init       random.o
    0x0800a778   0x0000000a   Code   RO         6851    i.random_rand       random.o
    0x0800a782   0x00000042   Code   RO        10629    i.rank_via_parent   rpl-mrhof.o
    0x0800a7c4   0x00000048   Code   RO         8582    i.remove_ext_hdr    uip6.o
    0x0800a80c   0x00000064   Code   RO         6967    i.remove_key        nbr-table.o
    0x0800a870   0x00000038   Code   RO        10067    i.remove_parents    rpl-dag.o
    0x0800a8a8   0x0000002c   Code   RO         6311    i.request_prefix    border-router.o
    0x0800a8d4   0x00000002   Code   RO        10630    i.reset             rpl-mrhof.o
    0x0800a8d6   0x00000014   Code   RO         9370    i.rexmit            csma.o
    0x0800a8ea   0x00000002   PAD
    0x0800a8ec   0x00000030   Code   RO         9065    i.rm_routelist      uip-ds6-route.o
    0x0800a91c   0x00000004   Code   RO         9066    i.rm_routelist_callback  uip-ds6-route.o
    0x0800a920   0x00000094   Code   RO        12250    i.round             m_ws.l(round.o)
    0x0800a9b4   0x00000102   Code   RO        10068    i.rpl_add_dag       rpl-dag.o
    0x0800aab6   0x00000002   PAD
    0x0800aab8   0x00000034   Code   RO        10069    i.rpl_add_parent    rpl-dag.o
    0x0800aaec   0x0000003c   Code   RO         9968    i.rpl_add_route     rpl.o
    0x0800ab28   0x00000048   Code   RO        10070    i.rpl_alloc_dag     rpl-dag.o
    0x0800ab70   0x00000048   Code   RO        10071    i.rpl_alloc_instance  rpl-dag.o
    0x0800abb8   0x00000014   Code   RO        10072    i.rpl_dag_init      rpl-dag.o
    0x0800abcc   0x00000018   Code   RO        10073    i.rpl_find_of       rpl-dag.o
    0x0800abe4   0x00000016   Code   RO        10074    i.rpl_find_parent   rpl-dag.o
    0x0800abfa   0x0000001a   Code   RO        10075    i.rpl_find_parent_any_dag  rpl-dag.o
    0x0800ac14   0x0000003c   Code   RO        10076    i.rpl_free_dag      rpl-dag.o
    0x0800ac50   0x00000018   Code   RO        10078    i.rpl_get_any_dag   rpl-dag.o
    0x0800ac68   0x0000004c   Code   RO        10079    i.rpl_get_dag       rpl-dag.o
    0x0800acb4   0x0000001c   Code   RO        10081    i.rpl_get_instance  rpl-dag.o
    0x0800acd0   0x0000000c   Code   RO         9969    i.rpl_get_mode      rpl.o
    0x0800acdc   0x00000010   Code   RO        10083    i.rpl_get_parent    rpl-dag.o
    0x0800acec   0x0000000e   Code   RO        10084    i.rpl_get_parent_ipaddr  rpl-dag.o
    0x0800acfa   0x0000000e   Code   RO        10086    i.rpl_get_parent_link_stats  rpl-dag.o
    0x0800ad08   0x00000010   Code   RO        10087    i.rpl_get_parent_lladdr  rpl-dag.o
    0x0800ad18   0x00000028   Code   RO        10527    i.rpl_icmp6_register_handlers  rpl-icmp6.o
    0x0800ad40   0x00000028   Code   RO        10528    i.rpl_icmp6_update_nbr_table  rpl-icmp6.o
    0x0800ad68   0x00000048   Code   RO         9970    i.rpl_init          rpl.o
    0x0800adb0   0x00000040   Code   RO         9971    i.rpl_ipv6_neighbor_callback  rpl.o
    0x0800adf0   0x00000120   Code   RO        10090    i.rpl_join_instance  rpl-dag.o
    0x0800af10   0x00000060   Code   RO         9972    i.rpl_link_neighbor_callback  rpl.o
    0x0800af70   0x0000008c   Code   RO        10091    i.rpl_local_repair  rpl-dag.o
    0x0800affc   0x00000056   Code   RO        10092    i.rpl_move_parent   rpl-dag.o
    0x0800b052   0x00000002   PAD
    0x0800b054   0x00000028   Code   RO        10894    i.rpl_nbr_policy_find_removable  rpl-nbr-policy.o
    0x0800b07c   0x00000058   Code   RO        10093    i.rpl_nullify_parent  rpl-dag.o
    0x0800b0d4   0x0000000e   Code   RO        10094    i.rpl_parent_is_fresh  rpl-dag.o
    0x0800b0e2   0x00000032   Code   RO        10095    i.rpl_parent_is_reachable  rpl-dag.o
    0x0800b114   0x0000022e   Code   RO        10097    i.rpl_process_dio   rpl-dag.o
    0x0800b342   0x0000007a   Code   RO        10098    i.rpl_process_parent_event  rpl-dag.o
    0x0800b3bc   0x0000004c   Code   RO         9973    i.rpl_purge_dags    rpl.o
    0x0800b408   0x00000064   Code   RO         9974    i.rpl_purge_routes  rpl.o
    0x0800b46c   0x0000001a   Code   RO        10099    i.rpl_rank_via_parent  rpl-dag.o
    0x0800b486   0x00000002   PAD
    0x0800b488   0x0000003c   Code   RO        10100    i.rpl_recalculate_ranks  rpl-dag.o
    0x0800b4c4   0x0000008c   Code   RO        10476    i.rpl_remove_header  rpl-ext-header.o
    0x0800b550   0x0000001c   Code   RO        10101    i.rpl_remove_parent  rpl-dag.o
    0x0800b56c   0x00000020   Code   RO         9975    i.rpl_remove_routes  rpl.o
    0x0800b58c   0x0000003a   Code   RO         9976    i.rpl_remove_routes_by_nexthop  rpl.o
    0x0800b5c6   0x00000044   Code   RO        10102    i.rpl_repair_root   rpl-dag.o
    0x0800b60a   0x0000001c   Code   RO        10785    i.rpl_reset_dio_timer  rpl-timers.o
    0x0800b626   0x00000002   PAD
    0x0800b628   0x00000038   Code   RO        10786    i.rpl_reset_periodic_timer  rpl-timers.o
    0x0800b660   0x00000008   Code   RO        10787    i.rpl_schedule_dao  rpl-timers.o
    0x0800b668   0x00000020   Code   RO        10789    i.rpl_schedule_probing  rpl-timers.o
    0x0800b688   0x00000014   Code   RO        10790    i.rpl_schedule_unicast_dio_immediately  rpl-timers.o
    0x0800b69c   0x00000140   Code   RO        10103    i.rpl_select_dag    rpl-dag.o
    0x0800b7dc   0x0000004e   Code   RO        10104    i.rpl_select_parent  rpl-dag.o
    0x0800b82a   0x0000002c   Code   RO        10106    i.rpl_set_default_route  rpl-dag.o
    0x0800b856   0x00000002   PAD
    0x0800b858   0x00000028   Code   RO        10107    i.rpl_set_preferred_parent  rpl-dag.o
    0x0800b880   0x0000005c   Code   RO        10108    i.rpl_set_prefix    rpl-dag.o
    0x0800b8dc   0x00000110   Code   RO        10109    i.rpl_set_root      rpl-dag.o
    0x0800b9ec   0x00000070   Code   RO        10477    i.rpl_update_header  rpl-ext-header.o
    0x0800ba5c   0x000000f4   Code   RO        10478    i.rpl_verify_hbh_header  rpl-ext-header.o
    0x0800bb50   0x00000094   Code   RO        11831    i.rtimer_arch_init  rtimer-arch.o
    0x0800bbe4   0x0000000c   Code   RO        11832    i.rtimer_arch_now   rtimer-arch.o
    0x0800bbf0   0x00000004   Code   RO        11332    i.rtimer_init       rtimer.o
    0x0800bbf4   0x00000054   Code   RO        10791    i.schedule_dao      rpl-timers.o
    0x0800bc48   0x0000004c   Code   RO         9371    i.schedule_transmission  csma.o
    0x0800bc94   0x00000020   Code   RO         9333    i.send              nullsec.o
    0x0800bcb4   0x00000058   Code   RO         6614    i.send_headers      httpd-simple.o
    0x0800bd0c   0x00000024   Code   RO         9830    i.send_list         nullrdc.o
    0x0800bd30   0x00000068   Code   RO         9831    i.send_one_packet   nullrdc.o
    0x0800bd98   0x00000024   Code   RO         8306    i.send_packet       sicslowpan.o
    0x0800bdbc   0x00000130   Code   RO         9372    i.send_packet       csma.o
    0x0800beec   0x00000004   Code   RO         9832    i.send_packet       nullrdc.o
    0x0800bef0   0x00000024   Code   RO         6870    i.sensors_changed   sensors.o
    0x0800bf14   0x0000000a   Code   RO        10529    i.set16             rpl-icmp6.o
    0x0800bf1e   0x00000016   Code   RO        10530    i.set32             rpl-icmp6.o
    0x0800bf34   0x00000048   Code   RO        10792    i.set_dao_lifetime_timer  rpl-timers.o
    0x0800bf7c   0x0000002c   Code   RO        10110    i.set_ip_from_prefix  rpl-dag.o
    0x0800bfa8   0x00000040   Code   RO         8307    i.set_packet_attrs  sicslowpan.o
    0x0800bfe8   0x00000054   Code   RO         6312    i.set_prefix_64     border-router.o
    0x0800c03c   0x00000024   Code   RO         8309    i.sicslowpan_init   sicslowpan.o
    0x0800c060   0x00000014   Code   RO        12077    i.slip_arch_init    uart-msg.o
    0x0800c074   0x0000000a   Code   RO        12078    i.slip_arch_writeb  uart-msg.o
    0x0800c07e   0x00000002   PAD
    0x0800c080   0x00000080   Code   RO        12184    i.slip_input_byte   slip.o
    0x0800c100   0x0000012c   Code   RO         6675    i.slip_input_callback  slip-bridge.o
    0x0800c22c   0x00000160   Code   RO        12185    i.slip_poll_handler  slip.o
    0x0800c38c   0x00000050   Code   RO        12186    i.slip_send         slip.o
    0x0800c3dc   0x0000000c   Code   RO        12187    i.slip_set_input_callback  slip.o
    0x0800c3e8   0x000000a8   Code   RO        11997    i.spirit1_arch_refresh_status  spirit1-arch.o
    0x0800c490   0x000000c4   Code   RO        11876    i.spirit1_interrupt_callback  spirit1.o
    0x0800c554   0x000000d8   Code   RO        11878    i.spirit_radio_channel_clear  spirit1.o
    0x0800c62c   0x00000134   Code   RO        11879    i.spirit_radio_init  spirit1.o
    0x0800c760   0x000000ac   Code   RO        11880    i.spirit_radio_off  spirit1.o
    0x0800c80c   0x000000c0   Code   RO        11881    i.spirit_radio_on   spirit1.o
    0x0800c8cc   0x00000010   Code   RO        11882    i.spirit_radio_pending_packet  spirit1.o
    0x0800c8dc   0x0000004c   Code   RO        11883    i.spirit_radio_prepare  spirit1.o
    0x0800c928   0x000000cc   Code   RO        11884    i.spirit_radio_read  spirit1.o
    0x0800c9f4   0x0000000c   Code   RO        11885    i.spirit_radio_receiving_packet  spirit1.o
    0x0800ca00   0x00000018   Code   RO        11886    i.spirit_radio_send  spirit1.o
    0x0800ca18   0x0000012c   Code   RO        11887    i.spirit_radio_transmit  spirit1.o
    0x0800cb44   0x0000004e   Code   RO        11888    i.spirit_set_ready_state  spirit1.o
    0x0800cb92   0x00000002   PAD
    0x0800cb94   0x0000001c   Code   RO         7764    i.start_periodic_tcp_timer  tcpip.o
    0x0800cbb0   0x00000014   Code   RO        11440    i.status            button-sensor.o
    0x0800cbc4   0x00000014   Code   RO        11533    i.status            radio-sensor.o
    0x0800cbd8   0x00000020   Code   RO        11359    i.stimer_expired    stimer.o
    0x0800cbf8   0x0000000e   Code   RO        11363    i.stimer_set        stimer.o
    0x0800cc06   0x00000002   PAD
    0x0800cc08   0x00000064   Code   RO         8310    i.store_fragment    sicslowpan.o
    0x0800cc6c   0x00000010   Code   RO         7765    i.tcp_attach        tcpip.o
    0x0800cc7c   0x00000028   Code   RO         7767    i.tcp_listen        tcpip.o
    0x0800cca4   0x00000024   Code   RO         7769    i.tcpip_input       tcpip.o
    0x0800ccc8   0x000000f0   Code   RO         7770    i.tcpip_ipv6_output  tcpip.o
    0x0800cdb8   0x00000018   Code   RO         7771    i.tcpip_output      tcpip.o
    0x0800cdd0   0x0000000c   Code   RO         7774    i.tcpip_set_outputfunc  tcpip.o
    0x0800cddc   0x0000006c   Code   RO         7775    i.tcpip_uipcall     tcpip.o
    0x0800ce48   0x0000001c   Code   RO        11400    i.timer_expired     timer.o
    0x0800ce64   0x0000000a   Code   RO        11402    i.timer_reset       timer.o
    0x0800ce6e   0x0000000c   Code   RO        11403    i.timer_restart     timer.o
    0x0800ce7a   0x0000000e   Code   RO        11404    i.timer_set         timer.o
    0x0800ce88   0x00000028   Code   RO         9373    i.transmit_packet_list  csma.o
    0x0800ceb0   0x0000002a   Code   RO         9374    i.tx_done           csma.o
    0x0800ceda   0x00000002   PAD
    0x0800cedc   0x00000018   Code   RO        11686    i.uart_send_char    console.o
    0x0800cef4   0x00000014   Code   RO        12080    i.uart_send_msg     uart-msg.o
    0x0800cf08   0x0000005c   Code   RO         8583    i.uip_add32         uip6.o
    0x0800cf64   0x0000002c   Code   RO         8584    i.uip_add_rcv_nxt   uip6.o
    0x0800cf90   0x000000c0   Code   RO         8119    i.uip_debug_ipaddr_print  uip-debug.o
    0x0800d050   0x00000090   Code   RO         8745    i.uip_ds6_addr_add  uip-ds6.o
    0x0800d0e0   0x0000002c   Code   RO         8746    i.uip_ds6_addr_lookup  uip-ds6.o
    0x0800d10c   0x00000048   Code   RO         8747    i.uip_ds6_addr_rm   uip-ds6.o
    0x0800d154   0x00000034   Code   RO         8748    i.uip_ds6_compute_reachable_time  uip-ds6.o
    0x0800d188   0x00000058   Code   RO         9067    i.uip_ds6_defrt_add  uip-ds6-route.o
    0x0800d1e0   0x00000034   Code   RO         9068    i.uip_ds6_defrt_choose  uip-ds6-route.o
    0x0800d214   0x0000002c   Code   RO         9070    i.uip_ds6_defrt_lookup  uip-ds6-route.o
    0x0800d240   0x00000034   Code   RO         9071    i.uip_ds6_defrt_periodic  uip-ds6-route.o
    0x0800d274   0x00000040   Code   RO         9072    i.uip_ds6_defrt_rm  uip-ds6-route.o
    0x0800d2b4   0x00000040   Code   RO         8750    i.uip_ds6_get_link_local  uip-ds6.o
    0x0800d2f4   0x000000d0   Code   RO         8751    i.uip_ds6_init      uip-ds6.o
    0x0800d3c4   0x0000003c   Code   RO         8752    i.uip_ds6_is_addr_onlink  uip-ds6.o
    0x0800d400   0x00000038   Code   RO         8895    i.uip_ds6_link_neighbor_callback  uip-ds6-nbr.o
    0x0800d438   0x00000048   Code   RO         8753    i.uip_ds6_list_loop  uip-ds6.o
    0x0800d480   0x00000040   Code   RO         8754    i.uip_ds6_maddr_add  uip-ds6.o
    0x0800d4c0   0x0000002c   Code   RO         8755    i.uip_ds6_maddr_lookup  uip-ds6.o
    0x0800d4ec   0x0000000a   Code   RO         8756    i.uip_ds6_maddr_rm  uip-ds6.o
    0x0800d4f6   0x00000002   PAD
    0x0800d4f8   0x00000034   Code   RO         8896    i.uip_ds6_nbr_add   uip-ds6-nbr.o
    0x0800d52c   0x00000010   Code   RO         8898    i.uip_ds6_nbr_get_ll  uip-ds6-nbr.o
    0x0800d53c   0x00000004   Code   RO         8899    i.uip_ds6_nbr_ipaddr_from_lladdr  uip-ds6-nbr.o
    0x0800d540   0x00000010   Code   RO         8900    i.uip_ds6_nbr_ll_lookup  uip-ds6-nbr.o
    0x0800d550   0x00000014   Code   RO         8901    i.uip_ds6_nbr_lladdr_from_ipaddr  uip-ds6-nbr.o
    0x0800d564   0x00000038   Code   RO         8902    i.uip_ds6_nbr_lookup  uip-ds6-nbr.o
    0x0800d59c   0x00000020   Code   RO         8904    i.uip_ds6_nbr_rm    uip-ds6-nbr.o
    0x0800d5bc   0x0000001c   Code   RO         8905    i.uip_ds6_neighbors_init  uip-ds6-nbr.o
    0x0800d5d8   0x00000048   Code   RO         8757    i.uip_ds6_periodic  uip-ds6.o
    0x0800d620   0x00000058   Code   RO         8758    i.uip_ds6_prefix_add  uip-ds6.o
    0x0800d678   0x000000e0   Code   RO         9075    i.uip_ds6_route_add  uip-ds6-route.o
    0x0800d758   0x0000000c   Code   RO         9076    i.uip_ds6_route_head  uip-ds6-route.o
    0x0800d764   0x0000003c   Code   RO         9077    i.uip_ds6_route_init  uip-ds6-route.o
    0x0800d7a0   0x00000024   Code   RO         9078    i.uip_ds6_route_is_nexthop  uip-ds6-route.o
    0x0800d7c4   0x00000064   Code   RO         9079    i.uip_ds6_route_lookup  uip-ds6-route.o
    0x0800d828   0x0000000a   Code   RO         9080    i.uip_ds6_route_next  uip-ds6-route.o
    0x0800d832   0x00000002   PAD
    0x0800d834   0x00000020   Code   RO         9081    i.uip_ds6_route_nexthop  uip-ds6-route.o
    0x0800d854   0x00000094   Code   RO         9083    i.uip_ds6_route_rm  uip-ds6-route.o
    0x0800d8e8   0x0000009c   Code   RO         8761    i.uip_ds6_select_src  uip-ds6.o
    0x0800d984   0x00000012   Code   RO         8762    i.uip_ds6_set_addr_iid  uip-ds6.o
    0x0800d996   0x00000004   Code   RO         8587    i.uip_htonl         uip6.o
    0x0800d99a   0x00000002   PAD
    0x0800d99c   0x0000011c   Code   RO         9216    i.uip_icmp6_error_output  uip-icmp6.o
    0x0800dab8   0x00000018   Code   RO         9217    i.uip_icmp6_init    uip-icmp6.o
    0x0800dad0   0x00000040   Code   RO         9218    i.uip_icmp6_input   uip-icmp6.o
    0x0800db10   0x00000010   Code   RO         9219    i.uip_icmp6_register_input_handler  uip-icmp6.o
    0x0800db20   0x00000080   Code   RO         9220    i.uip_icmp6_send    uip-icmp6.o
    0x0800dba0   0x00000006   Code   RO         8589    i.uip_icmp6chksum   uip6.o
    0x0800dba6   0x00000002   PAD
    0x0800dba8   0x0000005c   Code   RO         8590    i.uip_init          uip6.o
    0x0800dc04   0x0000001c   Code   RO         8591    i.uip_listen        uip6.o
    0x0800dc20   0x0000000c   Code   RO         9287    i.uip_nd6_init      uip-nd6.o
    0x0800dc2c   0x00000bbc   Code   RO         8592    i.uip_process       uip6.o
    0x0800e7e8   0x00000050   Code   RO         8593    i.uip_send          uip6.o
    0x0800e838   0x00000006   Code   RO         8594    i.uip_tcpchksum     uip6.o
    0x0800e83e   0x00000006   Code   RO         8596    i.uip_udpchksum     uip6.o
    0x0800e844   0x00000020   Code   RO         8597    i.uip_unlisten      uip6.o
    0x0800e864   0x00000074   Code   RO         8311    i.uncompress_addr   sicslowpan.o
    0x0800e8d8   0x000002dc   Code   RO         8312    i.uncompress_hdr_iphc  sicslowpan.o
    0x0800ebb4   0x000000d4   Code   RO        10479    i.update_hbh_header  rpl-ext-header.o
    0x0800ec88   0x00000006   Code   RO        10631    i.update_metric_container  rpl-mrhof.o
    0x0800ec8e   0x00000002   PAD
    0x0800ec90   0x000000d4   Code   RO        10895    i.update_nbr        rpl-nbr-policy.o
    0x0800ed64   0x00000038   Code   RO        11136    i.update_time       etimer.o
    0x0800ed9c   0x00000050   Code   RO         8598    i.upper_layer_chksum  uip6.o
    0x0800edec   0x00000006   Code   RO        11441    i.value             button-sensor.o
    0x0800edf2   0x00000002   PAD
    0x0800edf4   0x00000040   Code   RO        11534    i.value             radio-sensor.o
    0x0800ee34   0x00000002   Code   RO        12033    i.watchdog_init     watchdog.o
    0x0800ee36   0x00000002   Code   RO        12034    i.watchdog_periodic  watchdog.o
    0x0800ee38   0x00000002   Code   RO        12036    i.watchdog_start    watchdog.o
    0x0800ee3a   0x00000008   Data   RO          643    .constdata          spirit_management.o
    0x0800ee42   0x00000002   PAD
    0x0800ee44   0x00000154   Data   RO         1532    .constdata          spirit_radio.o
    0x0800ef98   0x00000006   Data   RO         2209    .constdata          stm32l1xx_nucleo.o
    0x0800ef9e   0x00000002   PAD
    0x0800efa0   0x00000048   Data   RO         2528    .constdata          radio_gpio.o
    0x0800efe8   0x00000002   Data   RO         2698    .constdata          radio_shield_config.o
    0x0800efea   0x00000019   Data   RO         2836    .constdata          system_stm32l1xx.o
    0x0800f003   0x00000008   Data   RO         2837    .constdata          system_stm32l1xx.o
    0x0800f00b   0x00000001   PAD
    0x0800f00c   0x0000000c   Data   RO         6314    .constdata          border-router.o
    0x0800f018   0x000000e0   Data   RO         6616    .constdata          httpd-simple.o
    0x0800f0f8   0x00000008   Data   RO         6677    .constdata          slip-bridge.o
    0x0800f100   0x00000008   Data   RO         6919    .constdata          linkaddr.o
    0x0800f108   0x00000012   Data   RO         8314    .constdata          sicslowpan.o
    0x0800f11a   0x00000002   PAD
    0x0800f11c   0x0000000c   Data   RO         8315    .constdata          sicslowpan.o
    0x0800f128   0x00000010   Data   RO         9334    .constdata          nullsec.o
    0x0800f138   0x0000001c   Data   RO         9380    .constdata          csma.o
    0x0800f154   0x0000000c   Data   RO         9646    .constdata          framer-802154.o
    0x0800f160   0x00000020   Data   RO         9833    .constdata          nullrdc.o
    0x0800f180   0x00000004   Data   RO        10113    .constdata          rpl-dag.o
    0x0800f184   0x00000010   Data   RO        11442    .constdata          button-sensor.o
    0x0800f194   0x00000010   Data   RO        11535    .constdata          radio-sensor.o
    0x0800f1a4   0x00000038   Data   RO        11890    .constdata          spirit1.o
    0x0800f1dc   0x00000030   Data   RO        11891    .constdata          spirit1.o
    0x0800f20c   0x00000016   Data   RO         6315    .conststring        border-router.o
    0x0800f222   0x00000002   PAD
    0x0800f224   0x0000000b   Data   RO         6316    .conststring        border-router.o
    0x0800f22f   0x00000001   PAD
    0x0800f230   0x00000044   Data   RO         6317    .conststring        border-router.o
    0x0800f274   0x00000059   Data   RO         6617    .conststring        httpd-simple.o
    0x0800f2cd   0x00000003   PAD
    0x0800f2d0   0x00000008   Data   RO         6874    .conststring        sensors.o
    0x0800f2d8   0x0000000d   Data   RO         7780    .conststring        tcpip.o
    0x0800f2e5   0x00000003   PAD
    0x0800f2e8   0x0000000b   Data   RO         8316    .conststring        sicslowpan.o
    0x0800f2f3   0x00000001   PAD
    0x0800f2f4   0x00000008   Data   RO         9335    .conststring        nullsec.o
    0x0800f2fc   0x00000005   Data   RO         9381    .conststring        csma.o
    0x0800f301   0x00000003   PAD
    0x0800f304   0x00000008   Data   RO         9834    .conststring        nullrdc.o
    0x0800f30c   0x0000000f   Data   RO        11042    .conststring        ctimer.o
    0x0800f31b   0x00000001   PAD
    0x0800f31c   0x0000000c   Data   RO        11137    .conststring        etimer.o
    0x0800f328   0x00000007   Data   RO        11443    .conststring        button-sensor.o
    0x0800f32f   0x00000001   PAD
    0x0800f330   0x00000006   Data   RO        11536    .conststring        radio-sensor.o
    0x0800f336   0x00000002   PAD
    0x0800f338   0x00000014   Data   RO        11892    .conststring        spirit1.o
    0x0800f34c   0x0000000c   Data   RO        12190    .conststring        slip.o
    0x0800f358   0x00000020   Data   RO        12673    Region$$Table       anon$$obj.o


    Execution Region RW_IRAM1 (Base: 0x20000000, Size: 0x00003da8, Max: 0x00014000, ABSOLUTE, COMPRESSED[0x0000017c])

    Base Addr    Size         Type   Attr      Idx    E Section Name        Object

    0x20000000   0x00000008   Data   RW          644    .data               spirit_management.o
    0x20000008   0x00000008   Data   RW         1533    .data               spirit_radio.o
    0x20000010   0x00000002   Data   RW         2153    .data               spirit_types.o
    0x20000012   0x00000002   PAD
    0x20000014   0x0000000c   Data   RW         2210    .data               stm32l1xx_nucleo.o
    0x20000020   0x00000014   Data   RW         2529    .data               radio_gpio.o
    0x20000034   0x00000004   Data   RW         2699    .data               radio_shield_config.o
    0x20000038   0x00000004   Data   RW         2760    .data               radio_spi.o
    0x2000003c   0x00000004   Data   RW         2838    .data               system_stm32l1xx.o
    0x20000040   0x00000004   Data   RW         2895    .data               stm32l1xx_hal.o
    0x20000044   0x00000004   Data   RW         6065    .data               stm32l1xx_hal_msp.o
    0x20000048   0x00000010   Data   RW         6318    .data               border-router.o
    0x20000058   0x00000010   Data   RW         6319    .data               border-router.o
    0x20000068   0x00000018   Data   RW         6320    .data               border-router.o
    0x20000080   0x00000010   Data   RW         6618    .data               httpd-simple.o
    0x20000090   0x00000002   Data   RW         6619    .data               httpd-simple.o
    0x20000092   0x00000002   PAD
    0x20000094   0x0000001c   Data   RW         6875    .data               sensors.o
    0x200000b0   0x00000008   Data   RW         6920    .data               linkaddr.o
    0x200000b8   0x00000014   Data   RW         6971    .data               nbr-table.o
    0x200000cc   0x00000004   Data   RW         6972    .data               nbr-table.o
    0x200000d0   0x0000000c   Data   RW         7113    .data               packetbuf.o
    0x200000dc   0x00000018   Data   RW         7237    .data               queuebuf.o
    0x200000f4   0x00000010   Data   RW         7361    .data               link-stats.o
    0x20000104   0x00000004   Data   RW         7362    .data               link-stats.o
    0x20000108   0x00000018   Data   RW         7781    .data               tcpip.o
    0x20000120   0x00000020   Data   RW         8317    .data               sicslowpan.o
    0x20000140   0x00000028   Data   RW         8600    .data               uip6.o
    0x20000168   0x00000008   Data   RW         8601    .data               uip6.o
    0x20000170   0x00000014   Data   RW         8765    .data               uip-ds6.o
    0x20000184   0x00000010   Data   RW         8907    .data               uip-ds6-nbr.o
    0x20000194   0x00000004   Data   RW         8908    .data               uip-ds6-nbr.o
    0x20000198   0x00000010   Data   RW         9091    .data               uip-ds6-route.o
    0x200001a8   0x00000038   Data   RW         9092    .data               uip-ds6-route.o
    0x200001e0   0x00000004   Data   RW         9093    .data               uip-ds6-route.o
    0x200001e4   0x00000004   Data   RW         9094    .data               uip-ds6-route.o
    0x200001e8   0x00000004   Data   RW         9095    .data               uip-ds6-route.o
    0x200001ec   0x00000002   Data   RW         9096    .data               uip-ds6-route.o
    0x200001ee   0x00000002   PAD
    0x200001f0   0x00000004   Data   RW         9222    .data               uip-icmp6.o
    0x200001f4   0x00000020   Data   RW         9223    .data               uip-icmp6.o
    0x20000214   0x00000004   Data   RW         9224    .data               uip-icmp6.o
    0x20000218   0x0000001c   Data   RW         9288    .data               uip-nd6.o
    0x20000234   0x0000002c   Data   RW         9382    .data               csma.o
    0x20000260   0x00000004   Data   RW         9383    .data               csma.o
    0x20000264   0x00000002   Data   RW         9384    .data               csma.o
    0x20000266   0x00000002   Data   RW         9471    .data               frame802154.o
    0x20000268   0x00000002   Data   RW         9647    .data               framer-802154.o
    0x2000026a   0x00000001   Data   RW         9978    .data               rpl.o
    0x2000026b   0x00000001   PAD
    0x2000026c   0x00000010   Data   RW        10114    .data               rpl-dag.o
    0x2000027c   0x00000008   Data   RW        10115    .data               rpl-dag.o
    0x20000284   0x00000034   Data   RW        10531    .data               rpl-icmp6.o
    0x200002b8   0x00000024   Data   RW        10632    .data               rpl-mrhof.o
    0x200002dc   0x00000004   Data   RW        10794    .data               rpl-timers.o
    0x200002e0   0x00000018   Data   RW        10897    .data               rpl-nbr-policy.o
    0x200002f8   0x00000004   Data   RW        11043    .data               ctimer.o
    0x200002fc   0x00000018   Data   RW        11044    .data               ctimer.o
    0x20000314   0x00000018   Data   RW        11138    .data               etimer.o
    0x2000032c   0x00000010   Data   RW        11237    .data               process.o
    0x2000033c   0x00000004   Data   RW        11444    .data               button-sensor.o
    0x20000340   0x00000004   Data   RW        11537    .data               radio-sensor.o
    0x20000344   0x00000008   Data   RW        11620    .data               clock.o
    0x2000034c   0x0000000c   Data   RW        11743    .data               contiki-spirit1-main.o
    0x20000358   0x00000003   Data   RW        11745    .data               contiki-spirit1-main.o
    0x2000035b   0x00000001   PAD
    0x2000035c   0x0000000a   Data   RW        11811    .data               node-id.o
    0x20000366   0x00000002   PAD
    0x20000368   0x00000004   Data   RW        11835    .data               rtimer-arch.o
    0x2000036c   0x00000028   Data   RW        11893    .data               spirit1.o
    0x20000394   0x0000001c   Data   RW        12191    .data               slip.o
    0x200003b0   0x00000004   Data   RW        12264    .data               mc_w.l(rand.o)
    0x200003b4   0x00000004   Data   RW        12636    .data               mc_w.l(stdout.o)
    0x200003b8   0x00000058   Zero   RW         2759    .bss                radio_spi.o
    0x20000410   0x00000020   Zero   RW         5999    .bss                cube_hal_l1.o
    0x20000430   0x00000240   Zero   RW         6064    .bss                stm32l1xx_hal_msp.o
    0x20000670   0x00000120   Zero   RW         6313    .bss                border-router.o
    0x20000790   0x000000f0   Zero   RW         6615    .bss                httpd-simple.o
    0x20000880   0x00000010   Zero   RW         6676    .bss                slip-bridge.o
    0x20000890   0x00000048   Zero   RW         6968    .bss                nbr-table.o
    0x200008d8   0x00000014   Zero   RW         6969    .bss                nbr-table.o
    0x200008ec   0x000000f0   Zero   RW         6970    .bss                nbr-table.o
    0x200009dc   0x0000002e   Zero   RW         7111    .bss                packetbuf.o
    0x20000a0a   0x00000002   PAD
    0x20000a0c   0x00000080   Zero   RW         7112    .bss                packetbuf.o
    0x20000a8c   0x00000010   Zero   RW         7233    .bss                queuebuf.o
    0x20000a9c   0x00000040   Zero   RW         7234    .bss                queuebuf.o
    0x20000adc   0x00000010   Zero   RW         7235    .bss                queuebuf.o
    0x20000aec   0x00000b00   Zero   RW         7236    .bss                queuebuf.o
    0x200015ec   0x000000f0   Zero   RW         7359    .bss                link-stats.o
    0x200016dc   0x00000020   Zero   RW         7360    .bss                link-stats.o
    0x200016fc   0x00000054   Zero   RW         7779    .bss                tcpip.o
    0x20001750   0x000006d0   Zero   RW         8313    .bss                sicslowpan.o
    0x20001e20   0x00000764   Zero   RW         8599    .bss                uip6.o
    0x20002584   0x00000178   Zero   RW         8763    .bss                uip-ds6.o
    0x200026fc   0x00000168   Zero   RW         8906    .bss                uip-ds6-nbr.o
    0x20002864   0x000000a0   Zero   RW         9085    .bss                uip-ds6-route.o
    0x20002904   0x0000001e   Zero   RW         9086    .bss                uip-ds6-route.o
    0x20002922   0x00000002   PAD
    0x20002924   0x000000f0   Zero   RW         9087    .bss                uip-ds6-route.o
    0x20002a14   0x0000001e   Zero   RW         9088    .bss                uip-ds6-route.o
    0x20002a32   0x00000002   PAD
    0x20002a34   0x000004b0   Zero   RW         9089    .bss                uip-ds6-route.o
    0x20002ee4   0x00000040   Zero   RW         9090    .bss                uip-ds6-route.o
    0x20002f24   0x00000010   Zero   RW         9221    .bss                uip-icmp6.o
    0x20002f34   0x00000070   Zero   RW         9375    .bss                csma.o
    0x20002fa4   0x00000010   Zero   RW         9376    .bss                csma.o
    0x20002fb4   0x000000c0   Zero   RW         9377    .bss                csma.o
    0x20003074   0x00000010   Zero   RW         9378    .bss                csma.o
    0x20003084   0x000000c0   Zero   RW         9379    .bss                csma.o
    0x20003144   0x000000a0   Zero   RW        10111    .bss                rpl-dag.o
    0x200031e4   0x00000154   Zero   RW        10112    .bss                rpl-dag.o
    0x20003338   0x00000020   Zero   RW        10793    .bss                rpl-timers.o
    0x20003358   0x00000020   Zero   RW        10896    .bss                rpl-nbr-policy.o
    0x20003378   0x00000060   Zero   RW        11236    .bss                process.o
    0x200033d8   0x0000000c   Zero   RW        11810    .bss                node-id.o
    0x200033e4   0x00000038   Zero   RW        11834    .bss                rtimer-arch.o
    0x2000341c   0x00000061   Zero   RW        11889    .bss                spirit1.o
    0x2000347d   0x00000524   Zero   RW        12189    .bss                slip.o
    0x200039a1   0x00000007   PAD
    0x200039a8   0x00000400   Zero   RW         5937    STACK               startup_stm32l152xe.o


==============================================================================

Image component sizes


      Code (inc. data)   RO Data    RW Data    ZI Data      Debug   Object Name

        26          0          0          0          0       1386   autostart.o
      1156        200        113         56        288      45239   border-router.o
        66         10         23          4          0       3304   button-sensor.o
        84         22          0          8          0       4015   clock.o
        28          4          0          0          0       3376   console.o
      1328        880          0         15          0       3853   contiki-spirit1-main.o
       890         56         33         50        528      12830   csma.o
       388         50         15         28          0       6368   ctimer.o
       358         30          0          0         32       3951   cube_hal_l1.o
         4          0          0          0          0       1209   energest.o
       434         34         12         24          0       9421   etimer.o
       986         12          0          2          0       9264   frame802154.o
       442          4         12          2          0       4400   framer-802154.o
       732         56        313         18        240       5771   httpd-simple.o
       356         48          0         20        272      30868   link-stats.o
        44          4          8          8          0       3887   linkaddr.o
       142          0          0          0          0       5946   list.o
        26          0          0          0          0        773   mac.o
       188         78          0          0          0        603   main.o
       164          0          0          0          0       4286   memb.o
      1016         94          0         24        332      17438   nbr-table.o
        56         20          0          0          0        664   netstack.o
        52         14          0         10         12       2075   node-id.o
       248         42         40          0          0       6673   nullrdc.o
        46         10         24          0          0       2901   nullsec.o
       496        106          0         12        174      14321   packetbuf.o
       584         62          0         16         96      11811   process.o
       432         22          0          0          0       7867   psock.o
       224         26          0         24       2912       6447   queuebuf.o
       112         18         22          4          0       3527   radio-sensor.o
       216         20         72         20          0      15297   radio_gpio.o
        68         12          2          4          0       1872   radio_shield_config.o
      1328        100          0          4         88       8142   radio_spi.o
        14          0          0          0          0       1284   random.o
      3772        100          4         24        500      47517   rpl-dag.o
       884         62          0          0          0       6252   rpl-ext-header.o
      2476        114          0         52          0      15899   rpl-icmp6.o
       338          0          0         36          0      13971   rpl-mrhof.o
       400         42          0         24         32       6137   rpl-nbr-policy.o
      1006         70          0          4         32      12587   rpl-timers.o
       570         30          0          1          0      18480   rpl.o
       160         14          0          4         56       2694   rtimer-arch.o
         4          0          0          0          0        594   rtimer.o
       256         30          8         28          0       4794   sensors.o
      3632        142         41         32       1744      53058   sicslowpan.o
       468        210          8          0         16      22138   slip-bridge.o
       664         46         12         28       1316       6019   slip.o
       168         10          0          0          0       1707   spirit1-arch.o
      1958        116        124         40         97      16344   spirit1.o
         0          0          0          0          0       6860   spirit_aes.o
       714         22          0          0          0       4467   spirit_calibration.o
        84          6          0          0          0       3077   spirit_commands.o
       100          6          0          0          0       7261   spirit_gpio.o
       528         18          0          0          0       6874   spirit_irq.o
        96          4          0          0          0        764   spirit_linearfifo.o
       704         64          8          8          0      23967   spirit_management.o
       932         20          0          0          0       4007   spirit_pktbasic.o
       288         10          0          0          0       1531   spirit_pktcommon.o
       660         26          0          0          0       3614   spirit_qi.o
      4136        304        340          8          0      21869   spirit_radio.o
       292          8          0          0          0       1508   spirit_timer.o
       112          4          0          2          0       3166   spirit_types.o
        36          8        292          0       1024       1012   startup_stm32l152xe.o
        46          0          0          0          0       2230   stimer.o
       158         30          0          4          0       5814   stm32l1xx_hal.o
       240         14          0          0          0      29263   stm32l1xx_hal_cortex.o
       484         46          0          0          0       4675   stm32l1xx_hal_gpio.o
       544         50          0          4        576       4758   stm32l1xx_hal_msp.o
      2724        110          0          0          0       7968   stm32l1xx_hal_rcc.o
       392         14          0          0          0       1784   stm32l1xx_hal_rcc_ex.o
       686         14          0          0          0       5575   stm32l1xx_hal_rtc.o
        58          0          0          0          0       1473   stm32l1xx_hal_rtc_ex.o
      1218          0          0          0          0       6065   stm32l1xx_hal_spi.o
       132          0          0          0          0       1419   stm32l1xx_hal_spi_ex.o
       878         24          0          0          0      12150   stm32l1xx_hal_tim.o
      1222          6          0          0          0       5150   stm32l1xx_hal_uart.o
       364         56          0          0          0      13671   stm32l1xx_it.o
       256         46          6         12          0     471992   stm32l1xx_nucleo.o
        80         18         33          4          0       1923   system_stm32l1xx.o
       944        134         13         24         84      32446   tcpip.o
        64          0          0          0          0       3374   timer.o
        50         12          0          0          0       3015   uart-msg.o
       192         48          0          0          0       1601   uip-debug.o
       280         42          0         20        360      30508   uip-ds6-nbr.o
      1042         72          0         86       1724      17119   uip-ds6-route.o
      1228        116          0         20        376      16844   uip-ds6.o
       844         90          0         40         16       9188   uip-icmp6.o
       548         26          0         28          0       4003   uip-nd6.o
      3756        108          0         48       1892      30422   uip6.o
         6          0          0          0          0       1809   watchdog.o

    ----------------------------------------------------------------------
     56702       4596       1634        944      14832    1305476   Object Totals
         0          0         32          0          0          0   (incl. Generated)
        94          0         24         10         13          0   (incl. Padding)

    ----------------------------------------------------------------------

      Code (inc. data)   RO Data    RW Data    ZI Data      Debug   Library Member Name

       148         12          0          0          0         88   round.o
        86          0          0          0          0          0   __dczerorl2.o
         0          0          0          0          0          0   entry.o
         0          0          0          0          0          0   entry10a.o
         0          0          0          0          0          0   entry11a.o
         8          4          0          0          0          0   entry2.o
         4          0          0          0          0          0   entry5.o
         0          0          0          0          0          0   entry7b.o
         0          0          0          0          0          0   entry8b.o
         8          4          0          0          0          0   entry9a.o
        30          0          0          0          0          0   handlers.o
        36          8          0          0          0         68   init.o
         0          0          0          0          0          0   iusefp.o
        30          0          0          0          0         68   llshl.o
        36          0          0          0          0         68   llsshr.o
        32          0          0          0          0         68   llushr.o
        26          0          0          0          0         80   memcmp.o
        64          0          0          0          0         76   memmovea.o
        36          0          0          0          0        108   memseta.o
      1208         58          0          0          0        504   printf8.o
        36         10          0          4          0        136   rand.o
         0          0          0          4          0          0   stdout.o
        14          0          0          0          0         68   strlen.o
        30          0          0          0          0         80   strncmp.o
        24          0          0          0          0         76   strncpy.o
        98          0          0          0          0         92   uldiv.o
        40          2          0          0          0         68   cdcmple.o
        40          2          0          0          0         68   cdrcmple.o
        20          0          0          0          0         68   cfcmple.o
        20          0          0          0          0         68   cfrcmple.o
       334          0          0          0          0        148   dadd.o
       222          0          0          0          0        100   ddiv.o
       182          0          0          0          0        176   depilogue.o
        50          0          0          0          0         76   dfixui.o
        34          0          0          0          0         76   dflti.o
        26          0          0          0          0         76   dfltui.o
       228          0          0          0          0         96   dmul.o
       136          4          0          0          0         92   drnd.o
        46          0          0          0          0         80   dscalb.o
       176          0          0          0          0        140   fadd.o
       124          0          0          0          0         88   fdiv.o
       110          0          0          0          0        168   fepilogue.o
        50          0          0          0          0         68   ffixi.o
        40          0          0          0          0         68   ffixui.o
        18          0          0          0          0         68   fflti.o
        10          0          0          0          0         68   ffltui.o
       100          0          0          0          0         76   fmul.o
        24          0          0          0          0         68   fscalb.o

    ----------------------------------------------------------------------
      3992        104          0          8          0       3584   Library Totals
         8          0          0          0          0          0   (incl. Padding)

    ----------------------------------------------------------------------

      Code (inc. data)   RO Data    RW Data    ZI Data      Debug   Library Name

       148         12          0          0          0         88   m_ws.l
      1806         84          0          8          0       1492   mc_w.l
      2030          8          0          0          0       2004   mf_w.l

    ----------------------------------------------------------------------
      3992        104          0          8          0       3584   Library Totals

    ----------------------------------------------------------------------

==============================================================================


      Code (inc. data)   RO Data    RW Data    ZI Data      Debug   

     60694       4700       1634        952      14832    1277572   Grand Totals
     60694       4700       1634        380      14832    1277572   ELF Image Totals (compressed)
     60694       4700       1634        380          0          0   ROM Totals

==============================================================================

    Total RO  Size (Code + RO Data)                62328 (  60.87kB)
    Total RW  Size (RW Data + ZI Data)             15784 (  15.41kB)
    Total ROM Size (Code + RO Data + RW Data)      62708 (  61.24kB)

==============================================================================

