Component: ARM Compiler 5.06 update 1 (build 61) Tool: armlink [4d35a8]

==============================================================================

Section Cross References

    spirit_aes.o(i.SpiritAesDeriveDecKeyExecuteDec) refers to radio_spi.o(i.RadioSpiCommandStrobes) for RadioSpiCommandStrobes
    spirit_aes.o(i.SpiritAesDeriveDecKeyExecuteDec) refers to spirit_types.o(.data) for g_xStatus
    spirit_aes.o(i.SpiritAesDeriveDecKeyFromEnc) refers to radio_spi.o(i.RadioSpiCommandStrobes) for RadioSpiCommandStrobes
    spirit_aes.o(i.SpiritAesDeriveDecKeyFromEnc) refers to spirit_types.o(.data) for g_xStatus
    spirit_aes.o(i.SpiritAesExecuteDecryption) refers to radio_spi.o(i.RadioSpiCommandStrobes) for RadioSpiCommandStrobes
    spirit_aes.o(i.SpiritAesExecuteDecryption) refers to spirit_types.o(.data) for g_xStatus
    spirit_aes.o(i.SpiritAesExecuteEncryption) refers to radio_spi.o(i.RadioSpiCommandStrobes) for RadioSpiCommandStrobes
    spirit_aes.o(i.SpiritAesExecuteEncryption) refers to spirit_types.o(.data) for g_xStatus
    spirit_aes.o(i.SpiritAesMode) refers to radio_spi.o(i.RadioSpiReadRegisters) for RadioSpiReadRegisters
    spirit_aes.o(i.SpiritAesMode) refers to radio_spi.o(i.RadioSpiWriteRegisters) for RadioSpiWriteRegisters
    spirit_aes.o(i.SpiritAesMode) refers to spirit_types.o(.data) for g_xStatus
    spirit_aes.o(i.SpiritAesReadDataOut) refers to radio_spi.o(i.RadioSpiReadRegisters) for RadioSpiReadRegisters
    spirit_aes.o(i.SpiritAesReadDataOut) refers to spirit_types.o(.data) for g_xStatus
    spirit_aes.o(i.SpiritAesReadKey) refers to radio_spi.o(i.RadioSpiReadRegisters) for RadioSpiReadRegisters
    spirit_aes.o(i.SpiritAesReadKey) refers to spirit_types.o(.data) for g_xStatus
    spirit_aes.o(i.SpiritAesWriteDataIn) refers to radio_spi.o(i.RadioSpiWriteRegisters) for RadioSpiWriteRegisters
    spirit_aes.o(i.SpiritAesWriteDataIn) refers to spirit_types.o(.data) for g_xStatus
    spirit_aes.o(i.SpiritAesWriteKey) refers to radio_spi.o(i.RadioSpiWriteRegisters) for RadioSpiWriteRegisters
    spirit_aes.o(i.SpiritAesWriteKey) refers to spirit_types.o(.data) for g_xStatus
    spirit_calibration.o(i.SpiritCalibrationGetRcoCalWords) refers to radio_spi.o(i.RadioSpiReadRegisters) for RadioSpiReadRegisters
    spirit_calibration.o(i.SpiritCalibrationGetRcoCalWords) refers to spirit_types.o(.data) for g_xStatus
    spirit_calibration.o(i.SpiritCalibrationGetVcoCalData) refers to radio_spi.o(i.RadioSpiReadRegisters) for RadioSpiReadRegisters
    spirit_calibration.o(i.SpiritCalibrationGetVcoCalData) refers to spirit_types.o(.data) for g_xStatus
    spirit_calibration.o(i.SpiritCalibrationGetVcoCalDataRx) refers to radio_spi.o(i.RadioSpiReadRegisters) for RadioSpiReadRegisters
    spirit_calibration.o(i.SpiritCalibrationGetVcoCalDataRx) refers to spirit_types.o(.data) for g_xStatus
    spirit_calibration.o(i.SpiritCalibrationGetVcoCalDataTx) refers to radio_spi.o(i.RadioSpiReadRegisters) for RadioSpiReadRegisters
    spirit_calibration.o(i.SpiritCalibrationGetVcoCalDataTx) refers to spirit_types.o(.data) for g_xStatus
    spirit_calibration.o(i.SpiritCalibrationGetVcoSelecttion) refers to radio_spi.o(i.RadioSpiReadRegisters) for RadioSpiReadRegisters
    spirit_calibration.o(i.SpiritCalibrationRco) refers to radio_spi.o(i.RadioSpiReadRegisters) for RadioSpiReadRegisters
    spirit_calibration.o(i.SpiritCalibrationRco) refers to radio_spi.o(i.RadioSpiWriteRegisters) for RadioSpiWriteRegisters
    spirit_calibration.o(i.SpiritCalibrationRco) refers to spirit_types.o(.data) for g_xStatus
    spirit_calibration.o(i.SpiritCalibrationSelectVco) refers to radio_spi.o(i.RadioSpiReadRegisters) for RadioSpiReadRegisters
    spirit_calibration.o(i.SpiritCalibrationSelectVco) refers to radio_spi.o(i.RadioSpiWriteRegisters) for RadioSpiWriteRegisters
    spirit_calibration.o(i.SpiritCalibrationSetRcoCalWords) refers to radio_spi.o(i.RadioSpiReadRegisters) for RadioSpiReadRegisters
    spirit_calibration.o(i.SpiritCalibrationSetRcoCalWords) refers to radio_spi.o(i.RadioSpiWriteRegisters) for RadioSpiWriteRegisters
    spirit_calibration.o(i.SpiritCalibrationSetRcoCalWords) refers to spirit_types.o(.data) for g_xStatus
    spirit_calibration.o(i.SpiritCalibrationSetVcoCalDataRx) refers to radio_spi.o(i.RadioSpiReadRegisters) for RadioSpiReadRegisters
    spirit_calibration.o(i.SpiritCalibrationSetVcoCalDataRx) refers to radio_spi.o(i.RadioSpiWriteRegisters) for RadioSpiWriteRegisters
    spirit_calibration.o(i.SpiritCalibrationSetVcoCalDataRx) refers to spirit_types.o(.data) for g_xStatus
    spirit_calibration.o(i.SpiritCalibrationSetVcoCalDataTx) refers to radio_spi.o(i.RadioSpiReadRegisters) for RadioSpiReadRegisters
    spirit_calibration.o(i.SpiritCalibrationSetVcoCalDataTx) refers to radio_spi.o(i.RadioSpiWriteRegisters) for RadioSpiWriteRegisters
    spirit_calibration.o(i.SpiritCalibrationSetVcoCalDataTx) refers to spirit_types.o(.data) for g_xStatus
[...]
    g_xStatus                                0x20000010   Data           2  spirit_types.o(.data)
    LED_PORT                                 0x20000014   Data           4  stm32l1xx_nucleo.o(.data)
    BUTTON_PORT                              0x20000018   Data           4  stm32l1xx_nucleo.o(.data)
    SpixTimeout                              0x2000001c   Data           4  stm32l1xx_nucleo.o(.data)
    aRADIO_GPIO_PORT                         0x20000020   Data          20  radio_gpio.o(.data)
    aLED_GPIO_PORT                           0x20000034   Data           4  radio_shield_config.o(.data)
    SpiTimeout                               0x20000038   Data           4  radio_spi.o(.data)
    SystemCoreClock                          0x2000003c   Data           4  system_stm32l1xx.o(.data)
    uwTick                                   0x20000040   Data           4  stm32l1xx_hal.o(.data)
    adcValue                                 0x20000044   Data           4  main.o(.data)
    Usart_BaudRate                           0x20000048   Data           4  stm32l1xx_hal_msp.o(.data)
    unicast_sender_process                   0x2000004c   Data          16  unicast-sender.o(.data)
    sender_event                             0x2000005c   Data           1  unicast-sender.o(.data)
    ADC_data                                 0x2000005d   Data           1  unicast-sender.o(.data)
    servreg_hack_process                     0x20000084   Data          16  servreg-hack.o(.data)
    sensors_event                            0x20000098   Data           1  sensors.o(.data)
    sensors_process                          0x200000a8   Data          16  sensors.o(.data)
    linkaddr_node_addr                       0x200000b8   Data           8  linkaddr.o(.data)
    simple_udp_process                       0x20000114   Data          16  simple-udp.o(.data)
    tcpip_event                              0x20000124   Data           1  tcpip.o(.data)
    tcpip_process                            0x2000012c   Data          16  tcpip.o(.data)
    uip_ext_bitmap                           0x2000015c   Data           1  uip6.o(.data)
    uip_ext_len                              0x2000015d   Data           1  uip6.o(.data)
    uip_ext_opt_offset                       0x2000015e   Data           1  uip6.o(.data)
    uip_flags                                0x2000015f   Data           1  uip6.o(.data)
    uip_len                                  0x20000160   Data           2  uip6.o(.data)
    uip_slen                                 0x20000162   Data           2  uip6.o(.data)
    uip_next_hdr                             0x20000168   Data           4  uip6.o(.data)
    uip_appdata                              0x2000016c   Data           4  uip6.o(.data)
    uip_sappdata                             0x20000170   Data           4  uip6.o(.data)
    uip_conn                                 0x20000174   Data           4  uip6.o(.data)
    uip_acc32                                0x2000017c   Data           4  uip6.o(.data)
    uip_udp_conn                             0x20000180   Data           4  uip6.o(.data)
    uip_lladdr                               0x20000184   Data           8  uip6.o(.data)
    uip_ds6_addr_size                        0x2000018c   Data           1  uip-ds6.o(.data)
    uip_ds6_netif_addr_list_offset           0x2000018d   Data           1  uip-ds6.o(.data)
    ds6_neighbors                            0x200001b0   Data           4  uip-ds6-nbr.o(.data)
    nbr_routes                               0x200001c4   Data           4  uip-ds6-route.o(.data)
    rpl_parents                              0x20000298   Data           4  rpl-dag.o(.data)
    default_instance                         0x2000029c   Data           4  rpl-dag.o(.data)
    rpl_mrhof                                0x200002d4   Data          36  rpl-mrhof.o(.data)
    ctimer_process                           0x20000320   Data          16  ctimer.o(.data)
    etimer_process                           0x20000338   Data          16  etimer.o(.data)
    process_maxevents                        0x2000034b   Data           1  process.o(.data)
    process_list                             0x20000350   Data           4  process.o(.data)
    process_current                          0x20000354   Data           4  process.o(.data)
    seconds                                  0x20000360   Data           4  clock.o(.data)
    ticks                                    0x20000364   Data           4  clock.o(.data)
    sensors                                  0x20000368   Data          12  contiki-spirit1-main.o(.data)
    sensors_flags                            0x20000374   Data           3  contiki-spirit1-main.o(.data)
    node_id                                  0x20000378   Data           2  node-id.o(.data)
    node_mac                                 0x2000037a   Data           8  node-id.o(.data)
    rtimer_clock                             0x20000384   Data           4  rtimer-arch.o(.data)
    rx_timeout                               0x20000389   Data           1  spirit1.o(.data)
    spirit_radio_process                     0x200003a0   Data          16  spirit1.o(.data)
    __stdout                                 0x200003b4   Data           4  stdout.o(.data)
    pSpiHandle                               0x200003b8   Data          88  radio_spi.o(.bss)
    hadc                                     0x20000410   Data          84  main.o(.bss)
    hdma_adc                                 0x20000464   Data          68  main.o(.bss)
    RtcHandle                                0x200004a8   Data          32  cube_hal_l1.o(.bss)
    UART_RxBuffer                            0x200004c8   Data         512  stm32l1xx_hal_msp.o(.bss)
    UartHandle                               0x200006c8   Data          64  stm32l1xx_hal_msp.o(.bss)
    packetbuf_attrs                          0x20000ab8   Data          30  packetbuf.o(.bss)
    packetbuf_addrs                          0x20000ad6   Data          16  packetbuf.o(.bss)
    periodic_timer                           0x200017b8   Data          32  link-stats.o(.bss)
    uip_aligned_buf                          0x20002410   Data        1300  uip6.o(.bss)
    uip_conns                                0x20002924   Data         192  uip6.o(.bss)
    uip_listenports                          0x200029e4   Data          16  uip6.o(.bss)
    uip_udp_conns                            0x200029f4   Data         384  uip6.o(.bss)
    uip_ds6_timer_periodic                   0x20002b74   Data          16  uip-ds6.o(.bss)
    uip_ds6_if                               0x20002b84   Data         248  uip-ds6.o(.bss)
    uip_ds6_prefix_list                      0x20002c7c   Data          96  uip-ds6.o(.bss)
    instance_table                           0x200037d4   Data         340  rpl-dag.o(.bss)
    device_id                                0x200039c8   Data          12  node-id.o(.bss)
    htim2                                    0x200039d4   Data          56  rtimer-arch.o(.bss)
    __initial_sp                             0x20003e70   Data           0  startup_stm32l152xe.o(STACK)



==============================================================================

Memory Map of the image

  Image Entry point : 0x08000125

  Load Region LR_IROM1 (Base: 0x08000000, Size: 0x0000f2f8, Max: 0x00080000, ABSOLUTE, COMPRESSED[0x0000f0b4])

    Execution Region ER_IROM1 (Base: 0x08000000, Size: 0x0000ef40, Max: 0x00080000, ABSOLUTE)

    Base Addr    Size         Type   Attr      Idx    E Section Name        Object

    0x08000000   0x00000124   Data   RO         5950    RESET               startup_stm32l152xe.o
    0x08000124   0x00000000   Code   RO        12187  * .ARM.Collect$$$$00000000  mc_w.l(entry.o)
    0x08000124   0x00000004   Code   RO        12565    .ARM.Collect$$$$00000001  mc_w.l(entry2.o)
    0x08000128   0x00000004   Code   RO        12568    .ARM.Collect$$$$00000004  mc_w.l(entry5.o)
    0x0800012c   0x00000000   Code   RO        12570    .ARM.Collect$$$$00000008  mc_w.l(entry7b.o)
    0x0800012c   0x00000000   Code   RO        12572    .ARM.Collect$$$$0000000A  mc_w.l(entry8b.o)
    0x0800012c   0x00000008   Code   RO        12573    .ARM.Collect$$$$0000000B  mc_w.l(entry9a.o)
    0x08000134   0x00000000   Code   RO        12575    .ARM.Collect$$$$0000000D  mc_w.l(entry10a.o)
    0x08000134   0x00000000   Code   RO        12577    .ARM.Collect$$$$0000000F  mc_w.l(entry11a.o)
    0x08000134   0x00000004   Code   RO        12566    .ARM.Collect$$$$00002712  mc_w.l(entry2.o)
    0x08000138   0x00000024   Code   RO         5951    .text               startup_stm32l152xe.o
    0x0800015c   0x00000062   Code   RO        12190    .text               mc_w.l(uldiv.o)
    0x080001be   0x00000002   PAD
    0x080001c0   0x00000024   Code   RO        12194    .text               mc_w.l(rand.o)
    0x080001e4   0x00000040   Code   RO        12199    .text               mc_w.l(memmovea.o)
    0x08000224   0x00000024   Code   RO        12201    .text               mc_w.l(memseta.o)
    0x08000248   0x0000000e   Code   RO        12205    .text               mc_w.l(strlen.o)
    0x08000256   0x0000001a   Code   RO        12209    .text               mc_w.l(memcmp.o)
    0x08000270   0x000000b0   Code   RO        12484    .text               mf_w.l(fadd.o)
    0x08000320   0x00000064   Code   RO        12486    .text               mf_w.l(fmul.o)
    0x08000384   0x0000007c   Code   RO        12488    .text               mf_w.l(fdiv.o)
    0x08000400   0x00000018   Code   RO        12490    .text               mf_w.l(fscalb.o)
    0x08000418   0x0000014e   Code   RO        12492    .text               mf_w.l(dadd.o)
    0x08000566   0x000000e4   Code   RO        12494    .text               mf_w.l(dmul.o)
    0x0800064a   0x000000de   Code   RO        12496    .text               mf_w.l(ddiv.o)
    0x08000728   0x0000002e   Code   RO        12498    .text               mf_w.l(dscalb.o)
    0x08000756   0x00000012   Code   RO        12500    .text               mf_w.l(fflti.o)
    0x08000768   0x0000000a   Code   RO        12502    .text               mf_w.l(ffltui.o)
    0x08000772   0x00000022   Code   RO        12504    .text               mf_w.l(dflti.o)
    0x08000794   0x0000001a   Code   RO        12506    .text               mf_w.l(dfltui.o)
    0x080007ae   0x00000032   Code   RO        12508    .text               mf_w.l(ffixi.o)
    0x080007e0   0x00000028   Code   RO        12510    .text               mf_w.l(ffixui.o)
    0x08000808   0x00000032   Code   RO        12514    .text               mf_w.l(dfixui.o)
    0x0800083a   0x00000002   PAD
    0x0800083c   0x00000014   Code   RO        12520    .text               mf_w.l(cfcmple.o)
    0x08000850   0x00000014   Code   RO        12522    .text               mf_w.l(cfrcmple.o)
    0x08000864   0x0000001e   Code   RO        12582    .text               mc_w.l(llshl.o)
    0x08000882   0x00000020   Code   RO        12584    .text               mc_w.l(llushr.o)
    0x080008a2   0x00000024   Code   RO        12586    .text               mc_w.l(llsshr.o)
    0x080008c6   0x00000000   Code   RO        12595    .text               mc_w.l(iusefp.o)
    0x080008c6   0x0000006e   Code   RO        12596    .text               mf_w.l(fepilogue.o)
    0x08000934   0x000000ba   Code   RO        12600    .text               mf_w.l(depilogue.o)
    0x080009ee   0x00000002   PAD
    0x080009f0   0x00000088   Code   RO        12602    .text               mf_w.l(drnd.o)
    0x08000a78   0x00000030   Code   RO        12608    .text               mf_w.l(cdcmple.o)
    0x08000aa8   0x00000030   Code   RO        12610    .text               mf_w.l(cdrcmple.o)
    0x08000ad8   0x00000024   Code   RO        12612    .text               mc_w.l(init.o)
    0x08000afc   0x00000056   Code   RO        12624    .text               mc_w.l(__dczerorl2.o)
    0x08000b52   0x00000062   Code   RO         3016    i.ADC_DMAConvCplt   stm32l1xx_hal_adc.o
    0x08000bb4   0x0000001a   Code   RO         3017    i.ADC_DMAError      stm32l1xx_hal_adc.o
    0x08000bce   0x0000000a   Code   RO         3018    i.ADC_DMAHalfConvCplt  stm32l1xx_hal_adc.o
    0x08000bd8   0x00000074   Code   RO         3019    i.ADC_Enable        stm32l1xx_hal_adc.o
    0x08000c4c   0x00000058   Code   RO         2186    i.BSP_LED_Init      stm32l1xx_nucleo.o
    0x08000ca4   0x00000018   Code   RO         2189    i.BSP_LED_Toggle    stm32l1xx_nucleo.o
    0x08000cbc   0x00000018   Code   RO         2191    i.BSP_PB_GetState   stm32l1xx_nucleo.o
    0x08000cd4   0x00000078   Code   RO         2192    i.BSP_PB_Init       stm32l1xx_nucleo.o
    0x08000d4c   0x00000002   Code   RO         6192    i.BusFault_Handler  stm32l1xx_it.o
    0x08000d4e   0x00000002   PAD
    0x08000d50   0x00000040   Code   RO         6193    i.Contiki_SysTick_Handler  stm32l1xx_it.o
    0x08000d90   0x0000000c   Code   RO         6194    i.DMA1_Channel1_IRQHandler  stm32l1xx_it.o
    0x08000d9c   0x0000002a   Code   RO         3405    i.DMA_SetConfig     stm32l1xx_hal_dma.o
    0x08000dc6   0x00000002   Code   RO         6195    i.DebugMon_Handler  stm32l1xx_it.o
    0x08000dc8   0x00000014   Code   RO         6196    i.EXTI0_IRQHandler  stm32l1xx_it.o
    0x08000ddc   0x00000008   Code   RO         6197    i.EXTI15_10_IRQHandler  stm32l1xx_it.o
    0x08000de4   0x00000014   Code   RO         6198    i.EXTI1_IRQHandler  stm32l1xx_it.o
    0x08000df8   0x00000024   Code   RO         6199    i.EXTI2_IRQHandler  stm32l1xx_it.o
    0x08000e1c   0x00000014   Code   RO         6200    i.EXTI3_IRQHandler  stm32l1xx_it.o
    0x08000e30   0x00000044   Code   RO         6201    i.EXTI9_5_IRQHandler  stm32l1xx_it.o
    0x08000e74   0x0000000e   Code   RO         6021    i.Error_Handler     cube_hal_l1.o
    0x08000e82   0x00000002   PAD
    0x08000e84   0x0000015c   Code   RO         3021    i.HAL_ADC_ConfigChannel  stm32l1xx_hal_adc.o
    0x08000fe0   0x00000020   Code   RO         5958    i.HAL_ADC_ConvCpltCallback  main.o
    0x08001000   0x00000002   Code   RO         3023    i.HAL_ADC_ConvHalfCpltCallback  stm32l1xx_hal_adc.o
    0x08001002   0x00000002   Code   RO         3025    i.HAL_ADC_ErrorCallback  stm32l1xx_hal_adc.o
    0x08001004   0x0000019c   Code   RO         3030    i.HAL_ADC_Init      stm32l1xx_hal_adc.o
    0x080011a0   0x00000074   Code   RO         6096    i.HAL_ADC_MspInit   stm32l1xx_hal_msp.o
    0x08001214   0x000000c4   Code   RO         3037    i.HAL_ADC_Start_DMA  stm32l1xx_hal_adc.o
    0x080012d8   0x00000010   Code   RO         2881    i.HAL_DBGMCU_EnableDBGStopMode  stm32l1xx_hal.o
    0x080012e8   0x000000a8   Code   RO         3411    i.HAL_DMA_IRQHandler  stm32l1xx_hal_dma.o
    0x08001390   0x00000084   Code   RO         3412    i.HAL_DMA_Init      stm32l1xx_hal_dma.o
    0x08001414   0x00000070   Code   RO         3416    i.HAL_DMA_Start_IT  stm32l1xx_hal_dma.o
    0x08001484   0x00000016   Code   RO         2883    i.HAL_Delay         stm32l1xx_hal.o
    0x0800149a   0x00000002   PAD
    0x0800149c   0x00000010   Code   RO         6202    i.HAL_GPIO_EXTI_Callback  stm32l1xx_it.o
    0x080014ac   0x00000018   Code   RO         3713    i.HAL_GPIO_EXTI_IRQHandler  stm32l1xx_hal_gpio.o
    0x080014c4   0x000001b0   Code   RO         3714    i.HAL_GPIO_Init     stm32l1xx_hal_gpio.o
    0x08001674   0x0000000a   Code   RO         3716    i.HAL_GPIO_ReadPin  stm32l1xx_hal_gpio.o
    0x0800167e   0x00000008   Code   RO         3717    i.HAL_GPIO_TogglePin  stm32l1xx_hal_gpio.o
    0x08001686   0x0000000a   Code   RO         3718    i.HAL_GPIO_WritePin  stm32l1xx_hal_gpio.o
    0x08001690   0x00000008   Code   RO         2885    i.HAL_GetHalVersion  stm32l1xx_hal.o
    0x08001698   0x0000000c   Code   RO         2887    i.HAL_GetTick       stm32l1xx_hal.o
    0x080016a4   0x00000010   Code   RO         2888    i.HAL_IncTick       stm32l1xx_hal.o
    0x080016b4   0x0000002c   Code   RO         2889    i.HAL_Init          stm32l1xx_hal.o
    0x080016e0   0x00000028   Code   RO         2890    i.HAL_InitTick      stm32l1xx_hal.o
    0x08001708   0x0000003c   Code   RO         6098    i.HAL_MspInit       stm32l1xx_hal_msp.o
    0x08001744   0x00000016   Code   RO         3270    i.HAL_NVIC_DisableIRQ  stm32l1xx_hal_cortex.o
    0x0800175a   0x00000016   Code   RO         3271    i.HAL_NVIC_EnableIRQ  stm32l1xx_hal_cortex.o
    0x08001770   0x00000040   Code   RO         3277    i.HAL_NVIC_SetPriority  stm32l1xx_hal_cortex.o
    0x080017b0   0x00000024   Code   RO         3278    i.HAL_NVIC_SetPriorityGrouping  stm32l1xx_hal_cortex.o
    0x080017d4   0x00000188   Code   RO         4087    i.HAL_RCCEx_PeriphCLKConfig  stm32l1xx_hal_rcc_ex.o
    0x0800195c   0x000001d4   Code   RO         3970    i.HAL_RCC_ClockConfig  stm32l1xx_hal_rcc.o
    0x08001b30   0x0000000c   Code   RO         3975    i.HAL_RCC_GetHCLKFreq  stm32l1xx_hal_rcc.o
    0x08001b3c   0x00000030   Code   RO         3977    i.HAL_RCC_GetPCLK1Freq  stm32l1xx_hal_rcc.o
    0x08001b6c   0x00000030   Code   RO         3978    i.HAL_RCC_GetPCLK2Freq  stm32l1xx_hal_rcc.o
    0x08001b9c   0x0000008c   Code   RO         3979    i.HAL_RCC_GetSysClockFreq  stm32l1xx_hal_rcc.o
    0x08001c28   0x00000758   Code   RO         3982    i.HAL_RCC_OscConfig  stm32l1xx_hal_rcc.o
    0x08002380   0x0000009c   Code   RO         5566    i.HAL_RTC_Init      stm32l1xx_hal_rtc.o
    0x0800241c   0x00000060   Code   RO         6099    i.HAL_RTC_MspInit   stm32l1xx_hal_msp.o
    0x0800247c   0x000000c8   Code   RO         5570    i.HAL_RTC_SetDate   stm32l1xx_hal_rtc.o
    0x08002544   0x000000e8   Code   RO         5571    i.HAL_RTC_SetTime   stm32l1xx_hal_rtc.o
    0x0800262c   0x0000003a   Code   RO         5713    i.HAL_RTC_WaitForSynchro  stm32l1xx_hal_rtc_ex.o
    0x08002666   0x00000028   Code   RO         4153    i.HAL_SPI_DeInit    stm32l1xx_hal_spi.o
    0x0800268e   0x00000006   Code   RO         4156    i.HAL_SPI_GetState  stm32l1xx_hal_spi.o
    0x08002694   0x00000084   Code   RO         4393    i.HAL_SPI_Init      stm32l1xx_hal_spi_ex.o
    0x08002718   0x00000002   Code   RO         4159    i.HAL_SPI_MspDeInit  stm32l1xx_hal_spi.o
    0x0800271a   0x00000002   PAD
    0x0800271c   0x000000cc   Code   RO         2751    i.HAL_SPI_MspInit   radio_spi.o
    0x080027e8   0x00000142   Code   RO         4166    i.HAL_SPI_Transmit  stm32l1xx_hal_spi.o
    0x0800292a   0x000002b2   Code   RO         4167    i.HAL_SPI_TransmitReceive  stm32l1xx_hal_spi.o
    0x08002bdc   0x00000018   Code   RO         3280    i.HAL_SYSTICK_CLKSourceConfig  stm32l1xx_hal_cortex.o
    0x08002bf4   0x00000028   Code   RO         3282    i.HAL_SYSTICK_Config  stm32l1xx_hal_cortex.o
    0x08002c1c   0x00000036   Code   RO         4423    i.HAL_TIM_Base_Init  stm32l1xx_hal_tim.o
    0x08002c52   0x00000002   PAD
    0x08002c54   0x00000038   Code   RO         6101    i.HAL_TIM_Base_MspInit  stm32l1xx_hal_msp.o
    0x08002c8c   0x00000018   Code   RO         4428    i.HAL_TIM_Base_Start_IT  stm32l1xx_hal_tim.o
    0x08002ca4   0x000000f2   Code   RO         4432    i.HAL_TIM_ConfigClockSource  stm32l1xx_hal_tim.o
    0x08002d96   0x00000056   Code   RO         4466    i.HAL_TIM_OC_ConfigChannel  stm32l1xx_hal_tim.o
    0x08002dec   0x00000036   Code   RO         4470    i.HAL_TIM_OC_Init   stm32l1xx_hal_tim.o
    0x08002e22   0x00000002   Code   RO         4472    i.HAL_TIM_OC_MspInit  stm32l1xx_hal_tim.o
    0x08002e24   0x0000005e   Code   RO         5102    i.HAL_UART_Init     stm32l1xx_hal_uart.o
    0x08002e82   0x00000002   PAD
    0x08002e84   0x00000084   Code   RO         6103    i.HAL_UART_MspInit  stm32l1xx_hal_msp.o
    0x08002f08   0x0000006a   Code   RO         5107    i.HAL_UART_Receive_IT  stm32l1xx_hal_uart.o
    0x08002f72   0x00000002   PAD
    0x08002f74   0x000000cc   Code   RO         5110    i.HAL_UART_Transmit  stm32l1xx_hal_uart.o
    0x08003040   0x00000002   Code   RO         6204    i.HardFault_Handler  stm32l1xx_it.o
    0x08003042   0x00000002   PAD
    0x08003044   0x0000004c   Code   RO         6022    i.MX_ADC_Init       cube_hal_l1.o
    0x08003090   0x0000002c   Code   RO         6023    i.MX_DMA_Init       cube_hal_l1.o
    0x080030bc   0x00000078   Code   RO         6024    i.MX_GPIO_Init      cube_hal_l1.o
    0x08003134   0x00000002   Code   RO         6205    i.MemManage_Handler  stm32l1xx_it.o
    0x08003136   0x00000002   Code   RO         6206    i.NMI_Handler       stm32l1xx_it.o
    0x08003138   0x00000020   Code   RO         3284    i.NVIC_SetPriority  stm32l1xx_hal_cortex.o
    0x08003158   0x00000002   Code   RO         6207    i.PendSV_Handler    stm32l1xx_it.o
    0x0800315a   0x00000002   PAD
    0x0800315c   0x00000080   Code   RO         3983    i.RCC_SetFlashLatencyFromMSIRange  stm32l1xx_hal_rcc.o
    0x080031dc   0x00000012   Code   RO         5572    i.RTC_Bcd2ToByte    stm32l1xx_hal_rtc.o
    0x080031ee   0x00000016   Code   RO         5573    i.RTC_ByteToBcd2    stm32l1xx_hal_rtc.o
    0x08003204   0x00000034   Code   RO         6025    i.RTC_Config        cube_hal_l1.o
    0x08003238   0x0000003a   Code   RO         5574    i.RTC_EnterInitMode  stm32l1xx_hal_rtc.o
    0x08003272   0x00000002   PAD
    0x08003274   0x0000005c   Code   RO         6026    i.RTC_TimeStampConfig  cube_hal_l1.o
    0x080032d0   0x000000b0   Code   RO         2525    i.RadioGpioInit     radio_gpio.o
    0x08003380   0x00000028   Code   RO         2526    i.RadioGpioInterruptCmd  radio_gpio.o
    0x080033a8   0x00000044   Code   RO         2694    i.RadioShieldLedInit  radio_shield_config.o
    0x080033ec   0x000000ac   Code   RO         2752    i.RadioSpiCommandStrobes  radio_spi.o
    0x08003498   0x00000048   Code   RO         2753    i.RadioSpiInit      radio_spi.o
    0x080034e0   0x000000d8   Code   RO         2754    i.RadioSpiReadFifo  radio_spi.o
    0x080035b8   0x000000dc   Code   RO         2755    i.RadioSpiReadRegisters  radio_spi.o
    0x08003694   0x000000c4   Code   RO         2756    i.RadioSpiWriteFifo  radio_spi.o
    0x08003758   0x000000c4   Code   RO         2757    i.RadioSpiWriteRegisters  radio_spi.o
    0x0800381c   0x0000009e   Code   RO         4188    i.SPI_WaitOnFlagUntilTimeout  stm32l1xx_hal_spi.o
    0x080038ba   0x00000002   PAD
    0x080038bc   0x00000034   Code   RO         2758    i.SPI_Write         radio_spi.o
    0x080038f0   0x00000002   Code   RO         6208    i.SVC_Handler       stm32l1xx_it.o
    0x080038f2   0x00000002   PAD
    0x080038f4   0x00000058   Code   RO           84    i.SpiritCalibrationGetVcoCalData  spirit_calibration.o
    0x0800394c   0x0000003a   Code   RO           89    i.SpiritCalibrationSelectVco  spirit_calibration.o
    0x08003986   0x00000002   PAD
    0x08003988   0x000000a4   Code   RO           91    i.SpiritCalibrationSetVcoCalDataRx  spirit_calibration.o
    0x08003a2c   0x000000a4   Code   RO           92    i.SpiritCalibrationSetVcoCalDataTx  spirit_calibration.o
    0x08003ad0   0x000000ac   Code   RO           93    i.SpiritCalibrationVco  spirit_calibration.o
    0x08003b7c   0x00000048   Code   RO          162    i.SpiritCmdStrobeCommand  spirit_commands.o
    0x08003bc4   0x00000058   Code   RO          430    i.SpiritGpioInit    spirit_gpio.o
    0x08003c1c   0x000000d0   Code   RO          509    i.SpiritIrq         spirit_irq.o
    0x08003cec   0x00000050   Code   RO          511    i.SpiritIrqClearStatus  spirit_irq.o
    0x08003d3c   0x00000058   Code   RO          512    i.SpiritIrqDeInit   spirit_irq.o
    0x08003d94   0x00000068   Code   RO          514    i.SpiritIrqGetStatus  spirit_irq.o
    0x08003dfc   0x00000058   Code   RO          568    i.SpiritLinearFifoReadNumElementsRxFifo  spirit_linearfifo.o
    0x08003e54   0x00000160   Code   RO          637    i.SpiritManagementSetFrequencyBase  spirit_management.o
    0x08003fb4   0x00000010   Code   RO          641    i.SpiritManagementWaTRxFcMem  spirit_management.o
    0x08003fc4   0x00000144   Code   RO          642    i.SpiritManagementWaVcoCalibration  spirit_management.o
    0x08004108   0x0000005c   Code   RO          715    i.SpiritPktBasicGetAddressField  spirit_pktbasic.o
    0x08004164   0x00000070   Code   RO          719    i.SpiritPktBasicGetReceivedPktLength  spirit_pktbasic.o
    0x080041d4   0x0000021c   Code   RO          720    i.SpiritPktBasicInit  spirit_pktbasic.o
    0x080043f0   0x0000006c   Code   RO          722    i.SpiritPktBasicSetPayloadLength  spirit_pktbasic.o
    0x0800445c   0x000000ac   Code   RO          793    i.SpiritPktCommonFilterOnCrc  spirit_pktcommon.o
    0x08004508   0x00000058   Code   RO          797    i.SpiritPktCommonGetControlLength  spirit_pktcommon.o
    0x08004560   0x00000054   Code   RO         1303    i.SpiritQiGetLqi    spirit_qi.o
    0x080045b4   0x00000054   Code   RO         1306    i.SpiritQiGetRssi   spirit_qi.o
    0x08004608   0x00000058   Code   RO         1317    i.SpiritQiSetRssiThresholddBm  spirit_qi.o
    0x08004660   0x000000a4   Code   RO         1318    i.SpiritQiSetSqiThreshold  spirit_qi.o
    0x08004704   0x000000ac   Code   RO         1319    i.SpiritQiSqiCheck  spirit_qi.o
    0x080047b0   0x00000078   Code   RO         1442    i.SpiritRadioAFCFreezeOnSync  spirit_radio.o
    0x08004828   0x00000070   Code   RO         1457    i.SpiritRadioGetBand  spirit_radio.o
    0x08004898   0x00000054   Code   RO         1459    i.SpiritRadioGetChannel  spirit_radio.o
    0x080048ec   0x00000060   Code   RO         1461    i.SpiritRadioGetChannelSpace  spirit_radio.o
    0x0800494c   0x00000060   Code   RO         1467    i.SpiritRadioGetDigDiv  spirit_radio.o
    0x080049ac   0x0000005c   Code   RO         1468    i.SpiritRadioGetFrequencyBase  spirit_radio.o
    0x08004a08   0x00000080   Code   RO         1470    i.SpiritRadioGetFrequencyOffset  spirit_radio.o
    0x08004a88   0x00000058   Code   RO         1482    i.SpiritRadioGetRefDiv  spirit_radio.o
    0x08004ae0   0x00000070   Code   RO         1484    i.SpiritRadioGetSynthWord  spirit_radio.o
    0x08004b50   0x0000000c   Code   RO         1486    i.SpiritRadioGetXtalFrequency  spirit_radio.o
    0x08004b5c   0x00000104   Code   RO         1487    i.SpiritRadioGetdBm2Reg  spirit_radio.o
    0x08004c60   0x0000034c   Code   RO         1488    i.SpiritRadioInit   spirit_radio.o
    0x08004fac   0x00000074   Code   RO         1490    i.SpiritRadioPersistenRx  spirit_radio.o
    0x08005020   0x000000c0   Code   RO         1491    i.SpiritRadioSearchChannelBwME  spirit_radio.o
    0x080050e0   0x000000c4   Code   RO         1492    i.SpiritRadioSearchDatarateME  spirit_radio.o
    0x080051a4   0x000000d4   Code   RO         1493    i.SpiritRadioSearchFreqDevME  spirit_radio.o
    0x08005278   0x000000ac   Code   RO         1494    i.SpiritRadioSearchWCP  spirit_radio.o
    0x08005324   0x00000074   Code   RO         1513    i.SpiritRadioSetDigDiv  spirit_radio.o
    0x08005398   0x00000188   Code   RO         1514    i.SpiritRadioSetFrequencyBase  spirit_radio.o
    0x08005520   0x00000068   Code   RO         1522    i.SpiritRadioSetPALevelMaxIndex  spirit_radio.o
    0x08005588   0x00000064   Code   RO         1523    i.SpiritRadioSetPALeveldBm  spirit_radio.o
    0x080055ec   0x00000074   Code   RO         1527    i.SpiritRadioSetRefDiv  spirit_radio.o
    0x08005660   0x000000b0   Code   RO         1529    i.SpiritRadioSetXtalFlag  spirit_radio.o
    0x08005710   0x0000000c   Code   RO         1530    i.SpiritRadioSetXtalFrequency  spirit_radio.o
    0x0800571c   0x00000068   Code   RO         2152    i.SpiritRefreshStatus  spirit_types.o
    0x08005784   0x00000050   Code   RO         2015    i.SpiritTimerSetRxTimeoutCounter  spirit_timer.o
    0x080057d4   0x000000b8   Code   RO         2018    i.SpiritTimerSetRxTimeoutStopCondition  spirit_timer.o
    0x0800588c   0x000000c8   Code   RO        11772    i.Stack_6LoWPAN_Init  contiki-spirit1-main.o
    0x08005954   0x0000000e   Code   RO         6209    i.SysTick_Handler   stm32l1xx_it.o
    0x08005962   0x00000002   PAD
    0x08005964   0x0000008c   Code   RO         6027    i.SystemClock_Config  cube_hal_l1.o
    0x080059f0   0x00000050   Code   RO         2835    i.SystemInit        system_stm32l1xx.o
    0x08005a40   0x0000001c   Code   RO         6210    i.TIM2_IRQHandler   stm32l1xx_it.o
    0x08005a5c   0x0000007c   Code   RO         4507    i.TIM_Base_SetConfig  stm32l1xx_hal_tim.o
    0x08005ad8   0x00000014   Code   RO         4514    i.TIM_ETR_SetConfig  stm32l1xx_hal_tim.o
    0x08005aec   0x00000010   Code   RO         4515    i.TIM_ITRx_SetConfig  stm32l1xx_hal_tim.o
    0x08005afc   0x0000002c   Code   RO         4516    i.TIM_OC1_SetConfig  stm32l1xx_hal_tim.o
    0x08005b28   0x00000030   Code   RO         4517    i.TIM_OC2_SetConfig  stm32l1xx_hal_tim.o
    0x08005b58   0x0000002e   Code   RO         4518    i.TIM_OC3_SetConfig  stm32l1xx_hal_tim.o
    0x08005b86   0x00000030   Code   RO         4519    i.TIM_OC4_SetConfig  stm32l1xx_hal_tim.o
    0x08005bb6   0x00000022   Code   RO         4521    i.TIM_TI1_ConfigInputStage  stm32l1xx_hal_tim.o
    0x08005bd8   0x00000024   Code   RO         4523    i.TIM_TI2_ConfigInputStage  stm32l1xx_hal_tim.o
    0x08005bfc   0x000002a0   Code   RO         5121    i.UART_SetConfig    stm32l1xx_hal_uart.o
    0x08005e9c   0x00000092   Code   RO         5123    i.UART_WaitOnFlagUntilTimeout  stm32l1xx_hal_uart.o
    0x08005f2e   0x00000002   PAD
    0x08005f30   0x00000040   Code   RO         6211    i.USART2_IRQHandler  stm32l1xx_it.o
    0x08005f70   0x000000cc   Code   RO         6104    i.USARTConfig       stm32l1xx_hal_msp.o
    0x0800603c   0x00000002   Code   RO         6212    i.UsageFault_Handler  stm32l1xx_it.o
    0x0800603e   0x00000002   Code   RO         6213    i.WWDG_IRQHandler   stm32l1xx_it.o
    0x08006040   0x00000020   Code   RO        12430    i.__0printf$8       mc_w.l(printf8.o)
    0x08006060   0x0000000e   Code   RO        12618    i.__scatterload_copy  mc_w.l(handlers.o)
    0x0800606e   0x00000002   Code   RO        12619    i.__scatterload_null  mc_w.l(handlers.o)
    0x08006070   0x0000000e   Code   RO        12620    i.__scatterload_zeroinit  mc_w.l(handlers.o)
    0x0800607e   0x00000002   PAD
    0x08006080   0x00000410   Code   RO        12437    i._printf_core      mc_w.l(printf8.o)
    0x08006490   0x00000024   Code   RO        12438    i._printf_post_padding  mc_w.l(printf8.o)
    0x080064b4   0x0000002e   Code   RO        12439    i._printf_pre_padding  mc_w.l(printf8.o)
    0x080064e2   0x0000002c   Code   RO        10080    i.acceptable_rank   rpl-dag.o
    0x0800650e   0x00000002   PAD
    0x08006510   0x00000138   Code   RO         8316    i.add_fragment      sicslowpan.o
    0x08006648   0x00000012   Code   RO        10081    i.add_nbr_from_dio  rpl-dag.o
    0x0800665a   0x00000002   PAD
    0x0800665c   0x00000044   Code   RO        11152    i.add_timer         etimer.o
    0x080066a0   0x00000038   Code   RO         8317    i.addr_context_lookup_by_number  sicslowpan.o
    0x080066d8   0x0000003c   Code   RO         8318    i.addr_context_lookup_by_prefix  sicslowpan.o
    0x08006714   0x00000010   Code   RO         9480    i.addr_len          frame802154.o
    0x08006724   0x0000001a   Code   RO        11005    i.autostart_start   autostart.o
    0x0800673e   0x00000026   Code   RO        10653    i.best_dag          rpl-mrhof.o
    0x08006764   0x00000074   Code   RO        10082    i.best_parent       rpl-dag.o
    0x080067d8   0x00000068   Code   RO        10654    i.best_parent       rpl-mrhof.o
    0x08006840   0x00000044   Code   RO        11252    i.call_process      process.o
    0x08006884   0x00000044   Code   RO         9086    i.call_route_callback  uip-ds6-route.o
    0x080068c8   0x00000010   Code   RO         9385    i.channel_check_interval  csma.o
    0x080068d8   0x00000004   Code   RO         9847    i.channel_check_interval  nullrdc.o
    0x080068dc   0x0000005c   Code   RO        10083    i.check_prefix      rpl-dag.o
    0x08006938   0x0000003a   Code   RO         8602    i.chksum            uip6.o
    0x08006972   0x00000002   PAD
    0x08006974   0x00000044   Code   RO         8319    i.clear_fragments   sicslowpan.o
    0x080069b8   0x00000028   Code   RO        11646    i.clock_init        clock.o
    0x080069e0   0x0000000c   Code   RO        11647    i.clock_seconds     clock.o
    0x080069ec   0x0000000c   Code   RO        11649    i.clock_time        clock.o
    0x080069f8   0x00000014   Code   RO        11650    i.clock_wait        clock.o
    0x08006a0c   0x00000090   Code   RO         8320    i.compress_addr_64  sicslowpan.o
    0x08006a9c   0x00000348   Code   RO         8321    i.compress_hdr_iphc  sicslowpan.o
    0x08006de4   0x00000028   Code   RO        11469    i.configure         button-sensor.o
    0x08006e0c   0x0000001c   Code   RO        11563    i.configure         radio-sensor.o
    0x08006e28   0x00000060   Code   RO         8322    i.copy_frags2uip    sicslowpan.o
    0x08006e88   0x00000008   Code   RO         9664    i.create            framer-802154.o
    0x08006e90   0x0000011c   Code   RO         9665    i.create_frame      framer-802154.o
    0x08006fac   0x00000020   Code   RO        11065    i.ctimer_init       ctimer.o
    0x08006fcc   0x00000034   Code   RO        11066    i.ctimer_reset      ctimer.o
    0x08007000   0x00000034   Code   RO        11067    i.ctimer_restart    ctimer.o
    0x08007034   0x00000014   Code   RO        11068    i.ctimer_set        ctimer.o
    0x08007048   0x00000040   Code   RO        11069    i.ctimer_set_with_process  ctimer.o
    0x08007088   0x00000028   Code   RO        11070    i.ctimer_stop       ctimer.o
    0x080070b0   0x00000014   Code   RO        10543    i.dao_ack_input     rpl-icmp6.o
    0x080070c4   0x00000038   Code   RO        10545    i.dao_input         rpl-icmp6.o
    0x080070fc   0x00000248   Code   RO        10546    i.dao_input_storing  rpl-icmp6.o
    0x08007344   0x0000008c   Code   RO        10547    i.dao_output        rpl-icmp6.o
    0x080073d0   0x0000000c   Code   RO        10548    i.dao_output_target  rpl-icmp6.o
    0x080073dc   0x000000e4   Code   RO        10549    i.dao_output_target_seq  rpl-icmp6.o
    0x080074c0   0x00000238   Code   RO        10550    i.dio_input         rpl-icmp6.o
    0x080076f8   0x000001f8   Code   RO        10551    i.dio_output        rpl-icmp6.o
    0x080078f0   0x00000064   Code   RO        10552    i.dis_input         rpl-icmp6.o
    0x08007954   0x00000054   Code   RO        10553    i.dis_output        rpl-icmp6.o
    0x080079a8   0x0000006c   Code   RO        11253    i.do_event          process.o
    0x08007a14   0x0000002c   Code   RO        11254    i.do_poll           process.o
    0x08007a40   0x00000098   Code   RO         9234    i.echo_reply_input  uip-icmp6.o
    0x08007ad8   0x000000b0   Code   RO         9235    i.echo_request_input  uip-icmp6.o
    0x08007b88   0x00000002   Code   RO        11122    i.energest_flush    energest.o
    0x08007b8a   0x00000002   Code   RO        11123    i.energest_init     energest.o
    0x08007b8c   0x00000008   Code   RO        11154    i.etimer_expiration_time  etimer.o
    0x08007b94   0x0000000c   Code   RO        11155    i.etimer_expired    etimer.o
    0x08007ba0   0x00000010   Code   RO        11157    i.etimer_pending    etimer.o
    0x08007bb0   0x0000000c   Code   RO        11158    i.etimer_request_poll  etimer.o
    0x08007bbc   0x00000012   Code   RO        11159    i.etimer_reset      etimer.o
    0x08007bce   0x00000012   Code   RO        11161    i.etimer_restart    etimer.o
    0x08007be0   0x00000012   Code   RO        11162    i.etimer_set        etimer.o
    0x08007bf2   0x00000002   PAD
    0x08007bf4   0x00000030   Code   RO        11164    i.etimer_stop       etimer.o
    0x08007c24   0x00000140   Code   RO         7781    i.eventhandler      tcpip.o
    0x08007d64   0x0000007c   Code   RO        11255    i.exit_process      process.o
    0x08007de0   0x00000098   Code   RO         8603    i.ext_hdr_options_process  uip6.o
    0x08007e78   0x0000006c   Code   RO         9481    i.field_len         frame802154.o
    0x08007ee4   0x0000001c   Code   RO        10084    i.find_parent_any_dag_any_instance  rpl-dag.o
    0x08007f00   0x00000010   Code   RO        10085    i.find_parent_dag   rpl-dag.o
    0x08007f10   0x00000030   Code   RO        10920    i.find_removable_dao  rpl-nbr-policy.o
    0x08007f40   0x00000034   Code   RO        10921    i.find_removable_dio  rpl-nbr-policy.o
    0x08007f74   0x0000001c   Code   RO        10922    i.find_removable_dis  rpl-nbr-policy.o
    0x08007f90   0x00000004   Code   RO        11715    i.fputc             console.o
    0x08007f94   0x00000086   Code   RO         9483    i.frame802154_create  frame802154.o
    0x0800801a   0x00000056   Code   RO         9484    i.frame802154_create_fcf  frame802154.o
    0x08008070   0x0000000c   Code   RO         9486    i.frame802154_get_pan_id  frame802154.o
    0x0800807c   0x000000a0   Code   RO         9487    i.frame802154_has_panid  frame802154.o
    0x0800811c   0x0000002e   Code   RO         9488    i.frame802154_hdrlen  frame802154.o
    0x0800814a   0x00000020   Code   RO         9489    i.frame802154_is_broadcast_addr  frame802154.o
    0x0800816a   0x00000002   PAD
    0x0800816c   0x00000124   Code   RO         9490    i.frame802154_parse  frame802154.o
    0x08008290   0x00000064   Code   RO         9491    i.frame802154_parse_fcf  frame802154.o
    0x080082f4   0x0000006c   Code   RO         9386    i.free_packet       csma.o
    0x08008360   0x00000008   Code   RO        10554    i.get16             rpl-icmp6.o
    0x08008368   0x00000010   Code   RO        10555    i.get32             rpl-icmp6.o
    0x08008378   0x0000003c   Code   RO         8763    i.get_match_length  uip-ds6.o
    0x080083b4   0x00000038   Code   RO        10806    i.get_probing_delay  rpl-timers.o
    0x080083ec   0x000000b4   Code   RO        10807    i.get_probing_target  rpl-timers.o
    0x080084a0   0x00000028   Code   RO         6865    i.get_sensor_index  sensors.o
    0x080084c8   0x0000008c   Code   RO        10086    i.global_repair     rpl-dag.o
    0x08008554   0x0000005c   Code   RO        10808    i.handle_dao_timer  rpl-timers.o
    0x080085b0   0x00000084   Code   RO        10809    i.handle_dio_timer  rpl-timers.o
    0x08008634   0x00000098   Code   RO         6491    i.handle_incoming_reg  servreg-hack.o
    0x080086cc   0x00000050   Code   RO        10810    i.handle_periodic_timer  rpl-timers.o
    0x0800871c   0x00000014   Code   RO        10923    i.handle_periodic_timer  rpl-nbr-policy.o
    0x08008730   0x00000032   Code   RO        10811    i.handle_probing_timer  rpl-timers.o
    0x08008762   0x0000001c   Code   RO        10812    i.handle_unicast_dio_timer  rpl-timers.o
    0x0800877e   0x00000008   Code   RO         9666    i.hdr_length        framer-802154.o
    0x08008786   0x00000016   Code   RO         6957    i.index_from_item   nbr-table.o
    0x0800879c   0x0000001c   Code   RO         6958    i.index_from_key    nbr-table.o
    0x080087b8   0x00000040   Code   RO         6959    i.index_from_lladdr  nbr-table.o
    0x080087f8   0x00000002   Code   RO         9353    i.init              nullsec.o
    0x080087fa   0x00000002   PAD
    0x080087fc   0x00000020   Code   RO         9387    i.init              csma.o
    0x0800881c   0x0000000c   Code   RO         9848    i.init              nullrdc.o
    0x08008828   0x000001e0   Code   RO         8323    i.input             sicslowpan.o
    0x08008a08   0x0000000c   Code   RO         9354    i.input             nullsec.o
    0x08008a14   0x0000000c   Code   RO         9388    i.input_packet      csma.o
    0x08008a20   0x000000b0   Code   RO        10505    i.insert_hbh_header  rpl-ext-header.o
    0x08008ad0   0x00000014   Code   RO         6960    i.item_from_index   nbr-table.o
    0x08008ae4   0x00000016   Code   RO         6961    i.item_from_key     nbr-table.o
    0x08008afa   0x00000002   PAD
    0x08008afc   0x0000001c   Code   RO         6962    i.key_from_index    nbr-table.o
    0x08008b18   0x0000000e   Code   RO         6963    i.key_from_item     nbr-table.o
    0x08008b26   0x00000002   PAD
    0x08008b28   0x00000010   Code   RO         7369    i.link_stats_from_lladdr  link-stats.o
    0x08008b38   0x0000002c   Code   RO         7370    i.link_stats_init   link-stats.o
    0x08008b64   0x00000054   Code   RO         7371    i.link_stats_input_callback  link-stats.o
    0x08008bb8   0x00000028   Code   RO         7372    i.link_stats_is_fresh  link-stats.o
    0x08008be0   0x00000080   Code   RO         7373    i.link_stats_packet_sent  link-stats.o
    0x08008c60   0x00000012   Code   RO         6926    i.linkaddr_cmp      linkaddr.o
    0x08008c72   0x0000000a   Code   RO         6927    i.linkaddr_copy     linkaddr.o
    0x08008c7c   0x00000010   Code   RO         6928    i.linkaddr_set_node_addr  linkaddr.o
    0x08008c8c   0x0000001e   Code   RO         6728    i.list_add          list.o
    0x08008caa   0x00000004   Code   RO         6731    i.list_head         list.o
    0x08008cae   0x00000006   Code   RO         6732    i.list_init         list.o
    0x08008cb4   0x00000008   Code   RO         6734    i.list_item_next    list.o
    0x08008cbc   0x00000012   Code   RO         6735    i.list_length       list.o
    0x08008cce   0x00000012   Code   RO         6737    i.list_push         list.o
    0x08008ce0   0x00000028   Code   RO         6738    i.list_remove       list.o
    0x08008d08   0x00000012   Code   RO         6739    i.list_tail         list.o
    0x08008d1a   0x0000002e   Code   RO        10087    i.lollipop_greater_than  rpl-dag.o
    0x08008d48   0x0000001a   Code   RO         9724    i.mac_call_sent_callback  mac.o
    0x08008d62   0x00000002   PAD
    0x08008d64   0x000000c4   Code   RO         5959    i.main              main.o
    0x08008e28   0x00000026   Code   RO         6805    i.memb_alloc        memb.o
    0x08008e4e   0x0000002c   Code   RO         6806    i.memb_free         memb.o
    0x08008e7a   0x0000001c   Code   RO         6807    i.memb_init         memb.o
    0x08008e96   0x0000001a   Code   RO         6808    i.memb_inmemb       memb.o
    0x08008eb0   0x0000001c   Code   RO         6809    i.memb_numfree      memb.o
    0x08008ecc   0x00000004   Code   RO        10088    i.nbr_callback      rpl-dag.o
    0x08008ed0   0x00000028   Code   RO         6964    i.nbr_get_bit       nbr-table.o
    0x08008ef8   0x00000032   Code   RO         6965    i.nbr_set_bit       nbr-table.o
    0x08008f2a   0x00000002   PAD
    0x08008f2c   0x00000074   Code   RO         6966    i.nbr_table_add_lladdr  nbr-table.o
    0x08008fa0   0x000000a0   Code   RO         6967    i.nbr_table_allocate  nbr-table.o
    0x08009040   0x0000002c   Code   RO         6968    i.nbr_table_get_from_lladdr  nbr-table.o
    0x0800906c   0x0000000e   Code   RO         6969    i.nbr_table_get_lladdr  nbr-table.o
    0x0800907a   0x00000002   PAD
    0x0800907c   0x0000003c   Code   RO         6970    i.nbr_table_head    nbr-table.o
    0x080090b8   0x00000010   Code   RO         6971    i.nbr_table_lock    nbr-table.o
    0x080090c8   0x00000034   Code   RO         6972    i.nbr_table_next    nbr-table.o
    0x080090fc   0x00000028   Code   RO         6973    i.nbr_table_register  nbr-table.o
    0x08009124   0x0000002c   Code   RO         6974    i.nbr_table_remove  nbr-table.o
    0x08009150   0x00000010   Code   RO         6975    i.nbr_table_unlock  nbr-table.o
    0x08009160   0x00000042   Code   RO         6976    i.nbr_table_update_lladdr  nbr-table.o
    0x080091a2   0x00000002   PAD
    0x080091a4   0x00000038   Code   RO         7084    i.netstack_init     netstack.o
    0x080091dc   0x00000058   Code   RO        10813    i.new_dio_interval  rpl-timers.o
    0x08009234   0x00000034   Code   RO        11848    i.node_id_restore   node-id.o
    0x08009268   0x00000218   Code   RO         9308    i.ns_input          uip-nd6.o
    0x08009480   0x0000000c   Code   RO         9389    i.off               csma.o
    0x0800948c   0x00000010   Code   RO         9849    i.off               nullrdc.o
    0x0800949c   0x0000000c   Code   RO         9390    i.on                csma.o
    0x080094a8   0x0000000c   Code   RO         9850    i.on                nullrdc.o
    0x080094b4   0x000001cc   Code   RO         8324    i.output            sicslowpan.o
    0x08009680   0x0000003c   Code   RO         9851    i.packet_input      nullrdc.o
    0x080096bc   0x00000020   Code   RO         8325    i.packet_sent       sicslowpan.o
    0x080096dc   0x000000d8   Code   RO         9391    i.packet_sent       csma.o
    0x080097b4   0x00000010   Code   RO         7106    i.packetbuf_addr    packetbuf.o
    0x080097c4   0x0000000c   Code   RO         7107    i.packetbuf_attr    packetbuf.o
    0x080097d0   0x0000002c   Code   RO         7108    i.packetbuf_attr_clear  packetbuf.o
    0x080097fc   0x00000024   Code   RO         7109    i.packetbuf_attr_copyfrom  packetbuf.o
    0x08009820   0x00000020   Code   RO         7110    i.packetbuf_attr_copyto  packetbuf.o
    0x08009840   0x00000014   Code   RO         7111    i.packetbuf_clear   packetbuf.o
    0x08009854   0x00000028   Code   RO         7113    i.packetbuf_copyfrom  packetbuf.o
    0x0800987c   0x00000038   Code   RO         7114    i.packetbuf_copyto  packetbuf.o
    0x080098b4   0x0000000c   Code   RO         7115    i.packetbuf_datalen  packetbuf.o
    0x080098c0   0x00000014   Code   RO         7116    i.packetbuf_dataptr  packetbuf.o
    0x080098d4   0x0000003c   Code   RO         7117    i.packetbuf_hdralloc  packetbuf.o
    0x08009910   0x00000010   Code   RO         7118    i.packetbuf_hdrlen  packetbuf.o
    0x08009920   0x0000000c   Code   RO         7119    i.packetbuf_hdrptr  packetbuf.o
    0x0800992c   0x00000020   Code   RO         7120    i.packetbuf_hdrreduce  packetbuf.o
    0x0800994c   0x00000010   Code   RO         7121    i.packetbuf_holds_broadcast  packetbuf.o
    0x0800995c   0x00000018   Code   RO         7123    i.packetbuf_set_addr  packetbuf.o
    0x08009974   0x00000010   Code   RO         7124    i.packetbuf_set_attr  packetbuf.o
    0x08009984   0x0000000c   Code   RO         7125    i.packetbuf_set_datalen  packetbuf.o
    0x08009990   0x00000014   Code   RO         7126    i.packetbuf_totlen  packetbuf.o
    0x080099a4   0x00000014   Code   RO        10655    i.parent_has_usable_link  rpl-mrhof.o
    0x080099b8   0x00000024   Code   RO        10656    i.parent_is_acceptable  rpl-mrhof.o
    0x080099dc   0x00000012   Code   RO        10657    i.parent_link_metric  rpl-mrhof.o
    0x080099ee   0x00000030   Code   RO        10658    i.parent_path_cost  rpl-mrhof.o
    0x08009a1e   0x0000008e   Code   RO         9667    i.parse             framer-802154.o
    0x08009aac   0x0000002c   Code   RO         7374    i.periodic          link-stats.o
    0x08009ad8   0x0000002c   Code   RO        10556    i.prepare_for_dao_fwd  rpl-icmp6.o
    0x08009b04   0x0000045c   Code   RO        11773    i.print_parameters  contiki-spirit1-main.o
    0x08009f60   0x00000010   Code   RO        11256    i.process_alloc_event  process.o
    0x08009f70   0x00000018   Code   RO        11258    i.process_init      process.o
    0x08009f88   0x0000001c   Code   RO        11261    i.process_poll      process.o
    0x08009fa4   0x00000044   Code   RO        11262    i.process_post      process.o
    0x08009fe8   0x00000014   Code   RO        11263    i.process_post_synch  process.o
    0x08009ffc   0x0000001c   Code   RO        11264    i.process_run       process.o
    0x0800a018   0x00000038   Code   RO        11265    i.process_start     process.o
    0x0800a050   0x00000080   Code   RO        11071    i.process_thread_ctimer_process  ctimer.o
    0x0800a0d0   0x000000a0   Code   RO        11165    i.process_thread_etimer_process  etimer.o
    0x0800a170   0x000000ac   Code   RO         6866    i.process_thread_sensors_process  sensors.o
    0x0800a21c   0x000000d0   Code   RO         6492    i.process_thread_servreg_hack_process  servreg-hack.o
    0x0800a2ec   0x000000a8   Code   RO         7741    i.process_thread_simple_udp_process  simple-udp.o
    0x0800a394   0x000000a0   Code   RO        11914    i.process_thread_spirit_radio_process  spirit1.o
    0x0800a434   0x00000070   Code   RO         7782    i.process_thread_tcpip_process  tcpip.o
    0x0800a4a4   0x000000cc   Code   RO         6363    i.process_thread_unicast_sender_process  unicast-sender.o
    0x0800a570   0x00000070   Code   RO         6493    i.purge_registrations  servreg-hack.o
    0x0800a5e0   0x0000000c   Code   RO         7238    i.queuebuf_attr     queuebuf.o
    0x0800a5ec   0x0000002c   Code   RO         7242    i.queuebuf_free     queuebuf.o
    0x0800a618   0x00000018   Code   RO         7243    i.queuebuf_init     queuebuf.o
    0x0800a630   0x00000044   Code   RO         7244    i.queuebuf_new_from_packetbuf  queuebuf.o
    0x0800a674   0x0000000c   Code   RO         7245    i.queuebuf_numfree  queuebuf.o
    0x0800a680   0x00000034   Code   RO         7246    i.queuebuf_to_packetbuf  queuebuf.o
    0x0800a6b4   0x0000000c   Code   RO         7247    i.queuebuf_update_attr_from_packetbuf  queuebuf.o
    0x0800a6c0   0x00000004   Code   RO         6841    i.random_init       random.o
    0x0800a6c4   0x0000000a   Code   RO         6842    i.random_rand       random.o
    0x0800a6ce   0x00000042   Code   RO        10659    i.rank_via_parent   rpl-mrhof.o
    0x0800a710   0x00000044   Code   RO         6364    i.receiver          unicast-sender.o
    0x0800a754   0x00000048   Code   RO         8604    i.remove_ext_hdr    uip6.o
    0x0800a79c   0x00000064   Code   RO         6977    i.remove_key        nbr-table.o
    0x0800a800   0x00000038   Code   RO        10089    i.remove_parents    rpl-dag.o
    0x0800a838   0x00000002   Code   RO        10660    i.reset             rpl-mrhof.o
    0x0800a83a   0x00000014   Code   RO         9392    i.rexmit            csma.o
    0x0800a84e   0x00000002   PAD
    0x0800a850   0x00000030   Code   RO         9087    i.rm_routelist      uip-ds6-route.o
    0x0800a880   0x00000004   Code   RO         9088    i.rm_routelist_callback  uip-ds6-route.o
    0x0800a884   0x00000094   Code   RO        12181    i.round             m_ws.l(round.o)
    0x0800a918   0x00000102   Code   RO        10090    i.rpl_add_dag       rpl-dag.o
    0x0800aa1a   0x00000002   PAD
    0x0800aa1c   0x00000034   Code   RO        10091    i.rpl_add_parent    rpl-dag.o
    0x0800aa50   0x0000003c   Code   RO         9990    i.rpl_add_route     rpl.o
    0x0800aa8c   0x00000048   Code   RO        10092    i.rpl_alloc_dag     rpl-dag.o
    0x0800aad4   0x00000048   Code   RO        10093    i.rpl_alloc_instance  rpl-dag.o
    0x0800ab1c   0x00000014   Code   RO        10094    i.rpl_dag_init      rpl-dag.o
    0x0800ab30   0x00000018   Code   RO        10095    i.rpl_find_of       rpl-dag.o
    0x0800ab48   0x00000016   Code   RO        10096    i.rpl_find_parent   rpl-dag.o
    0x0800ab5e   0x0000001a   Code   RO        10097    i.rpl_find_parent_any_dag  rpl-dag.o
    0x0800ab78   0x0000003c   Code   RO        10098    i.rpl_free_dag      rpl-dag.o
    0x0800abb4   0x00000018   Code   RO        10100    i.rpl_get_any_dag   rpl-dag.o
    0x0800abcc   0x0000004c   Code   RO        10101    i.rpl_get_dag       rpl-dag.o
    0x0800ac18   0x0000001c   Code   RO        10103    i.rpl_get_instance  rpl-dag.o
    0x0800ac34   0x0000000c   Code   RO         9991    i.rpl_get_mode      rpl.o
    0x0800ac40   0x00000010   Code   RO        10105    i.rpl_get_parent    rpl-dag.o
    0x0800ac50   0x0000000e   Code   RO        10106    i.rpl_get_parent_ipaddr  rpl-dag.o
    0x0800ac5e   0x0000000e   Code   RO        10108    i.rpl_get_parent_link_stats  rpl-dag.o
    0x0800ac6c   0x00000010   Code   RO        10109    i.rpl_get_parent_lladdr  rpl-dag.o
    0x0800ac7c   0x00000028   Code   RO        10557    i.rpl_icmp6_register_handlers  rpl-icmp6.o
    0x0800aca4   0x00000028   Code   RO        10558    i.rpl_icmp6_update_nbr_table  rpl-icmp6.o
    0x0800accc   0x00000048   Code   RO         9992    i.rpl_init          rpl.o
    0x0800ad14   0x00000040   Code   RO         9993    i.rpl_ipv6_neighbor_callback  rpl.o
    0x0800ad54   0x00000120   Code   RO        10112    i.rpl_join_instance  rpl-dag.o
    0x0800ae74   0x00000060   Code   RO         9994    i.rpl_link_neighbor_callback  rpl.o
    0x0800aed4   0x0000008c   Code   RO        10113    i.rpl_local_repair  rpl-dag.o
    0x0800af60   0x00000056   Code   RO        10114    i.rpl_move_parent   rpl-dag.o
    0x0800afb6   0x00000002   PAD
    0x0800afb8   0x00000028   Code   RO        10924    i.rpl_nbr_policy_find_removable  rpl-nbr-policy.o
    0x0800afe0   0x00000058   Code   RO        10115    i.rpl_nullify_parent  rpl-dag.o
    0x0800b038   0x0000000e   Code   RO        10116    i.rpl_parent_is_fresh  rpl-dag.o
    0x0800b046   0x00000032   Code   RO        10117    i.rpl_parent_is_reachable  rpl-dag.o
    0x0800b078   0x0000022e   Code   RO        10119    i.rpl_process_dio   rpl-dag.o
    0x0800b2a6   0x0000007a   Code   RO        10120    i.rpl_process_parent_event  rpl-dag.o
    0x0800b320   0x0000004c   Code   RO         9995    i.rpl_purge_dags    rpl.o
    0x0800b36c   0x00000064   Code   RO         9996    i.rpl_purge_routes  rpl.o
    0x0800b3d0   0x0000001a   Code   RO        10121    i.rpl_rank_via_parent  rpl-dag.o
    0x0800b3ea   0x00000002   PAD
    0x0800b3ec   0x0000003c   Code   RO        10122    i.rpl_recalculate_ranks  rpl-dag.o
    0x0800b428   0x0000008c   Code   RO        10506    i.rpl_remove_header  rpl-ext-header.o
    0x0800b4b4   0x0000001c   Code   RO        10123    i.rpl_remove_parent  rpl-dag.o
    0x0800b4d0   0x00000020   Code   RO         9997    i.rpl_remove_routes  rpl.o
    0x0800b4f0   0x0000003a   Code   RO         9998    i.rpl_remove_routes_by_nexthop  rpl.o
    0x0800b52a   0x00000044   Code   RO        10124    i.rpl_repair_root   rpl-dag.o
    0x0800b56e   0x0000001c   Code   RO        10815    i.rpl_reset_dio_timer  rpl-timers.o
    0x0800b58a   0x00000002   PAD
    0x0800b58c   0x00000038   Code   RO        10816    i.rpl_reset_periodic_timer  rpl-timers.o
    0x0800b5c4   0x00000008   Code   RO        10817    i.rpl_schedule_dao  rpl-timers.o
    0x0800b5cc   0x00000020   Code   RO        10819    i.rpl_schedule_probing  rpl-timers.o
    0x0800b5ec   0x00000014   Code   RO        10820    i.rpl_schedule_unicast_dio_immediately  rpl-timers.o
    0x0800b600   0x00000140   Code   RO        10125    i.rpl_select_dag    rpl-dag.o
    0x0800b740   0x0000004e   Code   RO        10126    i.rpl_select_parent  rpl-dag.o
    0x0800b78e   0x0000002c   Code   RO        10128    i.rpl_set_default_route  rpl-dag.o
    0x0800b7ba   0x00000002   PAD
    0x0800b7bc   0x00000028   Code   RO        10129    i.rpl_set_preferred_parent  rpl-dag.o
    0x0800b7e4   0x0000005c   Code   RO        10130    i.rpl_set_prefix    rpl-dag.o
    0x0800b840   0x00000070   Code   RO        10507    i.rpl_update_header  rpl-ext-header.o
    0x0800b8b0   0x000000f4   Code   RO        10508    i.rpl_verify_hbh_header  rpl-ext-header.o
    0x0800b9a4   0x00000094   Code   RO        11870    i.rtimer_arch_init  rtimer-arch.o
    0x0800ba38   0x0000000c   Code   RO        11871    i.rtimer_arch_now   rtimer-arch.o
    0x0800ba44   0x00000004   Code   RO        11362    i.rtimer_init       rtimer.o
    0x0800ba48   0x00000054   Code   RO        10821    i.schedule_dao      rpl-timers.o
    0x0800ba9c   0x0000004c   Code   RO         9393    i.schedule_transmission  csma.o
    0x0800bae8   0x00000020   Code   RO         9355    i.send              nullsec.o
    0x0800bb08   0x00000024   Code   RO         9852    i.send_list         nullrdc.o
    0x0800bb2c   0x00000068   Code   RO         9853    i.send_one_packet   nullrdc.o
    0x0800bb94   0x00000024   Code   RO         8328    i.send_packet       sicslowpan.o
    0x0800bbb8   0x00000130   Code   RO         9394    i.send_packet       csma.o
    0x0800bce8   0x00000004   Code   RO         9854    i.send_packet       nullrdc.o
    0x0800bcec   0x000000b4   Code   RO         6494    i.send_udp_packet   servreg-hack.o
    0x0800bda0   0x00000024   Code   RO         6867    i.sensors_changed   sensors.o
    0x0800bdc4   0x00000034   Code   RO         6495    i.servreg_hack_init  servreg-hack.o
    0x0800bdf8   0x00000018   Code   RO         6498    i.servreg_hack_list_head  servreg-hack.o
    0x0800be10   0x00000026   Code   RO         6499    i.servreg_hack_lookup  servreg-hack.o
    0x0800be36   0x0000000a   Code   RO        10559    i.set16             rpl-icmp6.o
    0x0800be40   0x00000016   Code   RO        10560    i.set32             rpl-icmp6.o
    0x0800be56   0x00000002   PAD
    0x0800be58   0x00000048   Code   RO        10822    i.set_dao_lifetime_timer  rpl-timers.o
    0x0800bea0   0x0000008c   Code   RO         6365    i.set_global_address  unicast-sender.o
    0x0800bf2c   0x0000002c   Code   RO        10132    i.set_ip_from_prefix  rpl-dag.o
    0x0800bf58   0x00000040   Code   RO         8329    i.set_packet_attrs  sicslowpan.o
    0x0800bf98   0x00000024   Code   RO         8331    i.sicslowpan_init   sicslowpan.o
    0x0800bfbc   0x00000080   Code   RO         7742    i.simple_udp_register  simple-udp.o
    0x0800c03c   0x0000001c   Code   RO         7744    i.simple_udp_sendto  simple-udp.o
    0x0800c058   0x000000a8   Code   RO        12036    i.spirit1_arch_refresh_status  spirit1-arch.o
    0x0800c100   0x000000c4   Code   RO        11915    i.spirit1_interrupt_callback  spirit1.o
    0x0800c1c4   0x000000d4   Code   RO        11917    i.spirit_radio_channel_clear  spirit1.o
    0x0800c298   0x00000130   Code   RO        11918    i.spirit_radio_init  spirit1.o
    0x0800c3c8   0x000000a0   Code   RO        11919    i.spirit_radio_off  spirit1.o
    0x0800c468   0x000000b4   Code   RO        11920    i.spirit_radio_on   spirit1.o
    0x0800c51c   0x00000010   Code   RO        11921    i.spirit_radio_pending_packet  spirit1.o
    0x0800c52c   0x0000004c   Code   RO        11922    i.spirit_radio_prepare  spirit1.o
    0x0800c578   0x000000c0   Code   RO        11923    i.spirit_radio_read  spirit1.o
    0x0800c638   0x0000000c   Code   RO        11924    i.spirit_radio_receiving_packet  spirit1.o
    0x0800c644   0x00000018   Code   RO        11925    i.spirit_radio_send  spirit1.o
    0x0800c65c   0x0000011c   Code   RO        11926    i.spirit_radio_transmit  spirit1.o
    0x0800c778   0x0000004e   Code   RO        11927    i.spirit_set_ready_state  spirit1.o
    0x0800c7c6   0x00000002   PAD
    0x0800c7c8   0x0000001c   Code   RO         7783    i.start_periodic_tcp_timer  tcpip.o
    0x0800c7e4   0x00000014   Code   RO        11470    i.status            button-sensor.o
    0x0800c7f8   0x00000014   Code   RO        11564    i.status            radio-sensor.o
    0x0800c80c   0x00000020   Code   RO        11389    i.stimer_expired    stimer.o
    0x0800c82c   0x0000000e   Code   RO        11393    i.stimer_set        stimer.o
    0x0800c83a   0x00000002   PAD
    0x0800c83c   0x00000064   Code   RO         8332    i.store_fragment    sicslowpan.o
    0x0800c8a0   0x00000024   Code   RO         7788    i.tcpip_input       tcpip.o
    0x0800c8c4   0x000000ac   Code   RO         7789    i.tcpip_ipv6_output  tcpip.o
    0x0800c970   0x00000018   Code   RO         7790    i.tcpip_output      tcpip.o
    0x0800c988   0x0000000c   Code   RO         7793    i.tcpip_set_outputfunc  tcpip.o
    0x0800c994   0x0000006c   Code   RO         7794    i.tcpip_uipcall     tcpip.o
    0x0800ca00   0x0000001c   Code   RO        11430    i.timer_expired     timer.o
    0x0800ca1c   0x0000000a   Code   RO        11432    i.timer_reset       timer.o
    0x0800ca26   0x0000000c   Code   RO        11433    i.timer_restart     timer.o
    0x0800ca32   0x0000000e   Code   RO        11434    i.timer_set         timer.o
    0x0800ca40   0x00000028   Code   RO         9395    i.transmit_packet_list  csma.o
    0x0800ca68   0x0000002a   Code   RO         9396    i.tx_done           csma.o
    0x0800ca92   0x00000002   PAD
    0x0800ca94   0x00000018   Code   RO        11717    i.uart_send_char    console.o
    0x0800caac   0x00000042   Code   RO         7796    i.udp_broadcast_new  tcpip.o
    0x0800caee   0x00000002   PAD
    0x0800caf0   0x00000020   Code   RO         7797    i.udp_new           tcpip.o
    0x0800cb10   0x0000005c   Code   RO         8605    i.uip_add32         uip6.o
    0x0800cb6c   0x0000002c   Code   RO         8606    i.uip_add_rcv_nxt   uip6.o
    0x0800cb98   0x000000c0   Code   RO         8141    i.uip_debug_ipaddr_print  uip-debug.o
    0x0800cc58   0x00000090   Code   RO         8767    i.uip_ds6_addr_add  uip-ds6.o
    0x0800cce8   0x0000002c   Code   RO         8768    i.uip_ds6_addr_lookup  uip-ds6.o
    0x0800cd14   0x00000048   Code   RO         8769    i.uip_ds6_addr_rm   uip-ds6.o
    0x0800cd5c   0x00000034   Code   RO         8770    i.uip_ds6_compute_reachable_time  uip-ds6.o
    0x0800cd90   0x00000058   Code   RO         9089    i.uip_ds6_defrt_add  uip-ds6-route.o
    0x0800cde8   0x00000034   Code   RO         9090    i.uip_ds6_defrt_choose  uip-ds6-route.o
    0x0800ce1c   0x0000002c   Code   RO         9092    i.uip_ds6_defrt_lookup  uip-ds6-route.o
    0x0800ce48   0x00000034   Code   RO         9093    i.uip_ds6_defrt_periodic  uip-ds6-route.o
    0x0800ce7c   0x00000040   Code   RO         9094    i.uip_ds6_defrt_rm  uip-ds6-route.o
    0x0800cebc   0x00000040   Code   RO         8772    i.uip_ds6_get_link_local  uip-ds6.o
    0x0800cefc   0x000000d0   Code   RO         8773    i.uip_ds6_init      uip-ds6.o
    0x0800cfcc   0x0000003c   Code   RO         8774    i.uip_ds6_is_addr_onlink  uip-ds6.o
    0x0800d008   0x00000038   Code   RO         8917    i.uip_ds6_link_neighbor_callback  uip-ds6-nbr.o
    0x0800d040   0x00000048   Code   RO         8775    i.uip_ds6_list_loop  uip-ds6.o
    0x0800d088   0x00000040   Code   RO         8776    i.uip_ds6_maddr_add  uip-ds6.o
    0x0800d0c8   0x0000002c   Code   RO         8777    i.uip_ds6_maddr_lookup  uip-ds6.o
    0x0800d0f4   0x0000000a   Code   RO         8778    i.uip_ds6_maddr_rm  uip-ds6.o
    0x0800d0fe   0x00000002   PAD
    0x0800d100   0x00000034   Code   RO         8918    i.uip_ds6_nbr_add   uip-ds6-nbr.o
    0x0800d134   0x00000010   Code   RO         8920    i.uip_ds6_nbr_get_ll  uip-ds6-nbr.o
    0x0800d144   0x00000004   Code   RO         8921    i.uip_ds6_nbr_ipaddr_from_lladdr  uip-ds6-nbr.o
    0x0800d148   0x00000010   Code   RO         8922    i.uip_ds6_nbr_ll_lookup  uip-ds6-nbr.o
    0x0800d158   0x00000014   Code   RO         8923    i.uip_ds6_nbr_lladdr_from_ipaddr  uip-ds6-nbr.o
    0x0800d16c   0x00000038   Code   RO         8924    i.uip_ds6_nbr_lookup  uip-ds6-nbr.o
    0x0800d1a4   0x00000020   Code   RO         8926    i.uip_ds6_nbr_rm    uip-ds6-nbr.o
    0x0800d1c4   0x0000001c   Code   RO         8927    i.uip_ds6_neighbors_init  uip-ds6-nbr.o
    0x0800d1e0   0x00000048   Code   RO         8779    i.uip_ds6_periodic  uip-ds6.o
    0x0800d228   0x00000058   Code   RO         8780    i.uip_ds6_prefix_add  uip-ds6.o
    0x0800d280   0x000000e0   Code   RO         9097    i.uip_ds6_route_add  uip-ds6-route.o
    0x0800d360   0x0000000c   Code   RO         9098    i.uip_ds6_route_head  uip-ds6-route.o
    0x0800d36c   0x0000003c   Code   RO         9099    i.uip_ds6_route_init  uip-ds6-route.o
    0x0800d3a8   0x00000024   Code   RO         9100    i.uip_ds6_route_is_nexthop  uip-ds6-route.o
    0x0800d3cc   0x00000064   Code   RO         9101    i.uip_ds6_route_lookup  uip-ds6-route.o
    0x0800d430   0x0000000a   Code   RO         9102    i.uip_ds6_route_next  uip-ds6-route.o
    0x0800d43a   0x00000002   PAD
    0x0800d43c   0x00000020   Code   RO         9103    i.uip_ds6_route_nexthop  uip-ds6-route.o
    0x0800d45c   0x00000094   Code   RO         9105    i.uip_ds6_route_rm  uip-ds6-route.o
    0x0800d4f0   0x0000009c   Code   RO         8783    i.uip_ds6_select_src  uip-ds6.o
    0x0800d58c   0x00000012   Code   RO         8784    i.uip_ds6_set_addr_iid  uip-ds6.o
    0x0800d59e   0x00000004   Code   RO         8609    i.uip_htonl         uip6.o
    0x0800d5a2   0x00000002   PAD
    0x0800d5a4   0x0000011c   Code   RO         9238    i.uip_icmp6_error_output  uip-icmp6.o
    0x0800d6c0   0x00000018   Code   RO         9239    i.uip_icmp6_init    uip-icmp6.o
    0x0800d6d8   0x00000040   Code   RO         9240    i.uip_icmp6_input   uip-icmp6.o
    0x0800d718   0x00000010   Code   RO         9241    i.uip_icmp6_register_input_handler  uip-icmp6.o
    0x0800d728   0x00000080   Code   RO         9242    i.uip_icmp6_send    uip-icmp6.o
    0x0800d7a8   0x00000006   Code   RO         8611    i.uip_icmp6chksum   uip6.o
    0x0800d7ae   0x00000002   PAD
    0x0800d7b0   0x0000005c   Code   RO         8612    i.uip_init          uip6.o
    0x0800d80c   0x0000000c   Code   RO         9309    i.uip_nd6_init      uip-nd6.o
    0x0800d818   0x00000bbc   Code   RO         8614    i.uip_process       uip6.o
    0x0800e3d4   0x00000006   Code   RO         8616    i.uip_tcpchksum     uip6.o
    0x0800e3da   0x00000002   PAD
    0x0800e3dc   0x0000009c   Code   RO         8617    i.uip_udp_new       uip6.o
    0x0800e478   0x00000038   Code   RO         8294    i.uip_udp_packet_send  uip-udp-packet.o
    0x0800e4b0   0x0000003e   Code   RO         8295    i.uip_udp_packet_sendto  uip-udp-packet.o
    0x0800e4ee   0x00000006   Code   RO         8618    i.uip_udpchksum     uip6.o
    0x0800e4f4   0x00000020   Code   RO         8619    i.uip_unlisten      uip6.o
    0x0800e514   0x00000074   Code   RO         8333    i.uncompress_addr   sicslowpan.o
    0x0800e588   0x000002dc   Code   RO         8334    i.uncompress_hdr_iphc  sicslowpan.o
    0x0800e864   0x000000d4   Code   RO        10509    i.update_hbh_header  rpl-ext-header.o
    0x0800e938   0x00000006   Code   RO        10661    i.update_metric_container  rpl-mrhof.o
    0x0800e93e   0x00000002   PAD
    0x0800e940   0x000000d4   Code   RO        10925    i.update_nbr        rpl-nbr-policy.o
    0x0800ea14   0x00000038   Code   RO        11166    i.update_time       etimer.o
    0x0800ea4c   0x00000050   Code   RO         8620    i.upper_layer_chksum  uip6.o
    0x0800ea9c   0x00000006   Code   RO        11471    i.value             button-sensor.o
    0x0800eaa2   0x00000002   PAD
    0x0800eaa4   0x00000040   Code   RO        11565    i.value             radio-sensor.o
    0x0800eae4   0x00000002   Code   RO        12072    i.watchdog_init     watchdog.o
    0x0800eae6   0x00000002   Code   RO        12073    i.watchdog_periodic  watchdog.o
    0x0800eae8   0x00000002   Code   RO        12075    i.watchdog_start    watchdog.o
    0x0800eaea   0x00000008   Data   RO          643    .constdata          spirit_management.o
    0x0800eaf2   0x00000002   PAD
    0x0800eaf4   0x00000154   Data   RO         1532    .constdata          spirit_radio.o
    0x0800ec48   0x00000006   Data   RO         2209    .constdata          stm32l1xx_nucleo.o
    0x0800ec4e   0x00000002   PAD
    0x0800ec50   0x00000048   Data   RO         2528    .constdata          radio_gpio.o
    0x0800ec98   0x00000002   Data   RO         2698    .constdata          radio_shield_config.o
    0x0800ec9a   0x00000019   Data   RO         2836    .constdata          system_stm32l1xx.o
    0x0800ecb3   0x00000008   Data   RO         2837    .constdata          system_stm32l1xx.o
    0x0800ecbb   0x00000001   PAD
    0x0800ecbc   0x00000008   Data   RO         6367    .constdata          unicast-sender.o
    0x0800ecc4   0x00000008   Data   RO         6929    .constdata          linkaddr.o
    0x0800eccc   0x00000012   Data   RO         8336    .constdata          sicslowpan.o
    0x0800ecde   0x00000002   PAD
    0x0800ece0   0x0000000c   Data   RO         8337    .constdata          sicslowpan.o
    0x0800ecec   0x00000010   Data   RO         9356    .constdata          nullsec.o
    0x0800ecfc   0x0000001c   Data   RO         9402    .constdata          csma.o
    0x0800ed18   0x0000000c   Data   RO         9668    .constdata          framer-802154.o
    0x0800ed24   0x00000020   Data   RO         9855    .constdata          nullrdc.o
    0x0800ed44   0x00000004   Data   RO        10135    .constdata          rpl-dag.o
    0x0800ed48   0x00000010   Data   RO        11472    .constdata          button-sensor.o
    0x0800ed58   0x00000010   Data   RO        11566    .constdata          radio-sensor.o
    0x0800ed68   0x00000038   Data   RO        11929    .constdata          spirit1.o
    0x0800eda0   0x00000030   Data   RO        11930    .constdata          spirit1.o
    0x0800edd0   0x0000001f   Data   RO         6368    .conststring        unicast-sender.o
    0x0800edef   0x00000001   PAD
    0x0800edf0   0x0000009d   Data   RO         6504    .conststring        servreg-hack.o
    0x0800ee8d   0x00000003   PAD
    0x0800ee90   0x00000008   Data   RO         6871    .conststring        sensors.o
    0x0800ee98   0x00000013   Data   RO         7747    .conststring        simple-udp.o
    0x0800eeab   0x00000001   PAD
    0x0800eeac   0x0000000d   Data   RO         7799    .conststring        tcpip.o
    0x0800eeb9   0x00000003   PAD
    0x0800eebc   0x0000000b   Data   RO         8338    .conststring        sicslowpan.o
    0x0800eec7   0x00000001   PAD
    0x0800eec8   0x00000008   Data   RO         9357    .conststring        nullsec.o
    0x0800eed0   0x00000005   Data   RO         9403    .conststring        csma.o
    0x0800eed5   0x00000003   PAD
    0x0800eed8   0x00000008   Data   RO         9856    .conststring        nullrdc.o
    0x0800eee0   0x0000000f   Data   RO        11072    .conststring        ctimer.o
    0x0800eeef   0x00000001   PAD
    0x0800eef0   0x0000000c   Data   RO        11167    .conststring        etimer.o
    0x0800eefc   0x00000007   Data   RO        11473    .conststring        button-sensor.o
    0x0800ef03   0x00000001   PAD
    0x0800ef04   0x00000006   Data   RO        11567    .conststring        radio-sensor.o
    0x0800ef0a   0x00000002   PAD
    0x0800ef0c   0x00000014   Data   RO        11931    .conststring        spirit1.o
    0x0800ef20   0x00000020   Data   RO        12616    Region$$Table       anon$$obj.o


    Execution Region RW_IRAM1 (Base: 0x20000000, Size: 0x00003e70, Max: 0x00014000, ABSOLUTE, COMPRESSED[0x00000174])

    Base Addr    Size         Type   Attr      Idx    E Section Name        Object

    0x20000000   0x00000008   Data   RW          644    .data               spirit_management.o
    0x20000008   0x00000008   Data   RW         1533    .data               spirit_radio.o
    0x20000010   0x00000002   Data   RW         2153    .data               spirit_types.o
    0x20000012   0x00000002   PAD
    0x20000014   0x0000000c   Data   RW         2210    .data               stm32l1xx_nucleo.o
    0x20000020   0x00000014   Data   RW         2529    .data               radio_gpio.o
    0x20000034   0x00000004   Data   RW         2699    .data               radio_shield_config.o
    0x20000038   0x00000004   Data   RW         2760    .data               radio_spi.o
    0x2000003c   0x00000004   Data   RW         2838    .data               system_stm32l1xx.o
    0x20000040   0x00000004   Data   RW         2895    .data               stm32l1xx_hal.o
    0x20000044   0x00000004   Data   RW         5962    .data               main.o
    0x20000048   0x00000004   Data   RW         6106    .data               stm32l1xx_hal_msp.o
    0x2000004c   0x00000010   Data   RW         6369    .data               unicast-sender.o
    0x2000005c   0x00000002   Data   RW         6370    .data               unicast-sender.o
    0x2000005e   0x00000002   PAD
    0x20000060   0x00000004   Data   RW         6505    .data               servreg-hack.o
    0x20000064   0x00000030   Data   RW         6506    .data               servreg-hack.o
    0x20000094   0x00000004   Data   RW         6507    .data               servreg-hack.o
    0x20000098   0x00000020   Data   RW         6872    .data               sensors.o
    0x200000b8   0x00000008   Data   RW         6930    .data               linkaddr.o
    0x200000c0   0x00000014   Data   RW         6981    .data               nbr-table.o
    0x200000d4   0x00000004   Data   RW         6982    .data               nbr-table.o
    0x200000d8   0x0000000c   Data   RW         7129    .data               packetbuf.o
    0x200000e4   0x00000018   Data   RW         7253    .data               queuebuf.o
    0x200000fc   0x00000010   Data   RW         7377    .data               link-stats.o
    0x2000010c   0x00000004   Data   RW         7378    .data               link-stats.o
    0x20000110   0x00000014   Data   RW         7748    .data               simple-udp.o
    0x20000124   0x00000018   Data   RW         7800    .data               tcpip.o
    0x2000013c   0x00000020   Data   RW         8339    .data               sicslowpan.o
    0x2000015c   0x00000028   Data   RW         8622    .data               uip6.o
    0x20000184   0x00000008   Data   RW         8623    .data               uip6.o
    0x2000018c   0x00000014   Data   RW         8787    .data               uip-ds6.o
    0x200001a0   0x00000010   Data   RW         8929    .data               uip-ds6-nbr.o
    0x200001b0   0x00000004   Data   RW         8930    .data               uip-ds6-nbr.o
    0x200001b4   0x00000010   Data   RW         9113    .data               uip-ds6-route.o
    0x200001c4   0x00000038   Data   RW         9114    .data               uip-ds6-route.o
    0x200001fc   0x00000004   Data   RW         9115    .data               uip-ds6-route.o
    0x20000200   0x00000004   Data   RW         9116    .data               uip-ds6-route.o
    0x20000204   0x00000004   Data   RW         9117    .data               uip-ds6-route.o
    0x20000208   0x00000002   Data   RW         9118    .data               uip-ds6-route.o
    0x2000020a   0x00000002   PAD
    0x2000020c   0x00000004   Data   RW         9244    .data               uip-icmp6.o
    0x20000210   0x00000020   Data   RW         9245    .data               uip-icmp6.o
    0x20000230   0x00000004   Data   RW         9246    .data               uip-icmp6.o
    0x20000234   0x0000001c   Data   RW         9310    .data               uip-nd6.o
    0x20000250   0x0000002c   Data   RW         9404    .data               csma.o
    0x2000027c   0x00000004   Data   RW         9405    .data               csma.o
    0x20000280   0x00000002   Data   RW         9406    .data               csma.o
    0x20000282   0x00000002   Data   RW         9493    .data               frame802154.o
    0x20000284   0x00000002   Data   RW         9669    .data               framer-802154.o
    0x20000286   0x00000001   Data   RW        10000    .data               rpl.o
    0x20000287   0x00000001   PAD
    0x20000288   0x00000010   Data   RW        10136    .data               rpl-dag.o
    0x20000298   0x00000008   Data   RW        10137    .data               rpl-dag.o
    0x200002a0   0x00000034   Data   RW        10561    .data               rpl-icmp6.o
    0x200002d4   0x00000024   Data   RW        10662    .data               rpl-mrhof.o
    0x200002f8   0x00000004   Data   RW        10824    .data               rpl-timers.o
    0x200002fc   0x00000018   Data   RW        10927    .data               rpl-nbr-policy.o
    0x20000314   0x00000004   Data   RW        11073    .data               ctimer.o
    0x20000318   0x00000018   Data   RW        11074    .data               ctimer.o
    0x20000330   0x00000018   Data   RW        11168    .data               etimer.o
    0x20000348   0x00000010   Data   RW        11267    .data               process.o
    0x20000358   0x00000004   Data   RW        11474    .data               button-sensor.o
    0x2000035c   0x00000004   Data   RW        11568    .data               radio-sensor.o
    0x20000360   0x00000008   Data   RW        11651    .data               clock.o
    0x20000368   0x0000000c   Data   RW        11774    .data               contiki-spirit1-main.o
    0x20000374   0x00000003   Data   RW        11776    .data               contiki-spirit1-main.o
    0x20000377   0x00000001   PAD
    0x20000378   0x0000000a   Data   RW        11850    .data               node-id.o
    0x20000382   0x00000002   PAD
    0x20000384   0x00000004   Data   RW        11874    .data               rtimer-arch.o
    0x20000388   0x00000028   Data   RW        11932    .data               spirit1.o
    0x200003b0   0x00000004   Data   RW        12195    .data               mc_w.l(rand.o)
    0x200003b4   0x00000004   Data   RW        12579    .data               mc_w.l(stdout.o)
    0x200003b8   0x00000058   Zero   RW         2759    .bss                radio_spi.o
    0x20000410   0x00000054   Zero   RW         5960    .bss                main.o
    0x20000464   0x00000044   Zero   RW         5961    .bss                main.o
    0x200004a8   0x00000020   Zero   RW         6028    .bss                cube_hal_l1.o
    0x200004c8   0x00000240   Zero   RW         6105    .bss                stm32l1xx_hal_msp.o
    0x20000708   0x00000034   Zero   RW         6366    .bss                unicast-sender.o
    0x2000073c   0x00000020   Zero   RW         6501    .bss                servreg-hack.o
    0x2000075c   0x00000010   Zero   RW         6502    .bss                servreg-hack.o
    0x2000076c   0x00000200   Zero   RW         6503    .bss                servreg-hack.o
    0x2000096c   0x00000048   Zero   RW         6978    .bss                nbr-table.o
    0x200009b4   0x00000014   Zero   RW         6979    .bss                nbr-table.o
    0x200009c8   0x000000f0   Zero   RW         6980    .bss                nbr-table.o
    0x20000ab8   0x0000002e   Zero   RW         7127    .bss                packetbuf.o
    0x20000ae6   0x00000002   PAD
    0x20000ae8   0x00000080   Zero   RW         7128    .bss                packetbuf.o
    0x20000b68   0x00000010   Zero   RW         7249    .bss                queuebuf.o
    0x20000b78   0x00000040   Zero   RW         7250    .bss                queuebuf.o
    0x20000bb8   0x00000010   Zero   RW         7251    .bss                queuebuf.o
    0x20000bc8   0x00000b00   Zero   RW         7252    .bss                queuebuf.o
    0x200016c8   0x000000f0   Zero   RW         7375    .bss                link-stats.o
    0x200017b8   0x00000020   Zero   RW         7376    .bss                link-stats.o
    0x200017d8   0x00000514   Zero   RW         7746    .bss                simple-udp.o
    0x20001cec   0x00000054   Zero   RW         7798    .bss                tcpip.o
    0x20001d40   0x000006d0   Zero   RW         8335    .bss                sicslowpan.o
    0x20002410   0x00000764   Zero   RW         8621    .bss                uip6.o
    0x20002b74   0x00000178   Zero   RW         8785    .bss                uip-ds6.o
    0x20002cec   0x00000168   Zero   RW         8928    .bss                uip-ds6-nbr.o
    0x20002e54   0x000000a0   Zero   RW         9107    .bss                uip-ds6-route.o
    0x20002ef4   0x0000001e   Zero   RW         9108    .bss                uip-ds6-route.o
    0x20002f12   0x00000002   PAD
    0x20002f14   0x000000f0   Zero   RW         9109    .bss                uip-ds6-route.o
    0x20003004   0x0000001e   Zero   RW         9110    .bss                uip-ds6-route.o
    0x20003022   0x00000002   PAD
    0x20003024   0x000004b0   Zero   RW         9111    .bss                uip-ds6-route.o
    0x200034d4   0x00000040   Zero   RW         9112    .bss                uip-ds6-route.o
    0x20003514   0x00000010   Zero   RW         9243    .bss                uip-icmp6.o
    0x20003524   0x00000070   Zero   RW         9397    .bss                csma.o
    0x20003594   0x00000010   Zero   RW         9398    .bss                csma.o
    0x200035a4   0x000000c0   Zero   RW         9399    .bss                csma.o
    0x20003664   0x00000010   Zero   RW         9400    .bss                csma.o
    0x20003674   0x000000c0   Zero   RW         9401    .bss                csma.o
    0x20003734   0x000000a0   Zero   RW        10133    .bss                rpl-dag.o
    0x200037d4   0x00000154   Zero   RW        10134    .bss                rpl-dag.o
    0x20003928   0x00000020   Zero   RW        10823    .bss                rpl-timers.o
    0x20003948   0x00000020   Zero   RW        10926    .bss                rpl-nbr-policy.o
    0x20003968   0x00000060   Zero   RW        11266    .bss                process.o
    0x200039c8   0x0000000c   Zero   RW        11849    .bss                node-id.o
    0x200039d4   0x00000038   Zero   RW        11873    .bss                rtimer-arch.o
    0x20003a0c   0x00000061   Zero   RW        11928    .bss                spirit1.o
    0x20003a6d   0x00000003   PAD
    0x20003a70   0x00000400   Zero   RW         5948    STACK               startup_stm32l152xe.o


==============================================================================

Image component sizes


      Code (inc. data)   RO Data    RW Data    ZI Data      Debug   Object Name

        26          0          0          0          0       1310   autostart.o
        66         10         23          4          0       4264   button-sensor.o
        84         22          0          8          0       3703   clock.o
        28          4          0          0          0       3228   console.o
      1316        876          0         15          0       3629   contiki-spirit1-main.o
       890         56         33         50        528      12858   csma.o
       388         50         15         28          0       6300   ctimer.o
       538         48          0          0         32       4833   cube_hal_l1.o
         4          0          0          0          0       1097   energest.o
       434         34         12         24          0       9145   etimer.o
       986         12          0          2          0       9164   frame802154.o
       442          4         12          2          0       4144   framer-802154.o
       356         48          0         20        272      30196   link-stats.o
        44          4          8          8          0       3663   linkaddr.o
       142          0          0          0          0       5834   list.o
        26          0          0          0          0        841   mac.o
       228         86          0          4        152       3532   main.o
       164          0          0          0          0       4214   memb.o
      1016         94          0         24        332      17830   nbr-table.o
        56         20          0          0          0        608   netstack.o
        52         14          0         10         12       1907   node-id.o
       248         42         40          0          0       6405   nullrdc.o
        46         10         24          0          0       2685   nullsec.o
       496        106          0         12        174      13617   packetbuf.o
       584         62          0         16         96      11535   process.o
       224         26          0         24       2912       6155   queuebuf.o
       112         18         22          4          0       3359   radio-sensor.o
       216         20         72         20          0      14749   radio_gpio.o
        68         12          2          4          0       1728   radio_shield_config.o
      1328        100          0          4         88       8038   radio_spi.o
        14          0          0          0          0       1196   random.o
      3500         94          4         24        500      47330   rpl-dag.o
       884         62          0          0          0       6352   rpl-ext-header.o
      2476        114          0         52          0      16619   rpl-icmp6.o
       338          0          0         36          0      13747   rpl-mrhof.o
       400         42          0         24         32       5929   rpl-nbr-policy.o
      1006         70          0          4         32      12347   rpl-timers.o
       570         30          0          1          0      18160   rpl.o
       160         14          0          4         56       2470   rtimer-arch.o
         4          0          0          0          0        538   rtimer.o
       248         30          8         32          0       4751   sensors.o
       766         58        157         56        560      27343   servreg-hack.o
      3632        142         41         32       1744      52794   sicslowpan.o
       324         36         19         20       1300       3987   simple-udp.o
       168         10          0          0          0       1619   spirit1-arch.o
      1894        114        124         40         97      16112   spirit1.o
         0          0          0          0          0       6976   spirit_aes.o
       646         22          0          0          0       4275   spirit_calibration.o
        72          4          0          0          0       2985   spirit_commands.o
        88          4          0          0          0       7117   spirit_gpio.o
       480         20          0          0          0       6722   spirit_irq.o
        88          6          0          0          0        708   spirit_linearfifo.o
       692         62          8          8          0      23723   spirit_management.o
       852         20          0          0          0       3831   spirit_pktbasic.o
       260         10          0          0          0       1455   spirit_pktcommon.o
       592         26          0          0          0       3426   spirit_qi.o
      3948        312        340          8          0      21917   spirit_radio.o
       264         10          0          0          0       1432   spirit_timer.o
       104          6          0          2          0       2942   spirit_types.o
        36          8        292          0       1024        956   startup_stm32l152xe.o
        46          0          0          0          0       2130   stimer.o
       158         30          0          4          0       5346   stm32l1xx_hal.o
      1210         56          0          0          0       7907   stm32l1xx_hal_adc.o
       240         14          0          0          0      29251   stm32l1xx_hal_cortex.o
       454         12          0          0          0       4051   stm32l1xx_hal_dma.o
       484         46          0          0          0       4655   stm32l1xx_hal_gpio.o
       664         74          0          4        576       5151   stm32l1xx_hal_msp.o
      2724        110          0          0          0       7844   stm32l1xx_hal_rcc.o
       392         14          0          0          0       1724   stm32l1xx_hal_rcc_ex.o
       686         14          0          0          0       5583   stm32l1xx_hal_rtc.o
        58          0          0          0          0       1417   stm32l1xx_hal_rtc_ex.o
      1218          0          0          0          0       6421   stm32l1xx_hal_spi.o
       132          0          0          0          0       1339   stm32l1xx_hal_spi_ex.o
       878         24          0          0          0      12014   stm32l1xx_hal_tim.o
      1222          6          0          0          0       5562   stm32l1xx_hal_uart.o
       388         62          0          0          0      11751   stm32l1xx_it.o
       256         46          6         12          0     471052   stm32l1xx_nucleo.o
        80         18         33          4          0       1755   system_stm32l1xx.o
       910        112         13         24         84      32190   tcpip.o
        64          0          0          0          0       3214   timer.o
       192         48          0          0          0       1621   uip-debug.o
       280         42          0         20        360      29860   uip-ds6-nbr.o
      1042         72          0         86       1724      17067   uip-ds6-route.o
      1228        116          0         20        376      16716   uip-ds6.o
       844         90          0         40         16       9060   uip-icmp6.o
       548         26          0         28          0       3859   uip-nd6.o
       118         14          0          0          0       2525   uip-udp-packet.o
      3804        108          0         48       1892      29384   uip6.o
       412        132         39         18         52      33056   unicast-sender.o
         6          0          0          0          0       1641   watchdog.o

    ----------------------------------------------------------------------
     55942       4390       1402        944      15032    1285476   Object Totals
         0          0         32          0          0          0   (incl. Generated)
        90          0         23         10          9          0   (incl. Padding)

    ----------------------------------------------------------------------

      Code (inc. data)   RO Data    RW Data    ZI Data      Debug   Library Member Name

       148         12          0          0          0         88   round.o
        86          0          0          0          0          0   __dczerorl2.o
         0          0          0          0          0          0   entry.o
         0          0          0          0          0          0   entry10a.o
         0          0          0          0          0          0   entry11a.o
         8          4          0          0          0          0   entry2.o
         4          0          0          0          0          0   entry5.o
         0          0          0          0          0          0   entry7b.o
         0          0          0          0          0          0   entry8b.o
         8          4          0          0          0          0   entry9a.o
        30          0          0          0          0          0   handlers.o
        36          8          0          0          0         68   init.o
         0          0          0          0          0          0   iusefp.o
        30          0          0          0          0         68   llshl.o
        36          0          0          0          0         68   llsshr.o
        32          0          0          0          0         68   llushr.o
        26          0          0          0          0         80   memcmp.o
        64          0          0          0          0         76   memmovea.o
        36          0          0          0          0        108   memseta.o
      1154         54          0          0          0        352   printf8.o
        36         10          0          4          0        136   rand.o
         0          0          0          4          0          0   stdout.o
        14          0          0          0          0         68   strlen.o
        98          0          0          0          0         92   uldiv.o
        48          0          0          0          0         68   cdcmple.o
        48          0          0          0          0         68   cdrcmple.o
        20          0          0          0          0         68   cfcmple.o
        20          0          0          0          0         68   cfrcmple.o
       334          0          0          0          0        148   dadd.o
       222          0          0          0          0        100   ddiv.o
       186          0          0          0          0        176   depilogue.o
        50          0          0          0          0         76   dfixui.o
        34          0          0          0          0         76   dflti.o
        26          0          0          0          0         76   dfltui.o
       228          0          0          0          0         96   dmul.o
       136          4          0          0          0         92   drnd.o
        46          0          0          0          0         80   dscalb.o
       176          0          0          0          0        140   fadd.o
       124          0          0          0          0         88   fdiv.o
       110          0          0          0          0        168   fepilogue.o
        50          0          0          0          0         68   ffixi.o
        40          0          0          0          0         68   ffixui.o
        18          0          0          0          0         68   fflti.o
        10          0          0          0          0         68   ffltui.o
       100          0          0          0          0         76   fmul.o
        24          0          0          0          0         68   fscalb.o

    ----------------------------------------------------------------------
      3904         96          0          8          0       3276   Library Totals
         8          0          0          0          0          0   (incl. Padding)

    ----------------------------------------------------------------------

      Code (inc. data)   RO Data    RW Data    ZI Data      Debug   Library Name

       148         12          0          0          0         88   m_ws.l
      1698         80          0          8          0       1184   mc_w.l
      2050          4          0          0          0       2004   mf_w.l

    ----------------------------------------------------------------------
      3904         96          0          8          0       3276   Library Totals

    ----------------------------------------------------------------------

==============================================================================


      Code (inc. data)   RO Data    RW Data    ZI Data      Debug   

     59846       4486       1402        952      15032    1257420   Grand Totals
     59846       4486       1402        372      15032    1257420   ELF Image Totals (compressed)
     59846       4486       1402        372          0          0   ROM Totals

==============================================================================

    Total RO  Size (Code + RO Data)                61248 (  59.81kB)
    Total RW  Size (RW Data + ZI Data)             15984 (  15.61kB)
    Total ROM Size (Code + RO Data + RW Data)      61620 (  60.18kB)

==============================================================================

