<html>
<body>
<pre>
<h1>µVision Build Log</h1>
<h2>Tool Versions:</h2>
IDE-Version: £gVision V5.18.0.0
Copyright (C) 2016 ARM Ltd and ARM Germany GmbH. All rights reserved.
License Information: Keil Keil, Keil, LIC=Y2B45-GCVFF-C2EL6-DC2V6-1CVLI-QEJ5B
 
Tool Versions:
Toolchain:       MDK-ARM Professional  Version: 5.18
Toolchain Path:  C:\Keil_v5\ARM\ARMCC\Bin
C Compiler:      Armcc.exe V5.06 update 1 (build 61)
Assembler:       Armasm.exe V5.06 update 1 (build 61)
Linker/Locator:  ArmLink.exe V5.06 update 1 (build 61)
Library Manager: ArmAr.exe V5.06 update 1 (build 61)
Hex Converter:   FromElf.exe V5.06 update 1 (build 61)
CPU DLL:         SARMCM3.DLL V5.18
Dialog DLL:      DCM.DLL V1.13.6.0
Target DLL:      STLink\ST-LINKIII-KEIL_SWO.dll V2.0.18.0
Dialog DLL:      TCM.DLL V1.14.8.0
 
<h2>Project:</h2>
D:\cd\stm32l1re\Projects\Multi\Applications\Contiki\Udp-sender\MDK-ARM\STM32L152RE-Nucleo\Project.uvprojx
Project File Date:  07/27/2018

<h2>Output:</h2>
*** Using Compiler 'V5.06 update 1 (build 61)', folder: 'C:\Keil_v5\ARM\ARMCC\Bin'
Rebuild target 'STM32L152RE_Nucleo'
compiling SPIRIT_Aes.c...
compiling SPIRIT_Commands.c...
compiling SPIRIT_Calibration.c...
compiling SPIRIT_Csma.c...
compiling SPIRIT_DirectRF.c...
compiling SPIRIT_General.c...
compiling SPIRIT_Gpio.c...
compiling SPIRIT_Irq.c...
compiling SPIRIT_LinearFifo.c...
compiling SPIRIT_Management.c...
compiling SPIRIT_PktBasic.c...
compiling SPIRIT_PktCommon.c...
compiling SPIRIT_PktMbus.c...
compiling SPIRIT_PktStack.c...
compiling SPIRIT_Qi.c...
compiling SPIRIT_Timer.c...
compiling SPIRIT_Types.c...
compiling SPIRIT_Radio.c...
compiling stm32l1xx_nucleo.c...
compiling radio_gpio.c...
compiling radio_shield_config.c...
compiling system_stm32l1xx.c...
compiling stm32l1xx_hal.c...
compiling radio_spi.c...
compiling stm32l1xx_hal_adc_ex.c...
compiling stm32l1xx_hal_adc.c...
compiling stm32l1xx_hal_cortex.c...
compiling stm32l1xx_hal_flash.c...
compiling stm32l1xx_hal_dma.c...
compiling stm32l1xx_hal_flash_ex.c...
compiling stm32l1xx_hal_pwr.c...
compiling stm32l1xx_hal_gpio.c...
compiling stm32l1xx_hal_pwr_ex.c...
compiling stm32l1xx_hal_rcc_ex.c...
compiling stm32l1xx_hal_spi.c...
compiling stm32l1xx_hal_rcc.c...
compiling stm32l1xx_hal_spi_ex.c...
compiling stm32l1xx_hal_tim_ex.c...
compiling stm32l1xx_hal_tim.c...
compiling stm32l1xx_hal_rtc.c...
compiling stm32l1xx_hal_usart.c...
assembling startup_stm32l152xe.s...
compiling stm32l1xx_hal_uart.c...
..\..\..\..\..\..\..\Drivers\STM32L1xx_HAL_Driver\Src\stm32l1xx_hal_uart.c(1650): warning:  #177-D: function "UART_DMARxHalfCplt" was declared but never referenced
  static void UART_DMARxHalfCplt(DMA_HandleTypeDef *hdma)
..\..\..\..\..\..\..\Drivers\STM32L1xx_HAL_Driver\Src\stm32l1xx_hal_uart.c: 1 warning, 0 errors
compiling stm32l1xx_hal_rtc_ex.c...
compiling main.c...
compiling cube_hal_l1.c...
compiling stm32l1xx_hal_msp.c...
compiling stm32l1xx_it.c...
compiling unicast-sender.c...
compiling list.c...
compiling memb.c...
..\..\..\..\..\..\..\Middlewares\Third_Party\Contiki\core\lib\memb.c(100): warning:  #68-D: integer conversion resulted in a change of sign
    return -1;
..\..\..\..\..\..\..\Middlewares\Third_Party\Contiki\core\lib\memb.c: 1 warning, 0 errors
compiling servreg-hack.c...
compiling random.c...
compiling linkaddr.c...
compiling nbr-table.c...
..\..\..\..\..\..\..\Middlewares\Third_Party\Contiki\core\net\nbr-table.c(159): warning:  #111-D: statement is unreachable
    return 0;
..\..\..\..\..\..\..\Middlewares\Third_Party\Contiki\core\net\nbr-table.c(178): warning:  #111-D: statement is unreachable
    return 0;
..\..\..\..\..\..\..\Middlewares\Third_Party\Contiki\core\net\nbr-table.c: 2 warnings, 0 errors
compiling netstack.c...
compiling packetbuf.c...
compiling queuebuf.c...
compiling link-stats.c...
compiling net-debug.c...
compiling ip64-addr.c...
compiling psock.c...
compiling resolv.c...
compiling sensors.c...
compiling simple-udp.c...
compiling tcp-socket.c...
compiling tcpip.c...
compiling uip-debug.c...
compiling uiplib.c...
compiling udp-socket.c...
compiling uip-split.c...
compiling uip-packetqueue.c...
compiling uip-nameserver.c...
compiling uip-udp-packet.c...
compiling sicslowpan.c...
..\..\..\..\..\..\..\Middlewares\Third_Party\Contiki\core\net\ipv6\sicslowpan.c(1327): warning:  #186-D: pointless comparison of unsigned integer with zero
    if(uip_len >= 
OMPRESSION_THRESHOLD) {
..\..\..\..\..\..\..\Middlewares\Third_Party\Contiki\core\net\ipv6\sicslowpan.c: 1 warning, 0 errors
compiling uip-ds6.c...
compiling uip6.c...
compiling uip-ds6-nbr.c...
compiling uip-ds6-route.c...
compiling uip-icmp6.c...
compiling uip-nd6.c...
compiling anti-replay.c...
compiling nullsec.c...
compiling ccm-star-packetbuf.c...
compiling csma.c...
compiling framer-802154.c...
compiling frame802154.c...
compiling frame802154e-ie.c...
compiling framer-nullmac.c...
compiling mac.c...
compiling mac-sequence.c...
compiling nordc.c...
compiling nullmac.c...
compiling nullrdc.c...
compiling nullrdc-noframer.c...
compiling phase.c...
compiling rpl.c...
compiling rpl-dag.c...
compiling rpl-ext-header.c...
compiling rpl-dag-root.c...
compiling rpl-icmp6.c...
..\..\..\..\..\..\..\Middlewares\Third_Party\Contiki\core\net\rpl\rpl-icmp6.c(650): warning:  #550-D: variable "nbr" was set but never used
    uip_ds6_nbr_t *nbr;
..\..\..\..\..\..\..\Middlewares\Third_Party\Contiki\core\net\rpl\rpl-icmp6.c: 1 warning, 0 errors
compiling rpl-mrhof.c...
compiling rpl-of0.c...
compiling rpl-nbr-policy.c...
compiling rpl-timers.c...
compiling rpl-ns.c...
compiling autostart.c...
compiling arg.c...
compiling energest.c...
compiling compower.c...
compiling ctimer.c...
compiling procinit.c...
compiling process.c...
compiling etimer.c...
compiling timer.c...
compiling rtimer.c...
compiling stimer.c...
compiling button-sensor.c...
compiling leds-arch.c...
compiling radio-sensor.c...
compiling console.c...
compiling clock.c...
compiling node-id.c...
compiling contiki-spirit1-main.c...
compiling rtimer-arch.c...
compiling watchdog.c...
compiling spirit1.c...
compiling leds.c...
compiling spirit1-arch.c...
linking...
Program Size: Code=60738 RO-data=1402 RW-data=956 ZI-data=15108  
FromELF: creating hex file...
After Build - User command #1: C:\Keil_v5\\ARM\ARMCC\bin\fromelf.exe --bin --output=udp-sender_l152.bin .\STM32L152RE_Nucleo\udp-sender_l152.axf
".\STM32L152RE_Nucleo\udp-sender_l152.axf" - 0 Error(s), 6 Warning(s).

<h2>Software Packages used:</h2>

Package Vendor: ARM
                http://www.keil.com/pack/ARM.CMSIS.5.0.1.pack
                ARM::CMSIS:CORE:5.0.1
                CMSIS (Cortex Microcontroller Software Interface Standard)
   * Component: CORE Version: 5.0.1

<h2>Collection of Component include folders:</h2>
  D:\cd\stm32l1re\Projects\Multi\Applications\Contiki\Udp-sender\MDK-ARM\STM32L152RE-Nucleo\RTE
  C:\Keil_v5\ARM\PACK\ARM\CMSIS\5.0.1\CMSIS\Include
  C:\Keil_v5\ARM\PACK\Keil\STM32L1xx_DFP\1.2.0\Device\Include

<h2>Collection of Component Files used:</h2>

   * Component: ARM::CMSIS:CORE:5.0.1
Build Time Elapsed:  00:01:05
</pre>
</body>
</html>
